Archive member included to satisfy reference by file (symbol)

c:/users/igorn/appdata/roaming/code/user/globalstorage/bmd.stm32-for-vscode/@xpack-dev-tools/arm-none-eabi-gcc/12.3.1-1.1.1/.content/bin/../lib/gcc/arm-none-eabi/12.3.1/../../../../arm-none-eabi/lib/thumb/v7e-m+fp/hard\libc_nano.a(libc_a-atexit.o)
                              c:/users/igorn/appdata/roaming/code/user/globalstorage/bmd.stm32-for-vscode/@xpack-dev-tools/arm-none-eabi-gcc/12.3.1-1.1.1/.content/bin/../lib/gcc/arm-none-eabi/12.3.1/../../../../arm-none-eabi/lib/thumb/v7e-m+fp/hard/crt0.o (atexit)
c:/users/igorn/appdata/roaming/code/user/globalstorage/bmd.stm32-for-vscode/@xpack-dev-tools/arm-none-eabi-gcc/12.3.1-1.1.1/.content/bin/../lib/gcc/arm-none-eabi/12.3.1/../../../../arm-none-eabi/lib/thumb/v7e-m+fp/hard\libc_nano.a(libc_a-exit.o)
                              c:/users/igorn/appdata/roaming/code/user/globalstorage/bmd.stm32-for-vscode/@xpack-dev-tools/arm-none-eabi-gcc/12.3.1-1.1.1/.content/bin/../lib/gcc/arm-none-eabi/12.3.1/../../../../arm-none-eabi/lib/thumb/v7e-m+fp/hard/crt0.o (exit)
c:/users/igorn/appdata/roaming/code/user/globalstorage/bmd.stm32-for-vscode/@xpack-dev-tools/arm-none-eabi-gcc/12.3.1-1.1.1/.content/bin/../lib/gcc/arm-none-eabi/12.3.1/../../../../arm-none-eabi/lib/thumb/v7e-m+fp/hard\libc_nano.a(libc_a-findfp.o)
                              c:/users/igorn/appdata/roaming/code/user/globalstorage/bmd.stm32-for-vscode/@xpack-dev-tools/arm-none-eabi-gcc/12.3.1-1.1.1/.content/bin/../lib/gcc/arm-none-eabi/12.3.1/../../../../arm-none-eabi/lib/thumb/v7e-m+fp/hard\libc_nano.a(libc_a-exit.o) (__stdio_exit_handler)
c:/users/igorn/appdata/roaming/code/user/globalstorage/bmd.stm32-for-vscode/@xpack-dev-tools/arm-none-eabi-gcc/12.3.1-1.1.1/.content/bin/../lib/gcc/arm-none-eabi/12.3.1/../../../../arm-none-eabi/lib/thumb/v7e-m+fp/hard\libc_nano.a(libc_a-fwalk.o)
                              c:/users/igorn/appdata/roaming/code/user/globalstorage/bmd.stm32-for-vscode/@xpack-dev-tools/arm-none-eabi-gcc/12.3.1-1.1.1/.content/bin/../lib/gcc/arm-none-eabi/12.3.1/../../../../arm-none-eabi/lib/thumb/v7e-m+fp/hard\libc_nano.a(libc_a-findfp.o) (_fwalk_sglue)
c:/users/igorn/appdata/roaming/code/user/globalstorage/bmd.stm32-for-vscode/@xpack-dev-tools/arm-none-eabi-gcc/12.3.1-1.1.1/.content/bin/../lib/gcc/arm-none-eabi/12.3.1/../../../../arm-none-eabi/lib/thumb/v7e-m+fp/hard\libc_nano.a(libc_a-stdio.o)
                              c:/users/igorn/appdata/roaming/code/user/globalstorage/bmd.stm32-for-vscode/@xpack-dev-tools/arm-none-eabi-gcc/12.3.1-1.1.1/.content/bin/../lib/gcc/arm-none-eabi/12.3.1/../../../../arm-none-eabi/lib/thumb/v7e-m+fp/hard\libc_nano.a(libc_a-findfp.o) (__sread)
c:/users/igorn/appdata/roaming/code/user/globalstorage/bmd.stm32-for-vscode/@xpack-dev-tools/arm-none-eabi-gcc/12.3.1-1.1.1/.content/bin/../lib/gcc/arm-none-eabi/12.3.1/../../../../arm-none-eabi/lib/thumb/v7e-m+fp/hard\libc_nano.a(libc_a-memset.o)
                              c:/users/igorn/appdata/roaming/code/user/globalstorage/bmd.stm32-for-vscode/@xpack-dev-tools/arm-none-eabi-gcc/12.3.1-1.1.1/.content/bin/../lib/gcc/arm-none-eabi/12.3.1/../../../../arm-none-eabi/lib/thumb/v7e-m+fp/hard/crt0.o (memset)
c:/users/igorn/appdata/roaming/code/user/globalstorage/bmd.stm32-for-vscode/@xpack-dev-tools/arm-none-eabi-gcc/12.3.1-1.1.1/.content/bin/../lib/gcc/arm-none-eabi/12.3.1/../../../../arm-none-eabi/lib/thumb/v7e-m+fp/hard\libc_nano.a(libc_a-locale.o)
                              build/WS2812B.o (setlocale)
c:/users/igorn/appdata/roaming/code/user/globalstorage/bmd.stm32-for-vscode/@xpack-dev-tools/arm-none-eabi-gcc/12.3.1-1.1.1/.content/bin/../lib/gcc/arm-none-eabi/12.3.1/../../../../arm-none-eabi/lib/thumb/v7e-m+fp/hard\libc_nano.a(libc_a-closer.o)
                              c:/users/igorn/appdata/roaming/code/user/globalstorage/bmd.stm32-for-vscode/@xpack-dev-tools/arm-none-eabi-gcc/12.3.1-1.1.1/.content/bin/../lib/gcc/arm-none-eabi/12.3.1/../../../../arm-none-eabi/lib/thumb/v7e-m+fp/hard\libc_nano.a(libc_a-stdio.o) (_close_r)
c:/users/igorn/appdata/roaming/code/user/globalstorage/bmd.stm32-for-vscode/@xpack-dev-tools/arm-none-eabi-gcc/12.3.1-1.1.1/.content/bin/../lib/gcc/arm-none-eabi/12.3.1/../../../../arm-none-eabi/lib/thumb/v7e-m+fp/hard\libc_nano.a(libc_a-reent.o)
                              c:/users/igorn/appdata/roaming/code/user/globalstorage/bmd.stm32-for-vscode/@xpack-dev-tools/arm-none-eabi-gcc/12.3.1-1.1.1/.content/bin/../lib/gcc/arm-none-eabi/12.3.1/../../../../arm-none-eabi/lib/thumb/v7e-m+fp/hard\libc_nano.a(libc_a-closer.o) (errno)
c:/users/igorn/appdata/roaming/code/user/globalstorage/bmd.stm32-for-vscode/@xpack-dev-tools/arm-none-eabi-gcc/12.3.1-1.1.1/.content/bin/../lib/gcc/arm-none-eabi/12.3.1/../../../../arm-none-eabi/lib/thumb/v7e-m+fp/hard\libc_nano.a(libc_a-impure.o)
[...]
Memory Configuration

Name             Origin             Length             Attributes
RAM              0x20000000         0x00020000         xrw
CCMRAM           0x10000000         0x00010000         xrw
FLASH            0x08000000         0x00100000         xr
*default*        0x00000000         0xffffffff

Linker script and memory map

LOAD c:/users/igorn/appdata/roaming/code/user/globalstorage/bmd.stm32-for-vscode/@xpack-dev-tools/arm-none-eabi-gcc/12.3.1-1.1.1/.content/bin/../lib/gcc/arm-none-eabi/12.3.1/thumb/v7e-m+fp/hard/crti.o
LOAD c:/users/igorn/appdata/roaming/code/user/globalstorage/bmd.stm32-for-vscode/@xpack-dev-tools/arm-none-eabi-gcc/12.3.1-1.1.1/.content/bin/../lib/gcc/arm-none-eabi/12.3.1/thumb/v7e-m+fp/hard/crtbegin.o
LOAD c:/users/igorn/appdata/roaming/code/user/globalstorage/bmd.stm32-for-vscode/@xpack-dev-tools/arm-none-eabi-gcc/12.3.1-1.1.1/.content/bin/../lib/gcc/arm-none-eabi/12.3.1/../../../../arm-none-eabi/lib/thumb/v7e-m+fp/hard/crt0.o
LOAD build/NOS_WS2812B_TetrisGame.o
LOAD build/NOS_BaseColors.o
LOAD build/NOS_GPIO.o
LOAD build/NOS_Math.o
LOAD build/NOS_Memory.o
LOAD build/NOS_ModBus.o
LOAD build/NOS_Time.o
LOAD build/NOS_WS2812B_Strip.o
LOAD build/WS2812B.o
LOAD build/WS2812B_Core.o
LOAD build/WS2812B_Effects.o
LOAD build/main.o
LOAD build/stm32f4xx_hal_msp.o
LOAD build/stm32f4xx_it.o
LOAD build/system_stm32f4xx.o
LOAD build/stm32f4xx_hal.o
LOAD build/stm32f4xx_hal_cortex.o
LOAD build/stm32f4xx_hal_dma.o
LOAD build/stm32f4xx_hal_dma_ex.o
LOAD build/stm32f4xx_hal_exti.o
LOAD build/stm32f4xx_hal_flash.o
LOAD build/stm32f4xx_hal_flash_ex.o
LOAD build/stm32f4xx_hal_flash_ramfunc.o
LOAD build/stm32f4xx_hal_gpio.o
LOAD build/stm32f4xx_hal_pwr.o
LOAD build/stm32f4xx_hal_pwr_ex.o
LOAD build/stm32f4xx_hal_rcc.o
LOAD build/stm32f4xx_hal_rcc_ex.o
LOAD build/stm32f4xx_hal_tim.o
LOAD build/stm32f4xx_hal_tim_ex.o
LOAD build/stm32f4xx_hal_uart.o
LOAD build/startup_stm32f407xx.o
LOAD c:/users/igorn/appdata/roaming/code/user/globalstorage/bmd.stm32-for-vscode/@xpack-dev-tools/arm-none-eabi-gcc/12.3.1-1.1.1/.content/bin/../lib/gcc/arm-none-eabi/12.3.1/../../../../arm-none-eabi/lib/thumb/v7e-m+fp/hard\libc_nano.a
LOAD c:/users/igorn/appdata/roaming/code/user/globalstorage/bmd.stm32-for-vscode/@xpack-dev-tools/arm-none-eabi-gcc/12.3.1-1.1.1/.content/bin/../lib/gcc/arm-none-eabi/12.3.1/../../../../arm-none-eabi/lib/thumb/v7e-m+fp/hard\libm.a
LOAD c:/users/igorn/appdata/roaming/code/user/globalstorage/bmd.stm32-for-vscode/@xpack-dev-tools/arm-none-eabi-gcc/12.3.1-1.1.1/.content/bin/../lib/gcc/arm-none-eabi/12.3.1/../../../../arm-none-eabi/lib/thumb/v7e-m+fp/hard\libnosys.a
START GROUP
LOAD c:/users/igorn/appdata/roaming/code/user/globalstorage/bmd.stm32-for-vscode/@xpack-dev-tools/arm-none-eabi-gcc/12.3.1-1.1.1/.content/bin/../lib/gcc/arm-none-eabi/12.3.1/thumb/v7e-m+fp/hard\libgcc.a
LOAD c:/users/igorn/appdata/roaming/code/user/globalstorage/bmd.stm32-for-vscode/@xpack-dev-tools/arm-none-eabi-gcc/12.3.1-1.1.1/.content/bin/../lib/gcc/arm-none-eabi/12.3.1/../../../../arm-none-eabi/lib/thumb/v7e-m+fp/hard\libc_nano.a
END GROUP
START GROUP
LOAD c:/users/igorn/appdata/roaming/code/user/globalstorage/bmd.stm32-for-vscode/@xpack-dev-tools/arm-none-eabi-gcc/12.3.1-1.1.1/.content/bin/../lib/gcc/arm-none-eabi/12.3.1/thumb/v7e-m+fp/hard\libgcc.a
LOAD c:/users/igorn/appdata/roaming/code/user/globalstorage/bmd.stm32-for-vscode/@xpack-dev-tools/arm-none-eabi-gcc/12.3.1-1.1.1/.content/bin/../lib/gcc/arm-none-eabi/12.3.1/../../../../arm-none-eabi/lib/thumb/v7e-m+fp/hard\libc_nano.a
END GROUP
LOAD c:/users/igorn/appdata/roaming/code/user/globalstorage/bmd.stm32-for-vscode/@xpack-dev-tools/arm-none-eabi-gcc/12.3.1-1.1.1/.content/bin/../lib/gcc/arm-none-eabi/12.3.1/thumb/v7e-m+fp/hard/crtend.o
LOAD c:/users/igorn/appdata/roaming/code/user/globalstorage/bmd.stm32-for-vscode/@xpack-dev-tools/arm-none-eabi-gcc/12.3.1-1.1.1/.content/bin/../lib/gcc/arm-none-eabi/12.3.1/thumb/v7e-m+fp/hard/crtn.o
                0x20020000                        _estack = (ORIGIN (RAM) + LENGTH (RAM))
                0x00000200                        _Min_Heap_Size = 0x200
                0x00000400                        _Min_Stack_Size = 0x400

.isr_vector     0x08000000      0x188
                0x08000000                        . = ALIGN (0x4)
 *(.isr_vector)
 .isr_vector    0x08000000      0x188 build/startup_stm32f407xx.o
                0x08000000                g_pfnVectors
                0x08000188                        . = ALIGN (0x4)

.text           0x08000188     0x3288
                0x08000188                        . = ALIGN (0x4)
 *(.text)
 .text          0x08000188       0x30 c:/users/igorn/appdata/roaming/code/user/globalstorage/bmd.stm32-for-vscode/@xpack-dev-tools/arm-none-eabi-gcc/12.3.1-1.1.1/.content/bin/../lib/gcc/arm-none-eabi/12.3.1/thumb/v7e-m+fp/hard\libgcc.a(_aeabi_uldivmod.o)
                0x08000188                __aeabi_uldivmod
 .text          0x080001b8        0x4 c:/users/igorn/appdata/roaming/code/user/globalstorage/bmd.stm32-for-vscode/@xpack-dev-tools/arm-none-eabi-gcc/12.3.1-1.1.1/.content/bin/../lib/gcc/arm-none-eabi/12.3.1/thumb/v7e-m+fp/hard\libgcc.a(_dvmd_tls.o)
                0x080001b8                __aeabi_idiv0
                0x080001b8                __aeabi_ldiv0
 *(.text*)
 .text.__do_global_dtors_aux
                0x080001bc       0x24 c:/users/igorn/appdata/roaming/code/user/globalstorage/bmd.stm32-for-vscode/@xpack-dev-tools/arm-none-eabi-gcc/12.3.1-1.1.1/.content/bin/../lib/gcc/arm-none-eabi/12.3.1/thumb/v7e-m+fp/hard/crtbegin.o
 .text.frame_dummy
                0x080001e0       0x1c c:/users/igorn/appdata/roaming/code/user/globalstorage/bmd.stm32-for-vscode/@xpack-dev-tools/arm-none-eabi-gcc/12.3.1-1.1.1/.content/bin/../lib/gcc/arm-none-eabi/12.3.1/thumb/v7e-m+fp/hard/crtbegin.o
 .text.NOS_GPIO_PinInit
                0x080001fc       0x32 build/NOS_GPIO.o
                0x080001fc                NOS_GPIO_PinInit
 .text.NOS_Math_GetSinValue
                0x0800022e        0x4 build/NOS_Math.o
                0x0800022e                NOS_Math_GetSinValue
 .text.NOS_Math_SinValue_Handler
                0x08000232       0x3c build/NOS_Math.o
                0x08000232                NOS_Math_SinValue_Handler
 .text.NOS_Math_SinValue_Init
                0x0800026e       0x12 build/NOS_Math.o
                0x0800026e                NOS_Math_SinValue_Init
 .text.NOS_TimeEvent_Init
                0x08000280        0xe build/NOS_Time.o
                0x08000280                NOS_TimeEvent_Init
 .text.NOS_TimeEvent_TickHandler
                0x0800028e       0x16 build/NOS_Time.o
                0x0800028e                NOS_TimeEvent_TickHandler
 .text.NOS_TimeEvent_Check
                0x080002a4        0xe build/NOS_Time.o
                0x080002a4                NOS_TimeEvent_Check
 .text.NOS_TimeEvent_FinishEvent
                0x080002b2        0x8 build/NOS_Time.o
                0x080002b2                NOS_TimeEvent_FinishEvent
 .text.NOS_WS2812B_Strip_FullInit
                0x080002ba        0xc build/NOS_WS2812B_Strip.o
                0x080002ba                NOS_WS2812B_Strip_FullInit
 .text.NOS_WS2812B_Strip_CoreSetPixel
                0x080002c6       0x26 build/NOS_WS2812B_Strip.o
                0x080002c6                NOS_WS2812B_Strip_CoreSetPixel
 .text.NOS_WS2812B_Strip_SetPixel
                0x080002ec       0x26 build/NOS_WS2812B_Strip.o
                0x080002ec                NOS_WS2812B_Strip_SetPixel
 *fill*         0x08000312        0x2 
 .text.NOS_WS2812B_Strip_Update
                0x08000314       0x8c build/NOS_WS2812B_Strip.o
                0x08000314                NOS_WS2812B_Strip_Update
 .text.NOS_WS2812B_Strip_TestFill
                0x080003a0       0x9c build/NOS_WS2812B_Strip.o
                0x080003a0                NOS_WS2812B_Strip_TestFill
 .text.NOS_WS2812B_Strip_SetPixelByRGB
                0x0800043c       0x1a build/NOS_WS2812B_Strip.o
                0x0800043c                NOS_WS2812B_Strip_SetPixelByRGB
 .text.DMA_TransferError
                0x08000456       0x10 build/WS2812B_Core.o
                0x08000456                DMA_TransferError
 *fill*         0x08000466        0x2 
 .text.ws2812b_set_pixel
                0x08000468       0xc4 build/WS2812B_Core.o
 .text.loadNextFramebufferData
                0x0800052c       0x34 build/WS2812B_Core.o
 .text.DMA_TransferCompleteHandler
                0x08000560       0xe8 build/WS2812B_Core.o
                0x08000560                DMA_TransferCompleteHandler
 .text.WS2812_sendbuf
                0x08000648      0x170 build/WS2812B_Core.o
 .text.DMA_TransferHalfHandler
                0x080007b8       0x44 build/WS2812B_Core.o
                0x080007b8                DMA_TransferHalfHandler
 .text.ws2812b_gpio_init
                0x080007fc       0x78 build/WS2812B_Core.o
 .text.DMA2_init
                0x08000874      0x160 build/WS2812B_Core.o
 .text.TIM1_init
                0x080009d4      0x110 build/WS2812B_Core.o
 .text.DMA2_Stream2_IRQHandler
                0x08000ae4       0x20 build/WS2812B_Core.o
                0x08000ae4                DMA2_Stream2_IRQHandler
 .text.TIM1_UP_TIM10_IRQHandler
                0x08000b04       0x20 build/WS2812B_Core.o
                0x08000b04                TIM1_UP_TIM10_IRQHandler
 .text.HAL_TIM_PeriodElapsedCallback
                0x08000b24       0x3c build/WS2812B_Core.o
                0x08000b24                HAL_TIM_PeriodElapsedCallback
 .text.ws2812b_init
                0x08000b60       0x1c build/WS2812B_Core.o
                0x08000b60                ws2812b_init
 .text.ws2812b_handle
                0x08000b7c       0x20 build/WS2812B_Core.o
                0x08000b7c                ws2812b_handle
 .text.visInit  0x08000b9c       0x48 build/WS2812B_Effects.o
                0x08000b9c                visInit
 .text.visHandle
                0x08000be4       0x20 build/WS2812B_Effects.o
                0x08000be4                visHandle
 .text.MX_GPIO_Init
                0x08000c04       0x68 build/main.o
 .text.NOS_Button_Init
                0x08000c6c       0x12 build/main.o
                0x08000c6c                NOS_Button_Init
 .text.NOS_Button_PressedHandler
                0x08000c7e        0xa build/main.o
                0x08000c7e                NOS_Button_PressedHandler
 .text.NOS_Button_ReleaseHandler
                0x08000c88       0x1a build/main.o
                0x08000c88                NOS_Button_ReleaseHandler
 *fill*         0x08000ca2        0x2 
 .text.NOS_Button_TimerHandler
                0x08000ca4       0x40 build/main.o
                0x08000ca4                NOS_Button_TimerHandler
 .text.NOS_Button_CheckPressDone
                0x08000ce4        0x4 build/main.o
                0x08000ce4                NOS_Button_CheckPressDone
 .text.NOS_Button_isPressed
                0x08000ce8        0x4 build/main.o
                0x08000ce8                NOS_Button_isPressed
 .text.NOS_Button_PressDoneHandler
                0x08000cec       0x12 build/main.o
                0x08000cec                NOS_Button_PressDoneHandler
 *fill*         0x08000cfe        0x2 
 .text.ReceiveReset
                0x08000d00       0x18 build/main.o
                0x08000d00                ReceiveReset
 .text.ContinueReceive
                0x08000d18       0x18 build/main.o
                0x08000d18                ContinueReceive
 .text.HAL_UART_RxCpltCallback
                0x08000d30       0x5c build/main.o
                0x08000d30                HAL_UART_RxCpltCallback
 .text.SysTick_Handler
                0x08000d8c       0x3c build/main.o
                0x08000d8c                SysTick_Handler
 .text.EXTI3_IRQHandler
                0x08000dc8        0xa build/main.o
                0x08000dc8                EXTI3_IRQHandler
 .text.Error_Handler
                0x08000dd2        0x4 build/main.o
                0x08000dd2                Error_Handler
 *fill*         0x08000dd6        0x2 
 .text.MX_USART2_UART_Init
                0x08000dd8       0x34 build/main.o
 .text.MX_TIM6_Init
                0x08000e0c       0x48 build/main.o
 .text.SystemClock_Config
                0x08000e54       0xa4 build/main.o
                0x08000e54                SystemClock_Config
 .text.main     0x08000ef8      0x1a0 build/main.o
                0x08000ef8                main
 .text.HAL_MspInit
                0x08001098       0x38 build/stm32f4xx_hal_msp.o
                0x08001098                HAL_MspInit
 .text.HAL_TIM_Base_MspInit
                0x080010d0       0x40 build/stm32f4xx_hal_msp.o
                0x080010d0                HAL_TIM_Base_MspInit
 .text.HAL_UART_MspInit
                0x08001110       0x7c build/stm32f4xx_hal_msp.o
                0x08001110                HAL_UART_MspInit
 .text.NMI_Handler
                0x0800118c        0x2 build/stm32f4xx_it.o
                0x0800118c                NMI_Handler
 .text.HardFault_Handler
                0x0800118e        0x2 build/stm32f4xx_it.o
                0x0800118e                HardFault_Handler
 .text.MemManage_Handler
                0x08001190        0x2 build/stm32f4xx_it.o
                0x08001190                MemManage_Handler
 .text.BusFault_Handler
                0x08001192        0x2 build/stm32f4xx_it.o
                0x08001192                BusFault_Handler
 .text.UsageFault_Handler
                0x08001194        0x2 build/stm32f4xx_it.o
                0x08001194                UsageFault_Handler
 .text.SVC_Handler
                0x08001196        0x2 build/stm32f4xx_it.o
                0x08001196                SVC_Handler
 .text.DebugMon_Handler
                0x08001198        0x2 build/stm32f4xx_it.o
                0x08001198                DebugMon_Handler
 .text.PendSV_Handler
                0x0800119a        0x2 build/stm32f4xx_it.o
                0x0800119a                PendSV_Handler
 .text.USART2_IRQHandler
                0x0800119c       0x10 build/stm32f4xx_it.o
                0x0800119c                USART2_IRQHandler
 .text.TIM6_DAC_IRQHandler
                0x080011ac       0x10 build/stm32f4xx_it.o
                0x080011ac                TIM6_DAC_IRQHandler
 .text.SystemInit
                0x080011bc       0x14 build/system_stm32f4xx.o
                0x080011bc                SystemInit
 .text.HAL_InitTick
                0x080011d0       0x4c build/stm32f4xx_hal.o
                0x080011d0                HAL_InitTick
 .text.HAL_Init
                0x0800121c       0x34 build/stm32f4xx_hal.o
                0x0800121c                HAL_Init
 .text.HAL_IncTick
                0x08001250       0x18 build/stm32f4xx_hal.o
                0x08001250                HAL_IncTick
 .text.HAL_GetTick
                0x08001268        0xc build/stm32f4xx_hal.o
                0x08001268                HAL_GetTick
 .text.__NVIC_SetPriority
                0x08001274       0x28 build/stm32f4xx_hal_cortex.o
 .text.NVIC_EncodePriority
                0x0800129c       0x3e build/stm32f4xx_hal_cortex.o
 *fill*         0x080012da        0x2 
 .text.HAL_NVIC_SetPriorityGrouping
                0x080012dc       0x24 build/stm32f4xx_hal_cortex.o
                0x080012dc                HAL_NVIC_SetPriorityGrouping
 .text.HAL_NVIC_SetPriority
                0x08001300       0x20 build/stm32f4xx_hal_cortex.o
                0x08001300                HAL_NVIC_SetPriority
 .text.HAL_NVIC_EnableIRQ
                0x08001320       0x1c build/stm32f4xx_hal_cortex.o
                0x08001320                HAL_NVIC_EnableIRQ
 .text.HAL_SYSTICK_Config
                0x0800133c       0x28 build/stm32f4xx_hal_cortex.o
                0x0800133c                HAL_SYSTICK_Config
 .text.DMA_SetConfig
                0x08001364       0x2c build/stm32f4xx_hal_dma.o
 .text.DMA_CalcBaseAndBitshift
                0x08001390       0x44 build/stm32f4xx_hal_dma.o
 .text.DMA_CheckFifoParam
                0x080013d4       0x8e build/stm32f4xx_hal_dma.o
 *fill*         0x08001462        0x2 
 .text.HAL_DMA_Init
                0x08001464       0xcc build/stm32f4xx_hal_dma.o
                0x08001464                HAL_DMA_Init
 .text.HAL_DMA_DeInit
                0x08001530       0x64 build/stm32f4xx_hal_dma.o
                0x08001530                HAL_DMA_DeInit
 .text.HAL_DMA_Start
                0x08001594       0x48 build/stm32f4xx_hal_dma.o
                0x08001594                HAL_DMA_Start
 .text.HAL_DMA_Start_IT
                0x080015dc       0x6a build/stm32f4xx_hal_dma.o
                0x080015dc                HAL_DMA_Start_IT
 .text.HAL_DMA_Abort
                0x08001646       0x94 build/stm32f4xx_hal_dma.o
                0x08001646                HAL_DMA_Abort
 .text.HAL_DMA_Abort_IT
                0x080016da       0x26 build/stm32f4xx_hal_dma.o
                0x080016da                HAL_DMA_Abort_IT
 .text.HAL_DMA_IRQHandler
                0x08001700      0x1dc build/stm32f4xx_hal_dma.o
                0x08001700                HAL_DMA_IRQHandler
 .text.HAL_GPIO_Init
                0x080018dc      0x1ec build/stm32f4xx_hal_gpio.o
                0x080018dc                HAL_GPIO_Init
 .text.HAL_GPIO_ReadPin
                0x08001ac8        0xe build/stm32f4xx_hal_gpio.o
                0x08001ac8                HAL_GPIO_ReadPin
 .text.HAL_GPIO_WritePin
                0x08001ad6        0xc build/stm32f4xx_hal_gpio.o
                0x08001ad6                HAL_GPIO_WritePin
 .text.HAL_GPIO_TogglePin
                0x08001ae2       0x12 build/stm32f4xx_hal_gpio.o
                0x08001ae2                HAL_GPIO_TogglePin
 .text.HAL_GPIO_EXTI_Callback
                0x08001af4        0x2 build/stm32f4xx_hal_gpio.o
                0x08001af4                HAL_GPIO_EXTI_Callback
 *fill*         0x08001af6        0x2 
 .text.HAL_GPIO_EXTI_IRQHandler
                0x08001af8       0x1c build/stm32f4xx_hal_gpio.o
                0x08001af8                HAL_GPIO_EXTI_IRQHandler
 .text.HAL_RCC_OscConfig
                0x08001b14      0x3f8 build/stm32f4xx_hal_rcc.o
                0x08001b14                HAL_RCC_OscConfig
 .text.HAL_RCC_GetSysClockFreq
                0x08001f0c       0xa8 build/stm32f4xx_hal_rcc.o
                0x08001f0c                HAL_RCC_GetSysClockFreq
 .text.HAL_RCC_ClockConfig
                0x08001fb4      0x160 build/stm32f4xx_hal_rcc.o
                0x08001fb4                HAL_RCC_ClockConfig
 .text.HAL_RCC_GetHCLKFreq
                0x08002114        0xc build/stm32f4xx_hal_rcc.o
                0x08002114                HAL_RCC_GetHCLKFreq
 .text.HAL_RCC_GetPCLK1Freq
                0x08002120       0x20 build/stm32f4xx_hal_rcc.o
                0x08002120                HAL_RCC_GetPCLK1Freq
 .text.HAL_RCC_GetPCLK2Freq
                0x08002140       0x20 build/stm32f4xx_hal_rcc.o
                0x08002140                HAL_RCC_GetPCLK2Freq
 .text.TIM_OC1_SetConfig
                0x08002160       0x70 build/stm32f4xx_hal_tim.o
 .text.TIM_OC3_SetConfig
                0x080021d0       0x70 build/stm32f4xx_hal_tim.o
 .text.TIM_OC4_SetConfig
                0x08002240       0x50 build/stm32f4xx_hal_tim.o
 .text.HAL_TIM_Base_Start
                0x08002290       0x7c build/stm32f4xx_hal_tim.o
                0x08002290                HAL_TIM_Base_Start
 .text.HAL_TIM_PWM_MspInit
                0x0800230c        0x2 build/stm32f4xx_hal_tim.o
                0x0800230c                HAL_TIM_PWM_MspInit
 .text.HAL_TIM_OC_DelayElapsedCallback
                0x0800230e        0x2 build/stm32f4xx_hal_tim.o
                0x0800230e                HAL_TIM_OC_DelayElapsedCallback
 .text.HAL_TIM_IC_CaptureCallback
                0x08002310        0x2 build/stm32f4xx_hal_tim.o
                0x08002310                HAL_TIM_IC_CaptureCallback
 .text.HAL_TIM_PWM_PulseFinishedCallback
                0x08002312        0x2 build/stm32f4xx_hal_tim.o
                0x08002312                HAL_TIM_PWM_PulseFinishedCallback
 .text.HAL_TIM_TriggerCallback
                0x08002314        0x2 build/stm32f4xx_hal_tim.o
                0x08002314                HAL_TIM_TriggerCallback
 .text.HAL_TIM_IRQHandler
                0x08002316      0x17a build/stm32f4xx_hal_tim.o
                0x08002316                HAL_TIM_IRQHandler
 .text.TIM_Base_SetConfig
                0x08002490       0xc8 build/stm32f4xx_hal_tim.o
                0x08002490                TIM_Base_SetConfig
 .text.HAL_TIM_Base_Init
                0x08002558       0x58 build/stm32f4xx_hal_tim.o
                0x08002558                HAL_TIM_Base_Init
 .text.HAL_TIM_PWM_Init
                0x080025b0       0x58 build/stm32f4xx_hal_tim.o
                0x080025b0                HAL_TIM_PWM_Init
 .text.TIM_OC2_SetConfig
                0x08002608       0x70 build/stm32f4xx_hal_tim.o
                0x08002608                TIM_OC2_SetConfig
 .text.HAL_TIM_PWM_ConfigChannel
                0x08002678       0xdc build/stm32f4xx_hal_tim.o
                0x08002678                HAL_TIM_PWM_ConfigChannel
 .text.TIM_CCxChannelCmd
                0x08002754       0x1e build/stm32f4xx_hal_tim.o
                0x08002754                TIM_CCxChannelCmd
 *fill*         0x08002772        0x2 
 .text.HAL_TIM_PWM_Start
                0x08002774      0x104 build/stm32f4xx_hal_tim.o
                0x08002774                HAL_TIM_PWM_Start
 .text.HAL_TIMEx_MasterConfigSynchronization
                0x08002878       0x8c build/stm32f4xx_hal_tim_ex.o
                0x08002878                HAL_TIMEx_MasterConfigSynchronization
 .text.HAL_TIMEx_CommutCallback
                0x08002904        0x2 build/stm32f4xx_hal_tim_ex.o
                0x08002904                HAL_TIMEx_CommutCallback
 .text.HAL_TIMEx_BreakCallback
                0x08002906        0x2 build/stm32f4xx_hal_tim_ex.o
                0x08002906                HAL_TIMEx_BreakCallback
 .text.UART_EndRxTransfer
                0x08002908       0x5c build/stm32f4xx_hal_uart.o
 .text.UART_Transmit_IT
                0x08002964       0x60 build/stm32f4xx_hal_uart.o
 .text.UART_SetConfig
                0x080029c4      0x110 build/stm32f4xx_hal_uart.o
 .text.UART_WaitOnFlagUntilTimeout
                0x08002ad4       0x84 build/stm32f4xx_hal_uart.o
 .text.HAL_UART_Init
                0x08002b58       0x5e build/stm32f4xx_hal_uart.o
                0x08002b58                HAL_UART_Init
 .text.HAL_UART_Transmit
                0x08002bb6       0xd8 build/stm32f4xx_hal_uart.o
                0x08002bb6                HAL_UART_Transmit
 .text.HAL_UART_TxCpltCallback
                0x08002c8e        0x2 build/stm32f4xx_hal_uart.o
                0x08002c8e                HAL_UART_TxCpltCallback
 .text.UART_EndTransmit_IT
                0x08002c90       0x1a build/stm32f4xx_hal_uart.o
 .text.HAL_UART_ErrorCallback
                0x08002caa        0x2 build/stm32f4xx_hal_uart.o
                0x08002caa                HAL_UART_ErrorCallback
 .text.UART_DMAAbortOnError
                0x08002cac       0x10 build/stm32f4xx_hal_uart.o
 .text.HAL_UARTEx_RxEventCallback
                0x08002cbc        0x2 build/stm32f4xx_hal_uart.o
                0x08002cbc                HAL_UARTEx_RxEventCallback
 .text.UART_Receive_IT
                0x08002cbe       0xe2 build/stm32f4xx_hal_uart.o
 .text.HAL_UART_IRQHandler
                0x08002da0      0x27c build/stm32f4xx_hal_uart.o
                0x08002da0                HAL_UART_IRQHandler
 .text.UART_Start_Receive_IT
                0x0800301c       0x3a build/stm32f4xx_hal_uart.o
                0x0800301c                UART_Start_Receive_IT
 .text.HAL_UART_Receive_IT
                0x08003056       0x38 build/stm32f4xx_hal_uart.o
                0x08003056                HAL_UART_Receive_IT
 *fill*         0x0800308e        0x2 
 .text.Reset_Handler
                0x08003090       0x50 build/startup_stm32f407xx.o
                0x08003090                Reset_Handler
 .text.Default_Handler
                0x080030e0        0x2 build/startup_stm32f407xx.o
                0x080030e0                RTC_Alarm_IRQHandler
                0x080030e0                HASH_RNG_IRQHandler
                0x080030e0                EXTI2_IRQHandler
                0x080030e0                TIM8_CC_IRQHandler
                0x080030e0                TIM1_CC_IRQHandler
                0x080030e0                DMA2_Stream5_IRQHandler
                0x080030e0                DMA1_Stream5_IRQHandler
                0x080030e0                PVD_IRQHandler
                0x080030e0                SDIO_IRQHandler
                0x080030e0                TAMP_STAMP_IRQHandler
                0x080030e0                CAN2_RX1_IRQHandler
                0x080030e0                TIM8_TRG_COM_TIM14_IRQHandler
                0x080030e0                TIM8_UP_TIM13_IRQHandler
                0x080030e0                I2C3_ER_IRQHandler
                0x080030e0                EXTI0_IRQHandler
                0x080030e0                I2C2_EV_IRQHandler
                0x080030e0                DMA1_Stream2_IRQHandler
                0x080030e0                CAN1_RX0_IRQHandler
                0x080030e0                FPU_IRQHandler
                0x080030e0                OTG_HS_WKUP_IRQHandler
                0x080030e0                CAN2_SCE_IRQHandler
                0x080030e0                SPI1_IRQHandler
                0x080030e0                TIM1_BRK_TIM9_IRQHandler
                0x080030e0                DCMI_IRQHandler
                0x080030e0                CAN2_RX0_IRQHandler
                0x080030e0                DMA2_Stream3_IRQHandler
                0x080030e0                USART6_IRQHandler
                0x080030e0                USART3_IRQHandler
                0x080030e0                CAN1_RX1_IRQHandler
                0x080030e0                UART5_IRQHandler
                0x080030e0                DMA2_Stream0_IRQHandler
                0x080030e0                TIM4_IRQHandler
                0x080030e0                I2C1_EV_IRQHandler
                0x080030e0                DMA1_Stream6_IRQHandler
                0x080030e0                DMA1_Stream1_IRQHandler
                0x080030e0                UART4_IRQHandler
                0x080030e0                TIM3_IRQHandler
                0x080030e0                RCC_IRQHandler
                0x080030e0                TIM8_BRK_TIM12_IRQHandler
                0x080030e0                Default_Handler
                0x080030e0                EXTI15_10_IRQHandler
                0x080030e0                ADC_IRQHandler
                0x080030e0                DMA1_Stream7_IRQHandler
                0x080030e0                TIM7_IRQHandler
                0x080030e0                CAN2_TX_IRQHandler
                0x080030e0                TIM5_IRQHandler
                0x080030e0                DMA2_Stream7_IRQHandler
                0x080030e0                I2C3_EV_IRQHandler
                0x080030e0                EXTI9_5_IRQHandler
                0x080030e0                RTC_WKUP_IRQHandler
                0x080030e0                ETH_WKUP_IRQHandler
                0x080030e0                SPI2_IRQHandler
                0x080030e0                OTG_HS_EP1_IN_IRQHandler
                0x080030e0                DMA1_Stream0_IRQHandler
                0x080030e0                CAN1_TX_IRQHandler
                0x080030e0                EXTI4_IRQHandler
                0x080030e0                FSMC_IRQHandler
                0x080030e0                ETH_IRQHandler
                0x080030e0                OTG_HS_EP1_OUT_IRQHandler
                0x080030e0                WWDG_IRQHandler
                0x080030e0                TIM2_IRQHandler
                0x080030e0                OTG_FS_WKUP_IRQHandler
                0x080030e0                TIM1_TRG_COM_TIM11_IRQHandler
                0x080030e0                OTG_HS_IRQHandler
                0x080030e0                EXTI1_IRQHandler
                0x080030e0                I2C2_ER_IRQHandler
                0x080030e0                DMA2_Stream1_IRQHandler
                0x080030e0                CAN1_SCE_IRQHandler
                0x080030e0                FLASH_IRQHandler
                0x080030e0                DMA2_Stream4_IRQHandler
                0x080030e0                USART1_IRQHandler
                0x080030e0                OTG_FS_IRQHandler
                0x080030e0                SPI3_IRQHandler
                0x080030e0                DMA1_Stream4_IRQHandler
                0x080030e0                I2C1_ER_IRQHandler
                0x080030e0                DMA2_Stream6_IRQHandler
                0x080030e0                DMA1_Stream3_IRQHandler
 .text.memset   0x080030e2       0x10 c:/users/igorn/appdata/roaming/code/user/globalstorage/bmd.stm32-for-vscode/@xpack-dev-tools/arm-none-eabi-gcc/12.3.1-1.1.1/.content/bin/../lib/gcc/arm-none-eabi/12.3.1/../../../../arm-none-eabi/lib/thumb/v7e-m+fp/hard\libc_nano.a(libc_a-memset.o)
                0x080030e2                memset
 *fill*         0x080030f2        0x2 
 .text.__libc_init_array
                0x080030f4       0x48 c:/users/igorn/appdata/roaming/code/user/globalstorage/bmd.stm32-for-vscode/@xpack-dev-tools/arm-none-eabi-gcc/12.3.1-1.1.1/.content/bin/../lib/gcc/arm-none-eabi/12.3.1/../../../../arm-none-eabi/lib/thumb/v7e-m+fp/hard\libc_nano.a(libc_a-init.o)
                0x080030f4                __libc_init_array
 .text.__udivmoddi4
                0x0800313c      0x2bc c:/users/igorn/appdata/roaming/code/user/globalstorage/bmd.stm32-for-vscode/@xpack-dev-tools/arm-none-eabi-gcc/12.3.1-1.1.1/.content/bin/../lib/gcc/arm-none-eabi/12.3.1/thumb/v7e-m+fp/hard\libgcc.a(_udivmoddi4.o)
                0x0800313c                __udivmoddi4
 *(.glue_7)
 .glue_7        0x080033f8        0x0 linker stubs
 *(.glue_7t)
 .glue_7t       0x080033f8        0x0 linker stubs
 *(.eh_frame)
 .eh_frame      0x080033f8        0x0 c:/users/igorn/appdata/roaming/code/user/globalstorage/bmd.stm32-for-vscode/@xpack-dev-tools/arm-none-eabi-gcc/12.3.1-1.1.1/.content/bin/../lib/gcc/arm-none-eabi/12.3.1/thumb/v7e-m+fp/hard/crtbegin.o
 *(.init)
 .init          0x080033f8        0x4 c:/users/igorn/appdata/roaming/code/user/globalstorage/bmd.stm32-for-vscode/@xpack-dev-tools/arm-none-eabi-gcc/12.3.1-1.1.1/.content/bin/../lib/gcc/arm-none-eabi/12.3.1/thumb/v7e-m+fp/hard/crti.o
                0x080033f8                _init
 .init          0x080033fc        0x8 c:/users/igorn/appdata/roaming/code/user/globalstorage/bmd.stm32-for-vscode/@xpack-dev-tools/arm-none-eabi-gcc/12.3.1-1.1.1/.content/bin/../lib/gcc/arm-none-eabi/12.3.1/thumb/v7e-m+fp/hard/crtn.o
 *(.fini)
 .fini          0x08003404        0x4 c:/users/igorn/appdata/roaming/code/user/globalstorage/bmd.stm32-for-vscode/@xpack-dev-tools/arm-none-eabi-gcc/12.3.1-1.1.1/.content/bin/../lib/gcc/arm-none-eabi/12.3.1/thumb/v7e-m+fp/hard/crti.o
                0x08003404                _fini
 .fini          0x08003408        0x8 c:/users/igorn/appdata/roaming/code/user/globalstorage/bmd.stm32-for-vscode/@xpack-dev-tools/arm-none-eabi-gcc/12.3.1-1.1.1/.content/bin/../lib/gcc/arm-none-eabi/12.3.1/thumb/v7e-m+fp/hard/crtn.o
                0x08003410                        . = ALIGN (0x4)
                0x08003410                        _etext = .

.vfp11_veneer   0x08003410        0x0
 .vfp11_veneer  0x08003410        0x0 linker stubs

.v4_bx          0x08003410        0x0
 .v4_bx         0x08003410        0x0 linker stubs

.iplt           0x08003410        0x0
 .iplt          0x08003410        0x0 c:/users/igorn/appdata/roaming/code/user/globalstorage/bmd.stm32-for-vscode/@xpack-dev-tools/arm-none-eabi-gcc/12.3.1-1.1.1/.content/bin/../lib/gcc/arm-none-eabi/12.3.1/thumb/v7e-m+fp/hard/crtbegin.o

.rodata         0x08003410      0x134
                0x08003410                        . = ALIGN (0x4)
 *(.rodata)
 *(.rodata*)
 .rodata.gammaTable
                0x08003410      0x100 build/WS2812B_Core.o
                0x08003410                gammaTable
 .rodata.main.str1.4
                0x08003510       0x12 build/main.o
 *fill*         0x08003522        0x2 
 .rodata.APBPrescTable
                0x08003524        0x8 build/system_stm32f4xx.o
                0x08003524                APBPrescTable
 .rodata.AHBPrescTable
                0x0800352c       0x10 build/system_stm32f4xx.o
                0x0800352c                AHBPrescTable
 .rodata.flagBitshiftOffset.0
                0x0800353c        0x8 build/stm32f4xx_hal_dma.o
                0x08003544                        . = ALIGN (0x4)

.ARM.extab
 *(.ARM.extab* .gnu.linkonce.armextab.*)

.ARM            0x08003544        0x8
                0x08003544                        __exidx_start = .
 *(.ARM.exidx*)
 .ARM.exidx.text.__udivmoddi4
                0x08003544        0x8 c:/users/igorn/appdata/roaming/code/user/globalstorage/bmd.stm32-for-vscode/@xpack-dev-tools/arm-none-eabi-gcc/12.3.1-1.1.1/.content/bin/../lib/gcc/arm-none-eabi/12.3.1/thumb/v7e-m+fp/hard\libgcc.a(_udivmoddi4.o)
                0x0800354c                        __exidx_end = .

.rel.dyn        0x0800354c        0x0
 .rel.iplt      0x0800354c        0x0 c:/users/igorn/appdata/roaming/code/user/globalstorage/bmd.stm32-for-vscode/@xpack-dev-tools/arm-none-eabi-gcc/12.3.1-1.1.1/.content/bin/../lib/gcc/arm-none-eabi/12.3.1/thumb/v7e-m+fp/hard/crtbegin.o

.preinit_array  0x0800354c        0x0
                0x0800354c                        PROVIDE (__preinit_array_start = .)
 *(.preinit_array*)
                0x0800354c                        PROVIDE (__preinit_array_end = .)

.init_array     0x0800354c        0x4
                0x0800354c                        PROVIDE (__init_array_start = .)
 *(SORT_BY_NAME(.init_array.*))
 *(.init_array*)
 .init_array    0x0800354c        0x4 c:/users/igorn/appdata/roaming/code/user/globalstorage/bmd.stm32-for-vscode/@xpack-dev-tools/arm-none-eabi-gcc/12.3.1-1.1.1/.content/bin/../lib/gcc/arm-none-eabi/12.3.1/thumb/v7e-m+fp/hard/crtbegin.o
                0x08003550                        PROVIDE (__init_array_end = .)

.fini_array     0x08003550        0x4
                0x08003550                        PROVIDE (__fini_array_start = .)
 *(SORT_BY_NAME(.fini_array.*))
 *(.fini_array*)
 .fini_array    0x08003550        0x4 c:/users/igorn/appdata/roaming/code/user/globalstorage/bmd.stm32-for-vscode/@xpack-dev-tools/arm-none-eabi-gcc/12.3.1-1.1.1/.content/bin/../lib/gcc/arm-none-eabi/12.3.1/thumb/v7e-m+fp/hard/crtbegin.o
                0x08003554                        PROVIDE (__fini_array_end = .)
                0x08003554                        _sidata = LOADADDR (.data)

.data           0x20000000       0x14 load address 0x08003554
                0x20000000                        . = ALIGN (0x4)
                0x20000000                        _sdata = .
 *(.data)
 *(.data*)
 .data.WS2812_IO_Low
                0x20000000        0x4 build/WS2812B_Core.o
                0x20000000                WS2812_IO_Low
 .data.WS2812_IO_High
                0x20000004        0x4 build/WS2812B_Core.o
                0x20000004                WS2812_IO_High
 .data.SystemCoreClock
                0x20000008        0x4 build/system_stm32f4xx.o
                0x20000008                SystemCoreClock
 .data.uwTickFreq
                0x2000000c        0x1 build/stm32f4xx_hal.o
                0x2000000c                uwTickFreq
 *fill*         0x2000000d        0x3 
 .data.uwTickPrio
                0x20000010        0x4 build/stm32f4xx_hal.o
                0x20000010                uwTickPrio
                0x20000014                        . = ALIGN (0x4)
                0x20000014                        _edata = .
                0x08003568                        _siccmram = LOADADDR (.ccmram)

.igot.plt       0x20000014        0x0 load address 0x08003568
 .igot.plt      0x20000014        0x0 c:/users/igorn/appdata/roaming/code/user/globalstorage/bmd.stm32-for-vscode/@xpack-dev-tools/arm-none-eabi-gcc/12.3.1-1.1.1/.content/bin/../lib/gcc/arm-none-eabi/12.3.1/thumb/v7e-m+fp/hard/crtbegin.o

.ccmram         0x10000000        0x0 load address 0x08003568
                0x10000000                        . = ALIGN (0x4)
                0x10000000                        _sccmram = .
 *(.ccmram)
 *(.ccmram*)
                0x10000000                        . = ALIGN (0x4)
                0x10000000                        _eccmram = .
                0x10000000                        . = ALIGN (0x4)

.bss            0x20000014     0x1acc
                0x20000014                        _sbss = .
                0x20000014                        __bss_start__ = _sbss
 *(.bss)
 *(.bss*)
 .bss.completed.1
                0x20000014        0x1 c:/users/igorn/appdata/roaming/code/user/globalstorage/bmd.stm32-for-vscode/@xpack-dev-tools/arm-none-eabi-gcc/12.3.1-1.1.1/.content/bin/../lib/gcc/arm-none-eabi/12.3.1/thumb/v7e-m+fp/hard/crtbegin.o
 *fill*         0x20000015        0x3 
 .bss.object.0  0x20000018       0x18 c:/users/igorn/appdata/roaming/code/user/globalstorage/bmd.stm32-for-vscode/@xpack-dev-tools/arm-none-eabi-gcc/12.3.1-1.1.1/.content/bin/../lib/gcc/arm-none-eabi/12.3.1/thumb/v7e-m+fp/hard/crtbegin.o
 .bss.dmaCC2    0x20000030       0x60 build/WS2812B_Core.o
                0x20000030                dmaCC2
 .bss.dmaCC1    0x20000090       0x60 build/WS2812B_Core.o
                0x20000090                dmaCC1
 .bss.dmaUpdate
                0x200000f0       0x60 build/WS2812B_Core.o
                0x200000f0                dmaUpdate
 .bss.timer_reset_pulse_period
                0x20000150        0x4 build/WS2812B_Core.o
                0x20000150                timer_reset_pulse_period
 .bss.tim_period
                0x20000154        0x4 build/WS2812B_Core.o
                0x20000154                tim_period
 .bss.tim2OC2   0x20000158       0x1c build/WS2812B_Core.o
                0x20000158                tim2OC2
 .bss.tim2OC1   0x20000174       0x1c build/WS2812B_Core.o
                0x20000174                tim2OC1
 .bss.TIM1_handle
                0x20000190       0x48 build/WS2812B_Core.o
                0x20000190                TIM1_handle
 .bss.ws2812bDmaBitBuffer
                0x200001d8       0x60 build/WS2812B_Core.o
                0x200001d8                ws2812bDmaBitBuffer
 .bss.ws2812b   0x20000238       0x3c build/WS2812B_Core.o
                0x20000238                ws2812b
 .bss.frameBuffer3
                0x20000274      0x300 build/WS2812B_Effects.o
                0x20000274                frameBuffer3
 .bss.frameBuffer2
                0x20000574      0x600 build/WS2812B_Effects.o
                0x20000574                frameBuffer2
 .bss.frameBuffer1
                0x20000b74      0x900 build/WS2812B_Effects.o
                0x20000b74                frameBuffer1
 .bss.PA7       0x20001474        0x8 build/main.o
                0x20001474                PA7
 .bss.PA6       0x2000147c        0x8 build/main.o
                0x2000147c                PA6
 .bss.button    0x20001484       0x14 build/main.o
                0x20001484                button
 .bss.bright    0x20001498       0x14 build/main.o
                0x20001498                bright
 .bss.receiveTime
                0x200014ac        0x4 build/main.o
                0x200014ac                receiveTime
 .bss.startReceive
                0x200014b0        0x1 build/main.o
                0x200014b0                startReceive
 *fill*         0x200014b1        0x3 
 .bss.currMessageLenght
                0x200014b4        0x4 build/main.o
                0x200014b4                currMessageLenght
 .bss.rx_flag   0x200014b8        0x1 build/main.o
                0x200014b8                rx_flag
 *fill*         0x200014b9        0x1 
 .bss.fuckIndex
                0x200014ba        0x2 build/main.o
                0x200014ba                fuckIndex
 .bss.fuckBuff  0x200014bc      0x400 build/main.o
                0x200014bc                fuckBuff
 .bss.rx_buff   0x200018bc      0x100 build/main.o
                0x200018bc                rx_buff
 .bss.pixelsA   0x200019bc       0x60 build/main.o
                0x200019bc                pixelsA
 .bss.stripA    0x20001a1c       0x10 build/main.o
                0x20001a1c                stripA
 .bss.uartTestEvent
                0x20001a2c        0xc build/main.o
                0x20001a2c                uartTestEvent
 .bss.screenUpdateEvent
                0x20001a38        0xc build/main.o
                0x20001a38                screenUpdateEvent
 .bss.tetrisUpdateEvent
                0x20001a44        0xc build/main.o
                0x20001a44                tetrisUpdateEvent
 .bss.huart2    0x20001a50       0x44 build/main.o
                0x20001a50                huart2
 .bss.htim6     0x20001a94       0x48 build/main.o
                0x20001a94                htim6
 .bss.uwTick    0x20001adc        0x4 build/stm32f4xx_hal.o
                0x20001adc                uwTick
 *(COMMON)
                0x20001ae0                        . = ALIGN (0x4)
                0x20001ae0                        _ebss = .
                0x20001ae0                        __bss_end__ = _ebss

._user_heap_stack
                0x20001ae0      0x600
                0x20001ae0                        . = ALIGN (0x8)
                0x20001ae0                        PROVIDE (end = .)
                [!provide]                        PROVIDE (_end = .)
                0x20001ce0                        . = (. + _Min_Heap_Size)
 *fill*         0x20001ae0      0x200 
                0x200020e0                        . = (. + _Min_Stack_Size)
 *fill*         0x20001ce0      0x400 
                0x200020e0                        . = ALIGN (0x8)

/DISCARD/
 libc.a(*)
 libm.a(*)
 libgcc.a(*)

.ARM.attributes
                0x00000000       0x30
 *(.ARM.attributes)
 .ARM.attributes
                0x00000000       0x22 c:/users/igorn/appdata/roaming/code/user/globalstorage/bmd.stm32-for-vscode/@xpack-dev-tools/arm-none-eabi-gcc/12.3.1-1.1.1/.content/bin/../lib/gcc/arm-none-eabi/12.3.1/thumb/v7e-m+fp/hard/crti.o
 .ARM.attributes
                0x00000022       0x34 c:/users/igorn/appdata/roaming/code/user/globalstorage/bmd.stm32-for-vscode/@xpack-dev-tools/arm-none-eabi-gcc/12.3.1-1.1.1/.content/bin/../lib/gcc/arm-none-eabi/12.3.1/thumb/v7e-m+fp/hard/crtbegin.o
 .ARM.attributes
                0x00000056       0x34 build/NOS_GPIO.o
 .ARM.attributes
                0x0000008a       0x34 build/NOS_Math.o
 .ARM.attributes
                0x000000be       0x34 build/NOS_Time.o
 .ARM.attributes
                0x000000f2       0x34 build/NOS_WS2812B_Strip.o
 .ARM.attributes
                0x00000126       0x34 build/WS2812B_Core.o
 .ARM.attributes
                0x0000015a       0x34 build/WS2812B_Effects.o
 .ARM.attributes
                0x0000018e       0x34 build/main.o
 .ARM.attributes
                0x000001c2       0x34 build/stm32f4xx_hal_msp.o
 .ARM.attributes
                0x000001f6       0x34 build/stm32f4xx_it.o
 .ARM.attributes
                0x0000022a       0x34 build/system_stm32f4xx.o
 .ARM.attributes
                0x0000025e       0x34 build/stm32f4xx_hal.o
 .ARM.attributes
                0x00000292       0x34 build/stm32f4xx_hal_cortex.o
 .ARM.attributes
                0x000002c6       0x34 build/stm32f4xx_hal_dma.o
 .ARM.attributes
                0x000002fa       0x34 build/stm32f4xx_hal_gpio.o
 .ARM.attributes
                0x0000032e       0x34 build/stm32f4xx_hal_rcc.o
 .ARM.attributes
                0x00000362       0x34 build/stm32f4xx_hal_tim.o
 .ARM.attributes
                0x00000396       0x34 build/stm32f4xx_hal_tim_ex.o
 .ARM.attributes
                0x000003ca       0x34 build/stm32f4xx_hal_uart.o
 .ARM.attributes
                0x000003fe       0x21 build/startup_stm32f407xx.o
 .ARM.attributes
                0x0000041f       0x34 c:/users/igorn/appdata/roaming/code/user/globalstorage/bmd.stm32-for-vscode/@xpack-dev-tools/arm-none-eabi-gcc/12.3.1-1.1.1/.content/bin/../lib/gcc/arm-none-eabi/12.3.1/../../../../arm-none-eabi/lib/thumb/v7e-m+fp/hard\libc_nano.a(libc_a-memset.o)
 .ARM.attributes
                0x00000453       0x34 c:/users/igorn/appdata/roaming/code/user/globalstorage/bmd.stm32-for-vscode/@xpack-dev-tools/arm-none-eabi-gcc/12.3.1-1.1.1/.content/bin/../lib/gcc/arm-none-eabi/12.3.1/../../../../arm-none-eabi/lib/thumb/v7e-m+fp/hard\libc_nano.a(libc_a-init.o)
 .ARM.attributes
                0x00000487       0x22 c:/users/igorn/appdata/roaming/code/user/globalstorage/bmd.stm32-for-vscode/@xpack-dev-tools/arm-none-eabi-gcc/12.3.1-1.1.1/.content/bin/../lib/gcc/arm-none-eabi/12.3.1/thumb/v7e-m+fp/hard\libgcc.a(_aeabi_uldivmod.o)
 .ARM.attributes
                0x000004a9       0x34 c:/users/igorn/appdata/roaming/code/user/globalstorage/bmd.stm32-for-vscode/@xpack-dev-tools/arm-none-eabi-gcc/12.3.1-1.1.1/.content/bin/../lib/gcc/arm-none-eabi/12.3.1/thumb/v7e-m+fp/hard\libgcc.a(_udivmoddi4.o)
 .ARM.attributes
                0x000004dd       0x22 c:/users/igorn/appdata/roaming/code/user/globalstorage/bmd.stm32-for-vscode/@xpack-dev-tools/arm-none-eabi-gcc/12.3.1-1.1.1/.content/bin/../lib/gcc/arm-none-eabi/12.3.1/thumb/v7e-m+fp/hard\libgcc.a(_dvmd_tls.o)
 .ARM.attributes
                0x000004ff       0x22 c:/users/igorn/appdata/roaming/code/user/globalstorage/bmd.stm32-for-vscode/@xpack-dev-tools/arm-none-eabi-gcc/12.3.1-1.1.1/.content/bin/../lib/gcc/arm-none-eabi/12.3.1/thumb/v7e-m+fp/hard/crtn.o
OUTPUT(build/UART_TEST.elf elf32-littlearm)
LOAD linker stubs
LOAD c:/users/igorn/appdata/roaming/code/user/globalstorage/bmd.stm32-for-vscode/@xpack-dev-tools/arm-none-eabi-gcc/12.3.1-1.1.1/.content/bin/../lib/gcc/arm-none-eabi/12.3.1/../../../../arm-none-eabi/lib/thumb/v7e-m+fp/hard\libc.a
LOAD c:/users/igorn/appdata/roaming/code/user/globalstorage/bmd.stm32-for-vscode/@xpack-dev-tools/arm-none-eabi-gcc/12.3.1-1.1.1/.content/bin/../lib/gcc/arm-none-eabi/12.3.1/../../../../arm-none-eabi/lib/thumb/v7e-m+fp/hard\libm.a
LOAD c:/users/igorn/appdata/roaming/code/user/globalstorage/bmd.stm32-for-vscode/@xpack-dev-tools/arm-none-eabi-gcc/12.3.1-1.1.1/.content/bin/../lib/gcc/arm-none-eabi/12.3.1/thumb/v7e-m+fp/hard\libgcc.a

.comment        0x00000000       0x39
 .comment       0x00000000       0x39 c:/users/igorn/appdata/roaming/code/user/globalstorage/bmd.stm32-for-vscode/@xpack-dev-tools/arm-none-eabi-gcc/12.3.1-1.1.1/.content/bin/../lib/gcc/arm-none-eabi/12.3.1/thumb/v7e-m+fp/hard/crtbegin.o
                                 0x3a (size before relaxing)
 .comment       0x00000039       0x3a build/NOS_GPIO.o
 .comment       0x00000039       0x3a build/NOS_Math.o
 .comment       0x00000039       0x3a build/NOS_Time.o
 .comment       0x00000039       0x3a build/NOS_WS2812B_Strip.o
 .comment       0x00000039       0x3a build/WS2812B_Core.o
 .comment       0x00000039       0x3a build/WS2812B_Effects.o
 .comment       0x00000039       0x3a build/main.o
 .comment       0x00000039       0x3a build/stm32f4xx_hal_msp.o
 .comment       0x00000039       0x3a build/stm32f4xx_it.o
 .comment       0x00000039       0x3a build/system_stm32f4xx.o
 .comment       0x00000039       0x3a build/stm32f4xx_hal.o
 .comment       0x00000039       0x3a build/stm32f4xx_hal_cortex.o
 .comment       0x00000039       0x3a build/stm32f4xx_hal_dma.o
 .comment       0x00000039       0x3a build/stm32f4xx_hal_gpio.o
 .comment       0x00000039       0x3a build/stm32f4xx_hal_rcc.o
 .comment       0x00000039       0x3a build/stm32f4xx_hal_tim.o
 .comment       0x00000039       0x3a build/stm32f4xx_hal_tim_ex.o
 .comment       0x00000039       0x3a build/stm32f4xx_hal_uart.o
 .comment       0x00000039       0x3a c:/users/igorn/appdata/roaming/code/user/globalstorage/bmd.stm32-for-vscode/@xpack-dev-tools/arm-none-eabi-gcc/12.3.1-1.1.1/.content/bin/../lib/gcc/arm-none-eabi/12.3.1/../../../../arm-none-eabi/lib/thumb/v7e-m+fp/hard\libc_nano.a(libc_a-memset.o)
 .comment       0x00000039       0x3a c:/users/igorn/appdata/roaming/code/user/globalstorage/bmd.stm32-for-vscode/@xpack-dev-tools/arm-none-eabi-gcc/12.3.1-1.1.1/.content/bin/../lib/gcc/arm-none-eabi/12.3.1/../../../../arm-none-eabi/lib/thumb/v7e-m+fp/hard\libc_nano.a(libc_a-init.o)
 .comment       0x00000039       0x3a c:/users/igorn/appdata/roaming/code/user/globalstorage/bmd.stm32-for-vscode/@xpack-dev-tools/arm-none-eabi-gcc/12.3.1-1.1.1/.content/bin/../lib/gcc/arm-none-eabi/12.3.1/thumb/v7e-m+fp/hard\libgcc.a(_udivmoddi4.o)

.debug_info     0x00000000    0x13720
 .debug_info    0x00000000      0x2b7 build/NOS_GPIO.o
 .debug_info    0x000002b7      0x20e build/NOS_Math.o
 .debug_info    0x000004c5      0x2df build/NOS_Time.o
 .debug_info    0x000007a4      0x5ce build/NOS_WS2812B_Strip.o
 .debug_info    0x00000d72     0x162d build/WS2812B_Core.o
 .debug_info    0x0000239f      0x22e build/WS2812B_Effects.o
 .debug_info    0x000025cd     0x1f0d build/main.o
 .debug_info    0x000044da      0xfd6 build/stm32f4xx_hal_msp.o
 .debug_info    0x000054b0      0x96d build/stm32f4xx_it.o
 .debug_info    0x00005e1d      0x527 build/system_stm32f4xx.o
 .debug_info    0x00006344      0x9e6 build/stm32f4xx_hal.o
 .debug_info    0x00006d2a      0xf7d build/stm32f4xx_hal_cortex.o
 .debug_info    0x00007ca7      0xad9 build/stm32f4xx_hal_dma.o
 .debug_info    0x00008780      0x704 build/stm32f4xx_hal_gpio.o
 .debug_info    0x00008e84      0xa6f build/stm32f4xx_hal_rcc.o
 .debug_info    0x000098f3     0x3b79 build/stm32f4xx_hal_tim.o
 .debug_info    0x0000d46c     0x1a9b build/stm32f4xx_hal_tim_ex.o
 .debug_info    0x0000ef07     0x408c build/stm32f4xx_hal_uart.o
 .debug_info    0x00012f93       0x30 build/startup_stm32f407xx.o
 .debug_info    0x00012fc3       0x24 c:/users/igorn/appdata/roaming/code/user/globalstorage/bmd.stm32-for-vscode/@xpack-dev-tools/arm-none-eabi-gcc/12.3.1-1.1.1/.content/bin/../lib/gcc/arm-none-eabi/12.3.1/thumb/v7e-m+fp/hard\libgcc.a(_aeabi_uldivmod.o)
 .debug_info    0x00012fe7      0x6fd c:/users/igorn/appdata/roaming/code/user/globalstorage/bmd.stm32-for-vscode/@xpack-dev-tools/arm-none-eabi-gcc/12.3.1-1.1.1/.content/bin/../lib/gcc/arm-none-eabi/12.3.1/thumb/v7e-m+fp/hard\libgcc.a(_udivmoddi4.o)
 .debug_info    0x000136e4       0x3c c:/users/igorn/appdata/roaming/code/user/globalstorage/bmd.stm32-for-vscode/@xpack-dev-tools/arm-none-eabi-gcc/12.3.1-1.1.1/.content/bin/../lib/gcc/arm-none-eabi/12.3.1/thumb/v7e-m+fp/hard\libgcc.a(_dvmd_tls.o)

.debug_abbrev   0x00000000     0x2882
 .debug_abbrev  0x00000000      0x185 build/NOS_GPIO.o
 .debug_abbrev  0x00000185       0xf9 build/NOS_Math.o
 .debug_abbrev  0x0000027e      0x126 build/NOS_Time.o
 .debug_abbrev  0x000003a4      0x13d build/NOS_WS2812B_Strip.o
 .debug_abbrev  0x000004e1      0x35b build/WS2812B_Core.o
 .debug_abbrev  0x0000083c       0xfd build/WS2812B_Effects.o
 .debug_abbrev  0x00000939      0x372 build/main.o
 .debug_abbrev  0x00000cab      0x1fc build/stm32f4xx_hal_msp.o
 .debug_abbrev  0x00000ea7      0x192 build/stm32f4xx_it.o
 .debug_abbrev  0x00001039      0x11e build/system_stm32f4xx.o
 .debug_abbrev  0x00001157      0x23f build/stm32f4xx_hal.o
 .debug_abbrev  0x00001396      0x39b build/stm32f4xx_hal_cortex.o
 .debug_abbrev  0x00001731      0x2c0 build/stm32f4xx_hal_dma.o
 .debug_abbrev  0x000019f1      0x202 build/stm32f4xx_hal_gpio.o
 .debug_abbrev  0x00001bf3      0x2c6 build/stm32f4xx_hal_rcc.o
 .debug_abbrev  0x00001eb9      0x26a build/stm32f4xx_hal_tim.o
 .debug_abbrev  0x00002123      0x268 build/stm32f4xx_hal_tim_ex.o
 .debug_abbrev  0x0000238b      0x32f build/stm32f4xx_hal_uart.o
 .debug_abbrev  0x000026ba       0x24 build/startup_stm32f407xx.o
 .debug_abbrev  0x000026de       0x14 c:/users/igorn/appdata/roaming/code/user/globalstorage/bmd.stm32-for-vscode/@xpack-dev-tools/arm-none-eabi-gcc/12.3.1-1.1.1/.content/bin/../lib/gcc/arm-none-eabi/12.3.1/thumb/v7e-m+fp/hard\libgcc.a(_aeabi_uldivmod.o)
 .debug_abbrev  0x000026f2      0x16a c:/users/igorn/appdata/roaming/code/user/globalstorage/bmd.stm32-for-vscode/@xpack-dev-tools/arm-none-eabi-gcc/12.3.1-1.1.1/.content/bin/../lib/gcc/arm-none-eabi/12.3.1/thumb/v7e-m+fp/hard\libgcc.a(_udivmoddi4.o)
 .debug_abbrev  0x0000285c       0x26 c:/users/igorn/appdata/roaming/code/user/globalstorage/bmd.stm32-for-vscode/@xpack-dev-tools/arm-none-eabi-gcc/12.3.1-1.1.1/.content/bin/../lib/gcc/arm-none-eabi/12.3.1/thumb/v7e-m+fp/hard\libgcc.a(_dvmd_tls.o)

.debug_loclists
                0x00000000     0x9703
 .debug_loclists
                0x00000000       0x7e build/NOS_GPIO.o
 .debug_loclists
                0x0000007e       0x91 build/NOS_Math.o
 .debug_loclists
                0x0000010f       0x49 build/NOS_Time.o
 .debug_loclists
                0x00000158      0x292 build/NOS_WS2812B_Strip.o
 .debug_loclists
                0x000003ea      0x307 build/WS2812B_Core.o
 .debug_loclists
                0x000006f1       0xa1 build/main.o
 .debug_loclists
                0x00000792       0x9b build/stm32f4xx_hal_msp.o
 .debug_loclists
                0x0000082d       0xdb build/system_stm32f4xx.o
 .debug_loclists
                0x00000908       0xc9 build/stm32f4xx_hal.o
 .debug_loclists
                0x000009d1      0x439 build/stm32f4xx_hal_cortex.o
 .debug_loclists
                0x00000e0a      0x763 build/stm32f4xx_hal_dma.o
 .debug_loclists
                0x0000156d      0x356 build/stm32f4xx_hal_gpio.o
 .debug_loclists
                0x000018c3      0x3a9 build/stm32f4xx_hal_rcc.o
 .debug_loclists
                0x00001c6c     0x32fb build/stm32f4xx_hal_tim.o
 .debug_loclists
                0x00004f67     0x125b build/stm32f4xx_hal_tim_ex.o
 .debug_loclists
                0x000061c2     0x2bbd build/stm32f4xx_hal_uart.o
 .debug_loclists
                0x00008d7f      0x984 c:/users/igorn/appdata/roaming/code/user/globalstorage/bmd.stm32-for-vscode/@xpack-dev-tools/arm-none-eabi-gcc/12.3.1-1.1.1/.content/bin/../lib/gcc/arm-none-eabi/12.3.1/thumb/v7e-m+fp/hard\libgcc.a(_udivmoddi4.o)

.debug_aranges  0x00000000      0xe30
 .debug_aranges
                0x00000000       0x20 build/NOS_GPIO.o
 .debug_aranges
                0x00000020       0x40 build/NOS_Math.o
 .debug_aranges
                0x00000060       0x58 build/NOS_Time.o
 .debug_aranges
                0x000000b8       0x50 build/NOS_WS2812B_Strip.o
 .debug_aranges
                0x00000108       0x88 build/WS2812B_Core.o
 .debug_aranges
                0x00000190       0x28 build/WS2812B_Effects.o
 .debug_aranges
                0x000001b8       0xb0 build/main.o
 .debug_aranges
                0x00000268       0x40 build/stm32f4xx_hal_msp.o
 .debug_aranges
                0x000002a8       0x68 build/stm32f4xx_it.o
 .debug_aranges
                0x00000310       0x28 build/system_stm32f4xx.o
 .debug_aranges
                0x00000338       0xf0 build/stm32f4xx_hal.o
 .debug_aranges
                0x00000428       0xd8 build/stm32f4xx_hal_cortex.o
 .debug_aranges
                0x00000500       0x90 build/stm32f4xx_hal_dma.o
 .debug_aranges
                0x00000590       0x58 build/stm32f4xx_hal_gpio.o
 .debug_aranges
                0x000005e8       0x88 build/stm32f4xx_hal_rcc.o
 .debug_aranges
                0x00000670      0x3d0 build/stm32f4xx_hal_tim.o
 .debug_aranges
                0x00000a40      0x168 build/stm32f4xx_hal_tim_ex.o
 .debug_aranges
                0x00000ba8      0x200 build/stm32f4xx_hal_uart.o
 .debug_aranges
                0x00000da8       0x28 build/startup_stm32f407xx.o
 .debug_aranges
                0x00000dd0       0x20 c:/users/igorn/appdata/roaming/code/user/globalstorage/bmd.stm32-for-vscode/@xpack-dev-tools/arm-none-eabi-gcc/12.3.1-1.1.1/.content/bin/../lib/gcc/arm-none-eabi/12.3.1/thumb/v7e-m+fp/hard\libgcc.a(_aeabi_uldivmod.o)
 .debug_aranges
                0x00000df0       0x20 c:/users/igorn/appdata/roaming/code/user/globalstorage/bmd.stm32-for-vscode/@xpack-dev-tools/arm-none-eabi-gcc/12.3.1-1.1.1/.content/bin/../lib/gcc/arm-none-eabi/12.3.1/thumb/v7e-m+fp/hard\libgcc.a(_udivmoddi4.o)
 .debug_aranges
                0x00000e10       0x20 c:/users/igorn/appdata/roaming/code/user/globalstorage/bmd.stm32-for-vscode/@xpack-dev-tools/arm-none-eabi-gcc/12.3.1-1.1.1/.content/bin/../lib/gcc/arm-none-eabi/12.3.1/thumb/v7e-m+fp/hard\libgcc.a(_dvmd_tls.o)

.debug_rnglists
                0x00000000      0xb34
 .debug_rnglists
                0x00000000       0x13 build/NOS_GPIO.o
 .debug_rnglists
                0x00000013       0x2b build/NOS_Math.o
 .debug_rnglists
                0x0000003e       0x3d build/NOS_Time.o
 .debug_rnglists
                0x0000007b       0x39 build/NOS_WS2812B_Strip.o
 .debug_rnglists
                0x000000b4       0x80 build/WS2812B_Core.o
 .debug_rnglists
                0x00000134       0x19 build/WS2812B_Effects.o
 .debug_rnglists
                0x0000014d       0x81 build/main.o
 .debug_rnglists
                0x000001ce       0x2b build/stm32f4xx_hal_msp.o
 .debug_rnglists
                0x000001f9       0x49 build/stm32f4xx_it.o
 .debug_rnglists
                0x00000242       0x1a build/system_stm32f4xx.o
 .debug_rnglists
                0x0000025c       0xaf build/stm32f4xx_hal.o
 .debug_rnglists
                0x0000030b       0x9d build/stm32f4xx_hal_cortex.o
 .debug_rnglists
                0x000003a8       0x6c build/stm32f4xx_hal_dma.o
 .debug_rnglists
                0x00000414       0x3f build/stm32f4xx_hal_gpio.o
 .debug_rnglists
                0x00000453       0x75 build/stm32f4xx_hal_rcc.o
 .debug_rnglists
                0x000004c8      0x302 build/stm32f4xx_hal_tim.o
 .debug_rnglists
                0x000007ca      0x11b build/stm32f4xx_hal_tim_ex.o
 .debug_rnglists
                0x000008e5      0x19b build/stm32f4xx_hal_uart.o
 .debug_rnglists
                0x00000a80       0x19 build/startup_stm32f407xx.o
 .debug_rnglists
                0x00000a99       0x9b c:/users/igorn/appdata/roaming/code/user/globalstorage/bmd.stm32-for-vscode/@xpack-dev-tools/arm-none-eabi-gcc/12.3.1-1.1.1/.content/bin/../lib/gcc/arm-none-eabi/12.3.1/thumb/v7e-m+fp/hard\libgcc.a(_udivmoddi4.o)

.debug_line     0x00000000    0x11377
 .debug_line    0x00000000      0x2ae build/NOS_GPIO.o
 .debug_line    0x000002ae      0x1bf build/NOS_Math.o
 .debug_line    0x0000046d      0x3ba build/NOS_Time.o
 .debug_line    0x00000827      0x491 build/NOS_WS2812B_Strip.o
 .debug_line    0x00000cb8      0xa5a build/WS2812B_Core.o
 .debug_line    0x00001712      0x26f build/WS2812B_Effects.o
 .debug_line    0x00001981      0x902 build/main.o
 .debug_line    0x00002283      0x3ab build/stm32f4xx_hal_msp.o
 .debug_line    0x0000262e      0x378 build/stm32f4xx_it.o
 .debug_line    0x000029a6      0x2f7 build/system_stm32f4xx.o
 .debug_line    0x00002c9d      0x60f build/stm32f4xx_hal.o
 .debug_line    0x000032ac      0x8ba build/stm32f4xx_hal_cortex.o
 .debug_line    0x00003b66      0xf03 build/stm32f4xx_hal_dma.o
 .debug_line    0x00004a69      0x766 build/stm32f4xx_hal_gpio.o
 .debug_line    0x000051cf      0xbab build/stm32f4xx_hal_rcc.o
 .debug_line    0x00005d7a     0x4aea build/stm32f4xx_hal_tim.o
 .debug_line    0x0000a864     0x1dd0 build/stm32f4xx_hal_tim_ex.o
 .debug_line    0x0000c634     0x4684 build/stm32f4xx_hal_uart.o
 .debug_line    0x00010cb8       0x76 build/startup_stm32f407xx.o
 .debug_line    0x00010d2e       0x4e c:/users/igorn/appdata/roaming/code/user/globalstorage/bmd.stm32-for-vscode/@xpack-dev-tools/arm-none-eabi-gcc/12.3.1-1.1.1/.content/bin/../lib/gcc/arm-none-eabi/12.3.1/thumb/v7e-m+fp/hard\libgcc.a(_aeabi_uldivmod.o)
 .debug_line    0x00010d7c      0x5b1 c:/users/igorn/appdata/roaming/code/user/globalstorage/bmd.stm32-for-vscode/@xpack-dev-tools/arm-none-eabi-gcc/12.3.1-1.1.1/.content/bin/../lib/gcc/arm-none-eabi/12.3.1/thumb/v7e-m+fp/hard\libgcc.a(_udivmoddi4.o)
 .debug_line    0x0001132d       0x4a c:/users/igorn/appdata/roaming/code/user/globalstorage/bmd.stm32-for-vscode/@xpack-dev-tools/arm-none-eabi-gcc/12.3.1-1.1.1/.content/bin/../lib/gcc/arm-none-eabi/12.3.1/thumb/v7e-m+fp/hard\libgcc.a(_dvmd_tls.o)

.debug_str      0x00000000     0x4bcc
 .debug_str     0x00000000      0x231 build/NOS_GPIO.o
                                0x28f (size before relaxing)
 .debug_str     0x00000231       0xda build/NOS_Math.o
                                0x243 (size before relaxing)
 .debug_str     0x0000030b      0x184 build/NOS_Time.o
                                0x30b (size before relaxing)
 .debug_str     0x0000048f      0x185 build/NOS_WS2812B_Strip.o
                                0x30a (size before relaxing)
 .debug_str     0x00000614      0xf16 build/WS2812B_Core.o
                               0x1198 (size before relaxing)
 .debug_str     0x0000152a       0x67 build/WS2812B_Effects.o
                                0x2b3 (size before relaxing)
 .debug_str     0x00001591      0x703 build/main.o
                               0x1719 (size before relaxing)
 .debug_str     0x00001c94       0xa7 build/stm32f4xx_hal_msp.o
                                0xfc4 (size before relaxing)
 .debug_str     0x00001d3b       0xd2 build/stm32f4xx_it.o
                                0x970 (size before relaxing)
 .debug_str     0x00001e0d       0xc8 build/system_stm32f4xx.o
                                0x348 (size before relaxing)
 .debug_str     0x00001ed5      0x34c build/stm32f4xx_hal.o
                                0xb37 (size before relaxing)
 .debug_str     0x00002221      0x424 build/stm32f4xx_hal_cortex.o
                                0xbff (size before relaxing)
 .debug_str     0x00002645      0x2be build/stm32f4xx_hal_dma.o
                                0x749 (size before relaxing)
 .debug_str     0x00002903       0xda build/stm32f4xx_hal_gpio.o
                                0x4b3 (size before relaxing)
 .debug_str     0x000029dd      0x1a1 build/stm32f4xx_hal_rcc.o
                                0x6d9 (size before relaxing)
 .debug_str     0x00002b7e      0xe19 build/stm32f4xx_hal_tim.o
                               0x16c2 (size before relaxing)
 .debug_str     0x00003997      0x4eb build/stm32f4xx_hal_tim_ex.o
                                0xede (size before relaxing)
 .debug_str     0x00003e82      0x5a8 build/stm32f4xx_hal_uart.o
                                0xd2c (size before relaxing)
 .debug_str     0x0000442a       0x32 build/startup_stm32f407xx.o
                                 0x51 (size before relaxing)
 .debug_str     0x0000445c      0x112 c:/users/igorn/appdata/roaming/code/user/globalstorage/bmd.stm32-for-vscode/@xpack-dev-tools/arm-none-eabi-gcc/12.3.1-1.1.1/.content/bin/../lib/gcc/arm-none-eabi/12.3.1/thumb/v7e-m+fp/hard\libgcc.a(_aeabi_uldivmod.o)
                                0x120 (size before relaxing)
 .debug_str     0x0000456e      0x5d3 c:/users/igorn/appdata/roaming/code/user/globalstorage/bmd.stm32-for-vscode/@xpack-dev-tools/arm-none-eabi-gcc/12.3.1-1.1.1/.content/bin/../lib/gcc/arm-none-eabi/12.3.1/thumb/v7e-m+fp/hard\libgcc.a(_udivmoddi4.o)
                                0x72a (size before relaxing)
 .debug_str     0x00004b41       0x8b c:/users/igorn/appdata/roaming/code/user/globalstorage/bmd.stm32-for-vscode/@xpack-dev-tools/arm-none-eabi-gcc/12.3.1-1.1.1/.content/bin/../lib/gcc/arm-none-eabi/12.3.1/thumb/v7e-m+fp/hard\libgcc.a(_dvmd_tls.o)
                                0x140 (size before relaxing)

.debug_frame    0x00000000     0x23d0
 .debug_frame   0x00000000       0x2c build/NOS_GPIO.o
 .debug_frame   0x0000002c       0x60 build/NOS_Math.o
 .debug_frame   0x0000008c       0x90 build/NOS_Time.o
 .debug_frame   0x0000011c       0xdc build/NOS_WS2812B_Strip.o
 .debug_frame   0x000001f8      0x1b4 build/WS2812B_Core.o
 .debug_frame   0x000003ac       0x40 build/WS2812B_Effects.o
 .debug_frame   0x000003ec      0x1a0 build/main.o
 .debug_frame   0x0000058c       0x94 build/stm32f4xx_hal_msp.o
 .debug_frame   0x00000620       0xc0 build/stm32f4xx_it.o
 .debug_frame   0x000006e0       0x30 build/system_stm32f4xx.o
 .debug_frame   0x00000710      0x1ec build/stm32f4xx_hal.o
 .debug_frame   0x000008fc      0x1cc build/stm32f4xx_hal_cortex.o
 .debug_frame   0x00000ac8      0x188 build/stm32f4xx_hal_dma.o
 .debug_frame   0x00000c50       0xd8 build/stm32f4xx_hal_gpio.o
 .debug_frame   0x00000d28      0x16c build/stm32f4xx_hal_rcc.o
 .debug_frame   0x00000e94      0xb0c build/stm32f4xx_hal_tim.o
 .debug_frame   0x000019a0      0x40c build/stm32f4xx_hal_tim_ex.o
 .debug_frame   0x00001dac      0x5c4 build/stm32f4xx_hal_uart.o
 .debug_frame   0x00002370       0x2c c:/users/igorn/appdata/roaming/code/user/globalstorage/bmd.stm32-for-vscode/@xpack-dev-tools/arm-none-eabi-gcc/12.3.1-1.1.1/.content/bin/../lib/gcc/arm-none-eabi/12.3.1/thumb/v7e-m+fp/hard\libgcc.a(_aeabi_uldivmod.o)
 .debug_frame   0x0000239c       0x34 c:/users/igorn/appdata/roaming/code/user/globalstorage/bmd.stm32-for-vscode/@xpack-dev-tools/arm-none-eabi-gcc/12.3.1-1.1.1/.content/bin/../lib/gcc/arm-none-eabi/12.3.1/thumb/v7e-m+fp/hard\libgcc.a(_udivmoddi4.o)

.debug_line_str
                0x00000000      0x153
 .debug_line_str
                0x00000000       0x35 build/startup_stm32f407xx.o
 .debug_line_str
                0x00000035      0x112 c:/users/igorn/appdata/roaming/code/user/globalstorage/bmd.stm32-for-vscode/@xpack-dev-tools/arm-none-eabi-gcc/12.3.1-1.1.1/.content/bin/../lib/gcc/arm-none-eabi/12.3.1/thumb/v7e-m+fp/hard\libgcc.a(_aeabi_uldivmod.o)
 .debug_line_str
                0x00000147        0xc c:/users/igorn/appdata/roaming/code/user/globalstorage/bmd.stm32-for-vscode/@xpack-dev-tools/arm-none-eabi-gcc/12.3.1-1.1.1/.content/bin/../lib/gcc/arm-none-eabi/12.3.1/thumb/v7e-m+fp/hard\libgcc.a(_dvmd_tls.o)
                                0x116 (size before relaxing)

Cross Reference Table

Symbol                                            File
ADC_IRQHandler                                    build/startup_stm32f407xx.o
AHBPrescTable                                     build/system_stm32f4xx.o
                                                  build/stm32f4xx_hal_rcc.o
APBPrescTable                                     build/system_stm32f4xx.o
                                                  build/stm32f4xx_hal_rcc.o
Attemption                                        build/WS2812B.o
BusFault_Handler                                  build/stm32f4xx_it.o
CAN1_RX0_IRQHandler                               build/startup_stm32f407xx.o
CAN1_RX1_IRQHandler                               build/startup_stm32f407xx.o
CAN1_SCE_IRQHandler                               build/startup_stm32f407xx.o
CAN1_TX_IRQHandler                                build/startup_stm32f407xx.o
CAN2_RX0_IRQHandler                               build/startup_stm32f407xx.o
CAN2_RX1_IRQHandler                               build/startup_stm32f407xx.o
CAN2_SCE_IRQHandler                               build/startup_stm32f407xx.o
CAN2_TX_IRQHandler                                build/startup_stm32f407xx.o
Celcium                                           build/WS2812B.o
ContinueReceive                                   build/main.o
DCMI_IRQHandler                                   build/startup_stm32f407xx.o
DMA1_Stream0_IRQHandler                           build/startup_stm32f407xx.o
DMA1_Stream1_IRQHandler                           build/startup_stm32f407xx.o
DMA1_Stream2_IRQHandler                           build/startup_stm32f407xx.o
DMA1_Stream3_IRQHandler                           build/startup_stm32f407xx.o
DMA1_Stream4_IRQHandler                           build/startup_stm32f407xx.o
DMA1_Stream5_IRQHandler                           build/startup_stm32f407xx.o
DMA1_Stream6_IRQHandler                           build/startup_stm32f407xx.o
DMA1_Stream7_IRQHandler                           build/startup_stm32f407xx.o
DMA2_Stream0_IRQHandler                           build/startup_stm32f407xx.o
DMA2_Stream1_IRQHandler                           build/startup_stm32f407xx.o
DMA2_Stream2_IRQHandler                           build/WS2812B_Core.o
DMA2_Stream3_IRQHandler                           build/startup_stm32f407xx.o
DMA2_Stream4_IRQHandler                           build/startup_stm32f407xx.o
DMA2_Stream5_IRQHandler                           build/startup_stm32f407xx.o
DMA2_Stream6_IRQHandler                           build/startup_stm32f407xx.o
DMA2_Stream7_IRQHandler                           build/startup_stm32f407xx.o
DMA_TransferCompleteHandler                       build/WS2812B_Core.o
DMA_TransferError                                 build/WS2812B_Core.o
DMA_TransferHalfHandler                           build/WS2812B_Core.o
DataVar                                           build/NOS_Memory.o
DebugMon_Handler                                  build/stm32f4xx_it.o
Default_Handler                                   build/startup_stm32f407xx.o
Dot                                               build/WS2812B.o
DoubleDot                                         build/WS2812B.o
EE_Init                                           build/NOS_Memory.o
EE_ReadVariable                                   build/NOS_Memory.o
EE_WriteVariable                                  build/NOS_Memory.o
ETH_IRQHandler                                    build/startup_stm32f407xx.o
ETH_WKUP_IRQHandler                               build/startup_stm32f407xx.o
EXTI0_IRQHandler                                  build/startup_stm32f407xx.o
EXTI15_10_IRQHandler                              build/startup_stm32f407xx.o
EXTI1_IRQHandler                                  build/startup_stm32f407xx.o
EXTI2_IRQHandler                                  build/startup_stm32f407xx.o
EXTI3_IRQHandler                                  build/main.o
EXTI4_IRQHandler                                  build/startup_stm32f407xx.o
EXTI9_5_IRQHandler                                build/startup_stm32f407xx.o
Eng_A                                             build/WS2812B.o
Eng_B                                             build/WS2812B.o
Eng_C                                             build/WS2812B.o
Eng_D                                             build/WS2812B.o
Eng_E                                             build/WS2812B.o
Eng_F                                             build/WS2812B.o
Eng_G                                             build/WS2812B.o
Eng_H                                             build/WS2812B.o
Eng_I                                             build/WS2812B.o
Eng_J                                             build/WS2812B.o
Eng_K                                             build/WS2812B.o
Eng_L                                             build/WS2812B.o
Eng_M                                             build/WS2812B.o
Eng_N                                             build/WS2812B.o
Eng_O                                             build/WS2812B.o
Eng_P                                             build/WS2812B.o
Eng_Q                                             build/WS2812B.o
Eng_R                                             build/WS2812B.o
Eng_S                                             build/WS2812B.o
Eng_T                                             build/WS2812B.o
Eng_U                                             build/WS2812B.o
Eng_V                                             build/WS2812B.o
Eng_W                                             build/WS2812B.o
Eng_X                                             build/WS2812B.o
Eng_Y                                             build/WS2812B.o
Eng_Z                                             build/WS2812B.o
Eng_a                                             build/WS2812B.o
Eng_c                                             build/WS2812B.o
Eng_o                                             build/WS2812B.o
Eng_r                                             build/WS2812B.o
Eng_u                                             build/WS2812B.o
Eng_v                                             build/WS2812B.o
Error_Handler                                     build/main.o
FLASH_Erase_Sector                                build/stm32f4xx_hal_flash_ex.o
                                                  build/stm32f4xx_hal_flash.o
FLASH_FlushCaches                                 build/stm32f4xx_hal_flash_ex.o
                                                  build/stm32f4xx_hal_flash.o
FLASH_IRQHandler                                  build/startup_stm32f407xx.o
FLASH_WaitForLastOperation                        build/stm32f4xx_hal_flash.o
                                                  build/stm32f4xx_hal_flash_ex.o
FPU_IRQHandler                                    build/startup_stm32f407xx.o
FSMC_IRQHandler                                   build/startup_stm32f407xx.o
FullSym                                           build/WS2812B.o
GetCRC16                                          build/NOS_ModBus.o
GetPixelPos                                       build/WS2812B.o
GetRandomFigure                                   build/NOS_WS2812B_TetrisGame.o
HAL_DBGMCU_DisableDBGSleepMode                    build/stm32f4xx_hal.o
HAL_DBGMCU_DisableDBGStandbyMode                  build/stm32f4xx_hal.o
HAL_DBGMCU_DisableDBGStopMode                     build/stm32f4xx_hal.o
HAL_DBGMCU_EnableDBGSleepMode                     build/stm32f4xx_hal.o
HAL_DBGMCU_EnableDBGStandbyMode                   build/stm32f4xx_hal.o
HAL_DBGMCU_EnableDBGStopMode                      build/stm32f4xx_hal.o
HAL_DMAEx_ChangeMemory                            build/stm32f4xx_hal_dma_ex.o
HAL_DMAEx_MultiBufferStart                        build/stm32f4xx_hal_dma_ex.o
HAL_DMAEx_MultiBufferStart_IT                     build/stm32f4xx_hal_dma_ex.o
HAL_DMA_Abort                                     build/stm32f4xx_hal_dma.o
                                                  build/stm32f4xx_hal_uart.o
HAL_DMA_Abort_IT                                  build/stm32f4xx_hal_dma.o
                                                  build/stm32f4xx_hal_uart.o
                                                  build/stm32f4xx_hal_tim_ex.o
                                                  build/stm32f4xx_hal_tim.o
HAL_DMA_DeInit                                    build/stm32f4xx_hal_dma.o
                                                  build/WS2812B_Core.o
HAL_DMA_GetError                                  build/stm32f4xx_hal_dma.o
                                                  build/stm32f4xx_hal_uart.o
HAL_DMA_GetState                                  build/stm32f4xx_hal_dma.o
HAL_DMA_IRQHandler                                build/stm32f4xx_hal_dma.o
                                                  build/WS2812B_Core.o
HAL_DMA_Init                                      build/stm32f4xx_hal_dma.o
                                                  build/WS2812B_Core.o
HAL_DMA_PollForTransfer                           build/stm32f4xx_hal_dma.o
HAL_DMA_RegisterCallback                          build/stm32f4xx_hal_dma.o
HAL_DMA_Start                                     build/stm32f4xx_hal_dma.o
                                                  build/WS2812B_Core.o
HAL_DMA_Start_IT                                  build/stm32f4xx_hal_dma.o
                                                  build/stm32f4xx_hal_uart.o
                                                  build/stm32f4xx_hal_tim_ex.o
                                                  build/stm32f4xx_hal_tim.o
                                                  build/WS2812B_Core.o
HAL_DMA_UnRegisterCallback                        build/stm32f4xx_hal_dma.o
HAL_DeInit                                        build/stm32f4xx_hal.o
HAL_Delay                                         build/stm32f4xx_hal.o
HAL_DisableCompensationCell                       build/stm32f4xx_hal.o
HAL_EXTI_ClearConfigLine                          build/stm32f4xx_hal_exti.o
HAL_EXTI_ClearPending                             build/stm32f4xx_hal_exti.o
HAL_EXTI_GenerateSWI                              build/stm32f4xx_hal_exti.o
HAL_EXTI_GetConfigLine                            build/stm32f4xx_hal_exti.o
HAL_EXTI_GetHandle                                build/stm32f4xx_hal_exti.o
HAL_EXTI_GetPending                               build/stm32f4xx_hal_exti.o
HAL_EXTI_IRQHandler                               build/stm32f4xx_hal_exti.o
HAL_EXTI_RegisterCallback                         build/stm32f4xx_hal_exti.o
HAL_EXTI_SetConfigLine                            build/stm32f4xx_hal_exti.o
HAL_EnableCompensationCell                        build/stm32f4xx_hal.o
HAL_FLASHEx_Erase                                 build/stm32f4xx_hal_flash_ex.o
                                                  build/NOS_Memory.o
HAL_FLASHEx_Erase_IT                              build/stm32f4xx_hal_flash_ex.o
HAL_FLASHEx_OBGetConfig                           build/stm32f4xx_hal_flash_ex.o
HAL_FLASHEx_OBProgram                             build/stm32f4xx_hal_flash_ex.o
HAL_FLASH_EndOfOperationCallback                  build/stm32f4xx_hal_flash.o
HAL_FLASH_GetError                                build/stm32f4xx_hal_flash.o
HAL_FLASH_IRQHandler                              build/stm32f4xx_hal_flash.o
HAL_FLASH_Lock                                    build/stm32f4xx_hal_flash.o
HAL_FLASH_OB_Launch                               build/stm32f4xx_hal_flash.o
HAL_FLASH_OB_Lock                                 build/stm32f4xx_hal_flash.o
HAL_FLASH_OB_Unlock                               build/stm32f4xx_hal_flash.o
HAL_FLASH_OperationErrorCallback                  build/stm32f4xx_hal_flash.o
HAL_FLASH_Program                                 build/stm32f4xx_hal_flash.o
                                                  build/NOS_Memory.o
HAL_FLASH_Program_IT                              build/stm32f4xx_hal_flash.o
HAL_FLASH_Unlock                                  build/stm32f4xx_hal_flash.o
HAL_GPIO_DeInit                                   build/stm32f4xx_hal_gpio.o
                                                  build/stm32f4xx_hal_msp.o
HAL_GPIO_EXTI_Callback                            build/stm32f4xx_hal_gpio.o
HAL_GPIO_EXTI_IRQHandler                          build/stm32f4xx_hal_gpio.o
                                                  build/main.o
HAL_GPIO_Init                                     build/stm32f4xx_hal_gpio.o
                                                  build/stm32f4xx_hal_rcc.o
                                                  build/stm32f4xx_hal_msp.o
                                                  build/main.o
                                                  build/WS2812B_Core.o
                                                  build/NOS_GPIO.o
HAL_GPIO_LockPin                                  build/stm32f4xx_hal_gpio.o
HAL_GPIO_ReadPin                                  build/stm32f4xx_hal_gpio.o
                                                  build/main.o
HAL_GPIO_TogglePin                                build/stm32f4xx_hal_gpio.o
                                                  build/main.o
HAL_GPIO_WritePin                                 build/stm32f4xx_hal_gpio.o
                                                  build/main.o
HAL_GetDEVID                                      build/stm32f4xx_hal.o
HAL_GetHalVersion                                 build/stm32f4xx_hal.o
HAL_GetREVID                                      build/stm32f4xx_hal.o
HAL_GetTick                                       build/stm32f4xx_hal.o
                                                  build/stm32f4xx_hal_uart.o
                                                  build/stm32f4xx_hal_rcc_ex.o
                                                  build/stm32f4xx_hal_rcc.o
                                                  build/stm32f4xx_hal_pwr_ex.o
                                                  build/stm32f4xx_hal_flash.o
                                                  build/stm32f4xx_hal_dma.o
HAL_GetTickFreq                                   build/stm32f4xx_hal.o
HAL_GetTickPrio                                   build/stm32f4xx_hal.o
HAL_GetUIDw0                                      build/stm32f4xx_hal.o
HAL_GetUIDw1                                      build/stm32f4xx_hal.o
HAL_GetUIDw2                                      build/stm32f4xx_hal.o
HAL_HalfDuplex_EnableReceiver                     build/stm32f4xx_hal_uart.o
HAL_HalfDuplex_EnableTransmitter                  build/stm32f4xx_hal_uart.o
HAL_HalfDuplex_Init                               build/stm32f4xx_hal_uart.o
HAL_IncTick                                       build/stm32f4xx_hal.o
                                                  build/main.o
HAL_Init                                          build/stm32f4xx_hal.o
                                                  build/main.o
HAL_InitTick                                      build/stm32f4xx_hal.o
                                                  build/stm32f4xx_hal_rcc_ex.o
                                                  build/stm32f4xx_hal_rcc.o
HAL_LIN_Init                                      build/stm32f4xx_hal_uart.o
HAL_LIN_SendBreak                                 build/stm32f4xx_hal_uart.o
HAL_MPU_ConfigRegion                              build/stm32f4xx_hal_cortex.o
HAL_MPU_Disable                                   build/stm32f4xx_hal_cortex.o
HAL_MPU_Enable                                    build/stm32f4xx_hal_cortex.o
HAL_MspDeInit                                     build/stm32f4xx_hal.o
HAL_MspInit                                       build/stm32f4xx_hal_msp.o
HAL_MultiProcessor_EnterMuteMode                  build/stm32f4xx_hal_uart.o
HAL_MultiProcessor_ExitMuteMode                   build/stm32f4xx_hal_uart.o
HAL_MultiProcessor_Init                           build/stm32f4xx_hal_uart.o
HAL_NVIC_ClearPendingIRQ                          build/stm32f4xx_hal_cortex.o
HAL_NVIC_DisableIRQ                               build/stm32f4xx_hal_cortex.o
                                                  build/stm32f4xx_hal_msp.o
HAL_NVIC_EnableIRQ                                build/stm32f4xx_hal_cortex.o
                                                  build/stm32f4xx_hal_msp.o
                                                  build/main.o
                                                  build/WS2812B_Core.o
HAL_NVIC_GetActive                                build/stm32f4xx_hal_cortex.o
HAL_NVIC_GetPendingIRQ                            build/stm32f4xx_hal_cortex.o
HAL_NVIC_GetPriority                              build/stm32f4xx_hal_cortex.o
HAL_NVIC_GetPriorityGrouping                      build/stm32f4xx_hal_cortex.o
HAL_NVIC_SetPendingIRQ                            build/stm32f4xx_hal_cortex.o
HAL_NVIC_SetPriority                              build/stm32f4xx_hal_cortex.o
                                                  build/stm32f4xx_hal.o
                                                  build/stm32f4xx_hal_msp.o
                                                  build/main.o
                                                  build/WS2812B_Core.o
HAL_NVIC_SetPriorityGrouping                      build/stm32f4xx_hal_cortex.o
                                                  build/stm32f4xx_hal.o
HAL_NVIC_SystemReset                              build/stm32f4xx_hal_cortex.o
HAL_PWREx_ControlVoltageScaling                   build/stm32f4xx_hal_pwr_ex.o
HAL_PWREx_DisableBkUpReg                          build/stm32f4xx_hal_pwr_ex.o
HAL_PWREx_DisableFlashPowerDown                   build/stm32f4xx_hal_pwr_ex.o
HAL_PWREx_EnableBkUpReg                           build/stm32f4xx_hal_pwr_ex.o
HAL_PWREx_EnableFlashPowerDown                    build/stm32f4xx_hal_pwr_ex.o
HAL_PWREx_GetVoltageRange                         build/stm32f4xx_hal_pwr_ex.o
HAL_PWR_ConfigPVD                                 build/stm32f4xx_hal_pwr.o
HAL_PWR_DeInit                                    build/stm32f4xx_hal_pwr.o
HAL_PWR_DisableBkUpAccess                         build/stm32f4xx_hal_pwr.o
HAL_PWR_DisablePVD                                build/stm32f4xx_hal_pwr.o
HAL_PWR_DisableSEVOnPend                          build/stm32f4xx_hal_pwr.o
HAL_PWR_DisableSleepOnExit                        build/stm32f4xx_hal_pwr.o
HAL_PWR_DisableWakeUpPin                          build/stm32f4xx_hal_pwr.o
HAL_PWR_EnableBkUpAccess                          build/stm32f4xx_hal_pwr.o
HAL_PWR_EnablePVD                                 build/stm32f4xx_hal_pwr.o
HAL_PWR_EnableSEVOnPend                           build/stm32f4xx_hal_pwr.o
HAL_PWR_EnableSleepOnExit                         build/stm32f4xx_hal_pwr.o
HAL_PWR_EnableWakeUpPin                           build/stm32f4xx_hal_pwr.o
HAL_PWR_EnterSLEEPMode                            build/stm32f4xx_hal_pwr.o
HAL_PWR_EnterSTANDBYMode                          build/stm32f4xx_hal_pwr.o
HAL_PWR_EnterSTOPMode                             build/stm32f4xx_hal_pwr.o
HAL_PWR_PVDCallback                               build/stm32f4xx_hal_pwr.o
HAL_PWR_PVD_IRQHandler                            build/stm32f4xx_hal_pwr.o
HAL_RCCEx_DisablePLLI2S                           build/stm32f4xx_hal_rcc_ex.o
HAL_RCCEx_EnablePLLI2S                            build/stm32f4xx_hal_rcc_ex.o
HAL_RCCEx_GetPeriphCLKConfig                      build/stm32f4xx_hal_rcc_ex.o
HAL_RCCEx_GetPeriphCLKFreq                        build/stm32f4xx_hal_rcc_ex.o
HAL_RCCEx_PeriphCLKConfig                         build/stm32f4xx_hal_rcc_ex.o
HAL_RCC_CSSCallback                               build/stm32f4xx_hal_rcc.o
HAL_RCC_ClockConfig                               build/stm32f4xx_hal_rcc.o
                                                  build/main.o
HAL_RCC_DeInit                                    build/stm32f4xx_hal_rcc_ex.o
                                                  build/stm32f4xx_hal_rcc.o
HAL_RCC_DisableCSS                                build/stm32f4xx_hal_rcc.o
HAL_RCC_EnableCSS                                 build/stm32f4xx_hal_rcc.o
HAL_RCC_GetClockConfig                            build/stm32f4xx_hal_rcc.o
HAL_RCC_GetHCLKFreq                               build/stm32f4xx_hal_rcc.o
HAL_RCC_GetOscConfig                              build/stm32f4xx_hal_rcc.o
HAL_RCC_GetPCLK1Freq                              build/stm32f4xx_hal_rcc.o
                                                  build/stm32f4xx_hal_uart.o
HAL_RCC_GetPCLK2Freq                              build/stm32f4xx_hal_rcc.o
                                                  build/stm32f4xx_hal_uart.o
HAL_RCC_GetSysClockFreq                           build/stm32f4xx_hal_rcc.o
HAL_RCC_MCOConfig                                 build/stm32f4xx_hal_rcc.o
HAL_RCC_NMI_IRQHandler                            build/stm32f4xx_hal_rcc.o
HAL_RCC_OscConfig                                 build/stm32f4xx_hal_rcc.o
                                                  build/main.o
HAL_ResumeTick                                    build/stm32f4xx_hal.o
HAL_SYSTICK_CLKSourceConfig                       build/stm32f4xx_hal_cortex.o
HAL_SYSTICK_Callback                              build/stm32f4xx_hal_cortex.o
HAL_SYSTICK_Config                                build/stm32f4xx_hal_cortex.o
                                                  build/stm32f4xx_hal.o
HAL_SYSTICK_IRQHandler                            build/stm32f4xx_hal_cortex.o
HAL_SetTickFreq                                   build/stm32f4xx_hal.o
HAL_SuspendTick                                   build/stm32f4xx_hal.o
HAL_TIMEx_BreakCallback                           build/stm32f4xx_hal_tim_ex.o
                                                  build/stm32f4xx_hal_tim.o
HAL_TIMEx_CommutCallback                          build/stm32f4xx_hal_tim_ex.o
                                                  build/stm32f4xx_hal_tim.o
HAL_TIMEx_CommutHalfCpltCallback                  build/stm32f4xx_hal_tim_ex.o
HAL_TIMEx_ConfigBreakDeadTime                     build/stm32f4xx_hal_tim_ex.o
HAL_TIMEx_ConfigCommutEvent                       build/stm32f4xx_hal_tim_ex.o
HAL_TIMEx_ConfigCommutEvent_DMA                   build/stm32f4xx_hal_tim_ex.o
HAL_TIMEx_ConfigCommutEvent_IT                    build/stm32f4xx_hal_tim_ex.o
HAL_TIMEx_GetChannelNState                        build/stm32f4xx_hal_tim_ex.o
HAL_TIMEx_HallSensor_DeInit                       build/stm32f4xx_hal_tim_ex.o
HAL_TIMEx_HallSensor_GetState                     build/stm32f4xx_hal_tim_ex.o
HAL_TIMEx_HallSensor_Init                         build/stm32f4xx_hal_tim_ex.o
HAL_TIMEx_HallSensor_MspDeInit                    build/stm32f4xx_hal_tim_ex.o
HAL_TIMEx_HallSensor_MspInit                      build/stm32f4xx_hal_tim_ex.o
HAL_TIMEx_HallSensor_Start                        build/stm32f4xx_hal_tim_ex.o
HAL_TIMEx_HallSensor_Start_DMA                    build/stm32f4xx_hal_tim_ex.o
HAL_TIMEx_HallSensor_Start_IT                     build/stm32f4xx_hal_tim_ex.o
HAL_TIMEx_HallSensor_Stop                         build/stm32f4xx_hal_tim_ex.o
HAL_TIMEx_HallSensor_Stop_DMA                     build/stm32f4xx_hal_tim_ex.o
HAL_TIMEx_HallSensor_Stop_IT                      build/stm32f4xx_hal_tim_ex.o
HAL_TIMEx_MasterConfigSynchronization             build/stm32f4xx_hal_tim_ex.o
                                                  build/main.o
HAL_TIMEx_OCN_Start                               build/stm32f4xx_hal_tim_ex.o
HAL_TIMEx_OCN_Start_DMA                           build/stm32f4xx_hal_tim_ex.o
HAL_TIMEx_OCN_Start_IT                            build/stm32f4xx_hal_tim_ex.o
HAL_TIMEx_OCN_Stop                                build/stm32f4xx_hal_tim_ex.o
HAL_TIMEx_OCN_Stop_DMA                            build/stm32f4xx_hal_tim_ex.o
HAL_TIMEx_OCN_Stop_IT                             build/stm32f4xx_hal_tim_ex.o
HAL_TIMEx_OnePulseN_Start                         build/stm32f4xx_hal_tim_ex.o
HAL_TIMEx_OnePulseN_Start_IT                      build/stm32f4xx_hal_tim_ex.o
HAL_TIMEx_OnePulseN_Stop                          build/stm32f4xx_hal_tim_ex.o
HAL_TIMEx_OnePulseN_Stop_IT                       build/stm32f4xx_hal_tim_ex.o
HAL_TIMEx_PWMN_Start                              build/stm32f4xx_hal_tim_ex.o
HAL_TIMEx_PWMN_Start_DMA                          build/stm32f4xx_hal_tim_ex.o
HAL_TIMEx_PWMN_Start_IT                           build/stm32f4xx_hal_tim_ex.o
HAL_TIMEx_PWMN_Stop                               build/stm32f4xx_hal_tim_ex.o
HAL_TIMEx_PWMN_Stop_DMA                           build/stm32f4xx_hal_tim_ex.o
HAL_TIMEx_PWMN_Stop_IT                            build/stm32f4xx_hal_tim_ex.o
HAL_TIMEx_RemapConfig                             build/stm32f4xx_hal_tim_ex.o
HAL_TIM_Base_DeInit                               build/stm32f4xx_hal_tim.o
HAL_TIM_Base_GetState                             build/stm32f4xx_hal_tim.o
HAL_TIM_Base_Init                                 build/stm32f4xx_hal_tim.o
                                                  build/main.o
HAL_TIM_Base_MspDeInit                            build/stm32f4xx_hal_msp.o
HAL_TIM_Base_MspInit                              build/stm32f4xx_hal_msp.o
HAL_TIM_Base_Start                                build/stm32f4xx_hal_tim.o
                                                  build/WS2812B_Core.o
HAL_TIM_Base_Start_DMA                            build/stm32f4xx_hal_tim.o
HAL_TIM_Base_Start_IT                             build/stm32f4xx_hal_tim.o
HAL_TIM_Base_Stop                                 build/stm32f4xx_hal_tim.o
HAL_TIM_Base_Stop_DMA                             build/stm32f4xx_hal_tim.o
HAL_TIM_Base_Stop_IT                              build/stm32f4xx_hal_tim.o
HAL_TIM_ConfigClockSource                         build/stm32f4xx_hal_tim.o
HAL_TIM_ConfigOCrefClear                          build/stm32f4xx_hal_tim.o
HAL_TIM_ConfigTI1Input                            build/stm32f4xx_hal_tim.o
HAL_TIM_DMABurstState                             build/stm32f4xx_hal_tim.o
HAL_TIM_DMABurst_MultiReadStart                   build/stm32f4xx_hal_tim.o
HAL_TIM_DMABurst_MultiWriteStart                  build/stm32f4xx_hal_tim.o
HAL_TIM_DMABurst_ReadStart                        build/stm32f4xx_hal_tim.o
HAL_TIM_DMABurst_ReadStop                         build/stm32f4xx_hal_tim.o
HAL_TIM_DMABurst_WriteStart                       build/stm32f4xx_hal_tim.o
HAL_TIM_DMABurst_WriteStop                        build/stm32f4xx_hal_tim.o
HAL_TIM_Encoder_DeInit                            build/stm32f4xx_hal_tim.o
HAL_TIM_Encoder_GetState                          build/stm32f4xx_hal_tim.o
HAL_TIM_Encoder_Init                              build/stm32f4xx_hal_tim.o
HAL_TIM_Encoder_MspDeInit                         build/stm32f4xx_hal_tim.o
HAL_TIM_Encoder_MspInit                           build/stm32f4xx_hal_tim.o
HAL_TIM_Encoder_Start                             build/stm32f4xx_hal_tim.o
HAL_TIM_Encoder_Start_DMA                         build/stm32f4xx_hal_tim.o
HAL_TIM_Encoder_Start_IT                          build/stm32f4xx_hal_tim.o
HAL_TIM_Encoder_Stop                              build/stm32f4xx_hal_tim.o
HAL_TIM_Encoder_Stop_DMA                          build/stm32f4xx_hal_tim.o
HAL_TIM_Encoder_Stop_IT                           build/stm32f4xx_hal_tim.o
HAL_TIM_ErrorCallback                             build/stm32f4xx_hal_tim.o
                                                  build/stm32f4xx_hal_tim_ex.o
HAL_TIM_GenerateEvent                             build/stm32f4xx_hal_tim.o
HAL_TIM_GetActiveChannel                          build/stm32f4xx_hal_tim.o
HAL_TIM_GetChannelState                           build/stm32f4xx_hal_tim.o
HAL_TIM_IC_CaptureCallback                        build/stm32f4xx_hal_tim.o
HAL_TIM_IC_CaptureHalfCpltCallback                build/stm32f4xx_hal_tim.o
HAL_TIM_IC_ConfigChannel                          build/stm32f4xx_hal_tim.o
HAL_TIM_IC_DeInit                                 build/stm32f4xx_hal_tim.o
HAL_TIM_IC_GetState                               build/stm32f4xx_hal_tim.o
HAL_TIM_IC_Init                                   build/stm32f4xx_hal_tim.o
HAL_TIM_IC_MspDeInit                              build/stm32f4xx_hal_tim.o
HAL_TIM_IC_MspInit                                build/stm32f4xx_hal_tim.o
HAL_TIM_IC_Start                                  build/stm32f4xx_hal_tim.o
HAL_TIM_IC_Start_DMA                              build/stm32f4xx_hal_tim.o
HAL_TIM_IC_Start_IT                               build/stm32f4xx_hal_tim.o
HAL_TIM_IC_Stop                                   build/stm32f4xx_hal_tim.o