Archive member included to satisfy reference by file (symbol)

c:/users/igorn/appdata/roaming/code/user/globalstorage/bmd.stm32-for-vscode/@xpack-dev-tools/arm-none-eabi-gcc/12.3.1-1.1.1/.content/bin/../lib/gcc/arm-none-eabi/12.3.1/../../../../arm-none-eabi/lib/thumb/v7e-m+fp/hard\libc_nano.a(libc_a-atexit.o)
                              c:/users/igorn/appdata/roaming/code/user/globalstorage/bmd.stm32-for-vscode/@xpack-dev-tools/arm-none-eabi-gcc/12.3.1-1.1.1/.content/bin/../lib/gcc/arm-none-eabi/12.3.1/../../../../arm-none-eabi/lib/thumb/v7e-m+fp/hard/crt0.o (atexit)
c:/users/igorn/appdata/roaming/code/user/globalstorage/bmd.stm32-for-vscode/@xpack-dev-tools/arm-none-eabi-gcc/12.3.1-1.1.1/.content/bin/../lib/gcc/arm-none-eabi/12.3.1/../../../../arm-none-eabi/lib/thumb/v7e-m+fp/hard\libc_nano.a(libc_a-exit.o)
                              c:/users/igorn/appdata/roaming/code/user/globalstorage/bmd.stm32-for-vscode/@xpack-dev-tools/arm-none-eabi-gcc/12.3.1-1.1.1/.content/bin/../lib/gcc/arm-none-eabi/12.3.1/../../../../arm-none-eabi/lib/thumb/v7e-m+fp/hard/crt0.o (exit)
c:/users/igorn/appdata/roaming/code/user/globalstorage/bmd.stm32-for-vscode/@xpack-dev-tools/arm-none-eabi-gcc/12.3.1-1.1.1/.content/bin/../lib/gcc/arm-none-eabi/12.3.1/../../../../arm-none-eabi/lib/thumb/v7e-m+fp/hard\libc_nano.a(libc_a-findfp.o)
                              c:/users/igorn/appdata/roaming/code/user/globalstorage/bmd.stm32-for-vscode/@xpack-dev-tools/arm-none-eabi-gcc/12.3.1-1.1.1/.content/bin/../lib/gcc/arm-none-eabi/12.3.1/../../../../arm-none-eabi/lib/thumb/v7e-m+fp/hard\libc_nano.a(libc_a-exit.o) (__stdio_exit_handler)
c:/users/igorn/appdata/roaming/code/user/globalstorage/bmd.stm32-for-vscode/@xpack-dev-tools/arm-none-eabi-gcc/12.3.1-1.1.1/.content/bin/../lib/gcc/arm-none-eabi/12.3.1/../../../../arm-none-eabi/lib/thumb/v7e-m+fp/hard\libc_nano.a(libc_a-fwalk.o)
                              c:/users/igorn/appdata/roaming/code/user/globalstorage/bmd.stm32-for-vscode/@xpack-dev-tools/arm-none-eabi-gcc/12.3.1-1.1.1/.content/bin/../lib/gcc/arm-none-eabi/12.3.1/../../../../arm-none-eabi/lib/thumb/v7e-m+fp/hard\libc_nano.a(libc_a-findfp.o) (_fwalk_sglue)
c:/users/igorn/appdata/roaming/code/user/globalstorage/bmd.stm32-for-vscode/@xpack-dev-tools/arm-none-eabi-gcc/12.3.1-1.1.1/.content/bin/../lib/gcc/arm-none-eabi/12.3.1/../../../../arm-none-eabi/lib/thumb/v7e-m+fp/hard\libc_nano.a(libc_a-stdio.o)
                              c:/users/igorn/appdata/roaming/code/user/globalstorage/bmd.stm32-for-vscode/@xpack-dev-tools/arm-none-eabi-gcc/12.3.1-1.1.1/.content/bin/../lib/gcc/arm-none-eabi/12.3.1/../../../../arm-none-eabi/lib/thumb/v7e-m+fp/hard\libc_nano.a(libc_a-findfp.o) (__sread)
c:/users/igorn/appdata/roaming/code/user/globalstorage/bmd.stm32-for-vscode/@xpack-dev-tools/arm-none-eabi-gcc/12.3.1-1.1.1/.content/bin/../lib/gcc/arm-none-eabi/12.3.1/../../../../arm-none-eabi/lib/thumb/v7e-m+fp/hard\libc_nano.a(libc_a-memset.o)
                              c:/users/igorn/appdata/roaming/code/user/globalstorage/bmd.stm32-for-vscode/@xpack-dev-tools/arm-none-eabi-gcc/12.3.1-1.1.1/.content/bin/../lib/gcc/arm-none-eabi/12.3.1/../../../../arm-none-eabi/lib/thumb/v7e-m+fp/hard/crt0.o (memset)
c:/users/igorn/appdata/roaming/code/user/globalstorage/bmd.stm32-for-vscode/@xpack-dev-tools/arm-none-eabi-gcc/12.3.1-1.1.1/.content/bin/../lib/gcc/arm-none-eabi/12.3.1/../../../../arm-none-eabi/lib/thumb/v7e-m+fp/hard\libc_nano.a(libc_a-locale.o)
                              build/debug/Core/Src/NOS_LIB_Driver/Src/WS2812B.o (setlocale)
c:/users/igorn/appdata/roaming/code/user/globalstorage/bmd.stm32-for-vscode/@xpack-dev-tools/arm-none-eabi-gcc/12.3.1-1.1.1/.content/bin/../lib/gcc/arm-none-eabi/12.3.1/../../../../arm-none-eabi/lib/thumb/v7e-m+fp/hard\libc_nano.a(libc_a-closer.o)
                              c:/users/igorn/appdata/roaming/code/user/globalstorage/bmd.stm32-for-vscode/@xpack-dev-tools/arm-none-eabi-gcc/12.3.1-1.1.1/.content/bin/../lib/gcc/arm-none-eabi/12.3.1/../../../../arm-none-eabi/lib/thumb/v7e-m+fp/hard\libc_nano.a(libc_a-stdio.o) (_close_r)
c:/users/igorn/appdata/roaming/code/user/globalstorage/bmd.stm32-for-vscode/@xpack-dev-tools/arm-none-eabi-gcc/12.3.1-1.1.1/.content/bin/../lib/gcc/arm-none-eabi/12.3.1/../../../../arm-none-eabi/lib/thumb/v7e-m+fp/hard\libc_nano.a(libc_a-reent.o)
                              c:/users/igorn/appdata/roaming/code/user/globalstorage/bmd.stm32-for-vscode/@xpack-dev-tools/arm-none-eabi-gcc/12.3.1-1.1.1/.content/bin/../lib/gcc/arm-none-eabi/12.3.1/../../../../arm-none-eabi/lib/thumb/v7e-m+fp/hard\libc_nano.a(libc_a-closer.o) (errno)
c:/users/igorn/appdata/roaming/code/user/globalstorage/bmd.stm32-for-vscode/@xpack-dev-tools/arm-none-eabi-gcc/12.3.1-1.1.1/.content/bin/../lib/gcc/arm-none-eabi/12.3.1/../../../../arm-none-eabi/lib/thumb/v7e-m+fp/hard\libc_nano.a(libc_a-impure.o)
[...]
Memory Configuration

Name             Origin             Length             Attributes
RAM              0x20000000         0x00020000         xrw
CCMRAM           0x10000000         0x00010000         xrw
FLASH            0x08000000         0x00100000         xr
*default*        0x00000000         0xffffffff

Linker script and memory map

LOAD c:/users/igorn/appdata/roaming/code/user/globalstorage/bmd.stm32-for-vscode/@xpack-dev-tools/arm-none-eabi-gcc/12.3.1-1.1.1/.content/bin/../lib/gcc/arm-none-eabi/12.3.1/thumb/v7e-m+fp/hard/crti.o
LOAD c:/users/igorn/appdata/roaming/code/user/globalstorage/bmd.stm32-for-vscode/@xpack-dev-tools/arm-none-eabi-gcc/12.3.1-1.1.1/.content/bin/../lib/gcc/arm-none-eabi/12.3.1/thumb/v7e-m+fp/hard/crtbegin.o
LOAD c:/users/igorn/appdata/roaming/code/user/globalstorage/bmd.stm32-for-vscode/@xpack-dev-tools/arm-none-eabi-gcc/12.3.1-1.1.1/.content/bin/../lib/gcc/arm-none-eabi/12.3.1/../../../../arm-none-eabi/lib/thumb/v7e-m+fp/hard/crt0.o
LOAD build/debug/Core/Src/NOS_16_Games/Tetris/NOS_WS2812B_TetrisGame.o
LOAD build/debug/Core/Src/NOS_Core/NOS_Core.o
LOAD build/debug/Core/Src/NOS_LIB_Driver/Src/NOS_BaseColors.o
LOAD build/debug/Core/Src/NOS_LIB_Driver/Src/NOS_Button.o
LOAD build/debug/Core/Src/NOS_LIB_Driver/Src/NOS_FlashMemory.o
LOAD build/debug/Core/Src/NOS_LIB_Driver/Src/NOS_GPIO.o
LOAD build/debug/Core/Src/NOS_LIB_Driver/Src/NOS_Math.o
LOAD build/debug/Core/Src/NOS_LIB_Driver/Src/NOS_ModBus.o
LOAD build/debug/Core/Src/NOS_LIB_Driver/Src/NOS_Strip_UART.o
LOAD build/debug/Core/Src/NOS_LIB_Driver/Src/NOS_Time.o
LOAD build/debug/Core/Src/NOS_LIB_Driver/Src/NOS_UART.o
LOAD build/debug/Core/Src/NOS_LIB_Driver/Src/NOS_WS2812B_Strip.o
LOAD build/debug/Core/Src/NOS_LIB_Driver/Src/WS2812B.o
LOAD build/debug/Core/Src/NOS_LIB_Driver/Src/WS2812B_Core.o
LOAD build/debug/Core/Src/NOS_LIB_Driver/Src/WS2812B_Effects.o
LOAD build/debug/Core/Src/main.o
LOAD build/debug/Core/Src/stm32f4xx_hal_msp.o
LOAD build/debug/Core/Src/stm32f4xx_it.o
LOAD build/debug/Core/Src/system_stm32f4xx.o
LOAD build/debug/Drivers/STM32F4xx_HAL_Driver/Src/stm32f4xx_hal.o
LOAD build/debug/Drivers/STM32F4xx_HAL_Driver/Src/stm32f4xx_hal_cortex.o
LOAD build/debug/Drivers/STM32F4xx_HAL_Driver/Src/stm32f4xx_hal_dma.o
LOAD build/debug/Drivers/STM32F4xx_HAL_Driver/Src/stm32f4xx_hal_dma_ex.o
LOAD build/debug/Drivers/STM32F4xx_HAL_Driver/Src/stm32f4xx_hal_exti.o
LOAD build/debug/Drivers/STM32F4xx_HAL_Driver/Src/stm32f4xx_hal_flash.o
LOAD build/debug/Drivers/STM32F4xx_HAL_Driver/Src/stm32f4xx_hal_flash_ex.o
LOAD build/debug/Drivers/STM32F4xx_HAL_Driver/Src/stm32f4xx_hal_flash_ramfunc.o
LOAD build/debug/Drivers/STM32F4xx_HAL_Driver/Src/stm32f4xx_hal_gpio.o
LOAD build/debug/Drivers/STM32F4xx_HAL_Driver/Src/stm32f4xx_hal_pcd.o
LOAD build/debug/Drivers/STM32F4xx_HAL_Driver/Src/stm32f4xx_hal_pcd_ex.o
LOAD build/debug/Drivers/STM32F4xx_HAL_Driver/Src/stm32f4xx_hal_pwr.o
LOAD build/debug/Drivers/STM32F4xx_HAL_Driver/Src/stm32f4xx_hal_pwr_ex.o
LOAD build/debug/Drivers/STM32F4xx_HAL_Driver/Src/stm32f4xx_hal_rcc.o
LOAD build/debug/Drivers/STM32F4xx_HAL_Driver/Src/stm32f4xx_hal_rcc_ex.o
LOAD build/debug/Drivers/STM32F4xx_HAL_Driver/Src/stm32f4xx_hal_spi.o
LOAD build/debug/Drivers/STM32F4xx_HAL_Driver/Src/stm32f4xx_hal_tim.o
LOAD build/debug/Drivers/STM32F4xx_HAL_Driver/Src/stm32f4xx_hal_tim_ex.o
LOAD build/debug/Drivers/STM32F4xx_HAL_Driver/Src/stm32f4xx_hal_uart.o
LOAD build/debug/Drivers/STM32F4xx_HAL_Driver/Src/stm32f4xx_ll_usb.o
LOAD build/debug/startup_stm32f407xx.o
LOAD c:/users/igorn/appdata/roaming/code/user/globalstorage/bmd.stm32-for-vscode/@xpack-dev-tools/arm-none-eabi-gcc/12.3.1-1.1.1/.content/bin/../lib/gcc/arm-none-eabi/12.3.1/../../../../arm-none-eabi/lib/thumb/v7e-m+fp/hard\libc_nano.a
LOAD c:/users/igorn/appdata/roaming/code/user/globalstorage/bmd.stm32-for-vscode/@xpack-dev-tools/arm-none-eabi-gcc/12.3.1-1.1.1/.content/bin/../lib/gcc/arm-none-eabi/12.3.1/../../../../arm-none-eabi/lib/thumb/v7e-m+fp/hard\libm.a
LOAD c:/users/igorn/appdata/roaming/code/user/globalstorage/bmd.stm32-for-vscode/@xpack-dev-tools/arm-none-eabi-gcc/12.3.1-1.1.1/.content/bin/../lib/gcc/arm-none-eabi/12.3.1/../../../../arm-none-eabi/lib/thumb/v7e-m+fp/hard\libnosys.a
START GROUP
LOAD c:/users/igorn/appdata/roaming/code/user/globalstorage/bmd.stm32-for-vscode/@xpack-dev-tools/arm-none-eabi-gcc/12.3.1-1.1.1/.content/bin/../lib/gcc/arm-none-eabi/12.3.1/thumb/v7e-m+fp/hard\libgcc.a
LOAD c:/users/igorn/appdata/roaming/code/user/globalstorage/bmd.stm32-for-vscode/@xpack-dev-tools/arm-none-eabi-gcc/12.3.1-1.1.1/.content/bin/../lib/gcc/arm-none-eabi/12.3.1/../../../../arm-none-eabi/lib/thumb/v7e-m+fp/hard\libc_nano.a
END GROUP
START GROUP
LOAD c:/users/igorn/appdata/roaming/code/user/globalstorage/bmd.stm32-for-vscode/@xpack-dev-tools/arm-none-eabi-gcc/12.3.1-1.1.1/.content/bin/../lib/gcc/arm-none-eabi/12.3.1/thumb/v7e-m+fp/hard\libgcc.a
LOAD c:/users/igorn/appdata/roaming/code/user/globalstorage/bmd.stm32-for-vscode/@xpack-dev-tools/arm-none-eabi-gcc/12.3.1-1.1.1/.content/bin/../lib/gcc/arm-none-eabi/12.3.1/../../../../arm-none-eabi/lib/thumb/v7e-m+fp/hard\libc_nano.a
END GROUP
LOAD c:/users/igorn/appdata/roaming/code/user/globalstorage/bmd.stm32-for-vscode/@xpack-dev-tools/arm-none-eabi-gcc/12.3.1-1.1.1/.content/bin/../lib/gcc/arm-none-eabi/12.3.1/thumb/v7e-m+fp/hard/crtend.o
LOAD c:/users/igorn/appdata/roaming/code/user/globalstorage/bmd.stm32-for-vscode/@xpack-dev-tools/arm-none-eabi-gcc/12.3.1-1.1.1/.content/bin/../lib/gcc/arm-none-eabi/12.3.1/thumb/v7e-m+fp/hard/crtn.o
                0x20020000                        _estack = (ORIGIN (RAM) + LENGTH (RAM))
                0x00000200                        _Min_Heap_Size = 0x200
                0x00000400                        _Min_Stack_Size = 0x400

.isr_vector     0x08000000      0x188
                0x08000000                        . = ALIGN (0x4)
 *(.isr_vector)
 .isr_vector    0x08000000      0x188 build/debug/startup_stm32f407xx.o
                0x08000000                g_pfnVectors
                0x08000188                        . = ALIGN (0x4)

.text           0x08000188     0x364c
                0x08000188                        . = ALIGN (0x4)
 *(.text)
 .text          0x08000188       0x30 c:/users/igorn/appdata/roaming/code/user/globalstorage/bmd.stm32-for-vscode/@xpack-dev-tools/arm-none-eabi-gcc/12.3.1-1.1.1/.content/bin/../lib/gcc/arm-none-eabi/12.3.1/thumb/v7e-m+fp/hard\libgcc.a(_aeabi_uldivmod.o)
                0x08000188                __aeabi_uldivmod
 .text          0x080001b8        0x4 c:/users/igorn/appdata/roaming/code/user/globalstorage/bmd.stm32-for-vscode/@xpack-dev-tools/arm-none-eabi-gcc/12.3.1-1.1.1/.content/bin/../lib/gcc/arm-none-eabi/12.3.1/thumb/v7e-m+fp/hard\libgcc.a(_dvmd_tls.o)
                0x080001b8                __aeabi_idiv0
                0x080001b8                __aeabi_ldiv0
 *(.text*)
 .text.__do_global_dtors_aux
                0x080001bc       0x24 c:/users/igorn/appdata/roaming/code/user/globalstorage/bmd.stm32-for-vscode/@xpack-dev-tools/arm-none-eabi-gcc/12.3.1-1.1.1/.content/bin/../lib/gcc/arm-none-eabi/12.3.1/thumb/v7e-m+fp/hard/crtbegin.o
 .text.frame_dummy
                0x080001e0       0x1c c:/users/igorn/appdata/roaming/code/user/globalstorage/bmd.stm32-for-vscode/@xpack-dev-tools/arm-none-eabi-gcc/12.3.1-1.1.1/.content/bin/../lib/gcc/arm-none-eabi/12.3.1/thumb/v7e-m+fp/hard/crtbegin.o
 .text.NOS_PixelColor_SetColor
                0x080001fc        0x8 build/debug/Core/Src/NOS_LIB_Driver/Src/NOS_BaseColors.o
                0x080001fc                NOS_PixelColor_SetColor
 .text.NOS_GetBaseColor
                0x08000204       0xf8 build/debug/Core/Src/NOS_LIB_Driver/Src/NOS_BaseColors.o
                0x08000204                NOS_GetBaseColor
 .text.NOS_Button_Init
                0x080002fc       0x14 build/debug/Core/Src/NOS_LIB_Driver/Src/NOS_Button.o
                0x080002fc                NOS_Button_Init
 .text.NOS_Button_CheckPressDone
                0x08000310        0x4 build/debug/Core/Src/NOS_LIB_Driver/Src/NOS_Button.o
                0x08000310                NOS_Button_CheckPressDone
 .text.NOS_Button_PressDoneHandler
                0x08000314       0x16 build/debug/Core/Src/NOS_LIB_Driver/Src/NOS_Button.o
                0x08000314                NOS_Button_PressDoneHandler
 .text.NOS_GPIO_PinInit
                0x0800032a       0x32 build/debug/Core/Src/NOS_LIB_Driver/Src/NOS_GPIO.o
                0x0800032a                NOS_GPIO_PinInit
 .text.NOS_Math_SinValue_Handler
                0x0800035c       0x3c build/debug/Core/Src/NOS_LIB_Driver/Src/NOS_Math.o
                0x0800035c                NOS_Math_SinValue_Handler
 .text.NOS_Math_SinValue_Init
                0x08000398       0x12 build/debug/Core/Src/NOS_LIB_Driver/Src/NOS_Math.o
                0x08000398                NOS_Math_SinValue_Init
 *fill*         0x080003aa        0x2 
 .text.NOS_Strip_Uart_ParseCommand
                0x080003ac      0x218 build/debug/Core/Src/NOS_LIB_Driver/Src/NOS_Strip_UART.o
                0x080003ac                NOS_Strip_Uart_ParseCommand
 .text.NOS_TimeEvent_Init
                0x080005c4        0xe build/debug/Core/Src/NOS_LIB_Driver/Src/NOS_Time.o
                0x080005c4                NOS_TimeEvent_Init
 .text.NOS_TimeEvent_TickHandler
                0x080005d2       0x16 build/debug/Core/Src/NOS_LIB_Driver/Src/NOS_Time.o
                0x080005d2                NOS_TimeEvent_TickHandler
 .text.NOS_TimeEvent_Check
                0x080005e8        0xe build/debug/Core/Src/NOS_LIB_Driver/Src/NOS_Time.o
                0x080005e8                NOS_TimeEvent_Check
 .text.NOS_TimeEvent_FinishEvent
                0x080005f6        0x8 build/debug/Core/Src/NOS_LIB_Driver/Src/NOS_Time.o
                0x080005f6                NOS_TimeEvent_FinishEvent
 .text.NOS_UART_ReceiveReset
                0x080005fe       0x14 build/debug/Core/Src/NOS_LIB_Driver/Src/NOS_UART.o
                0x080005fe                NOS_UART_ReceiveReset
 .text.NOS_UART_ContinueReceive
                0x08000612       0x1a build/debug/Core/Src/NOS_LIB_Driver/Src/NOS_UART.o
                0x08000612                NOS_UART_ContinueReceive
 .text.NOS_UART_ReceiveAbort
                0x0800062c       0x2a build/debug/Core/Src/NOS_LIB_Driver/Src/NOS_UART.o
                0x0800062c                NOS_UART_ReceiveAbort
 .text.NOS_UART_Timer_Handler
                0x08000656       0x5a build/debug/Core/Src/NOS_LIB_Driver/Src/NOS_UART.o
                0x08000656                NOS_UART_Timer_Handler
 .text.NOS_UART_ReceiveHandler
                0x080006b0       0xfc build/debug/Core/Src/NOS_LIB_Driver/Src/NOS_UART.o
                0x080006b0                NOS_UART_ReceiveHandler
 .text.NOS_UART_CheckReceive
                0x080007ac        0x8 build/debug/Core/Src/NOS_LIB_Driver/Src/NOS_UART.o
                0x080007ac                NOS_UART_CheckReceive
 .text.NOS_UART_GetReceivedData
                0x080007b4        0x6 build/debug/Core/Src/NOS_LIB_Driver/Src/NOS_UART.o
                0x080007b4                NOS_UART_GetReceivedData
 .text.NOS_UART_EndReceive
                0x080007ba        0xa build/debug/Core/Src/NOS_LIB_Driver/Src/NOS_UART.o
                0x080007ba                NOS_UART_EndReceive
 .text.NOS_WS2812B_Strip_FullInit
                0x080007c4       0x12 build/debug/Core/Src/NOS_LIB_Driver/Src/NOS_WS2812B_Strip.o
                0x080007c4                NOS_WS2812B_Strip_FullInit
 .text.NOS_WS2812B_Strip_CoreSetPixel
                0x080007d6       0x26 build/debug/Core/Src/NOS_LIB_Driver/Src/NOS_WS2812B_Strip.o
                0x080007d6                NOS_WS2812B_Strip_CoreSetPixel
 .text.NOS_WS2812B_Strip_SetPixel
                0x080007fc       0x26 build/debug/Core/Src/NOS_LIB_Driver/Src/NOS_WS2812B_Strip.o
                0x080007fc                NOS_WS2812B_Strip_SetPixel
 *fill*         0x08000822        0x2 
 .text.NOS_WS2812B_Strip_Update
                0x08000824       0x94 build/debug/Core/Src/NOS_LIB_Driver/Src/NOS_WS2812B_Strip.o
                0x08000824                NOS_WS2812B_Strip_Update
 .text.NOS_WS2812B_Strip_ColorFill
                0x080008b8       0x2e build/debug/Core/Src/NOS_LIB_Driver/Src/NOS_WS2812B_Strip.o
                0x080008b8                NOS_WS2812B_Strip_ColorFill
 .text.NOS_WS2812B_Strip_SetBright
                0x080008e6        0x4 build/debug/Core/Src/NOS_LIB_Driver/Src/NOS_WS2812B_Strip.o
                0x080008e6                NOS_WS2812B_Strip_SetBright
 .text.NOS_WS2812B_Strip_Effect_Breathe_Init
                0x080008ea       0x30 build/debug/Core/Src/NOS_LIB_Driver/Src/NOS_WS2812B_Strip.o
                0x080008ea                NOS_WS2812B_Strip_Effect_Breathe_Init
 .text.NOS_WS2812B_Strip_Effects_AddEffect
                0x0800091a       0x50 build/debug/Core/Src/NOS_LIB_Driver/Src/NOS_WS2812B_Strip.o
                0x0800091a                NOS_WS2812B_Strip_Effects_AddEffect
 .text.NOS_WS2812B_Strip_Effect_Breathe_Handler
                0x0800096a       0x3a build/debug/Core/Src/NOS_LIB_Driver/Src/NOS_WS2812B_Strip.o
                0x0800096a                NOS_WS2812B_Strip_Effect_Breathe_Handler
 .text.NOS_WS2812B_Strip_Effects_Handler
                0x080009a4       0x2e build/debug/Core/Src/NOS_LIB_Driver/Src/NOS_WS2812B_Strip.o
                0x080009a4                NOS_WS2812B_Strip_Effects_Handler
 .text.NOS_WS2812B_Strip_Effects_UpdateEffect
                0x080009d2       0x48 build/debug/Core/Src/NOS_LIB_Driver/Src/NOS_WS2812B_Strip.o
                0x080009d2                NOS_WS2812B_Strip_Effects_UpdateEffect
 .text.DMA_TransferError
                0x08000a1a       0x10 build/debug/Core/Src/NOS_LIB_Driver/Src/WS2812B_Core.o
                0x08000a1a                DMA_TransferError
 *fill*         0x08000a2a        0x2 
 .text.ws2812b_set_pixel
                0x08000a2c       0xc4 build/debug/Core/Src/NOS_LIB_Driver/Src/WS2812B_Core.o
 .text.loadNextFramebufferData
                0x08000af0       0x34 build/debug/Core/Src/NOS_LIB_Driver/Src/WS2812B_Core.o
 .text.DMA_TransferCompleteHandler
                0x08000b24       0xe8 build/debug/Core/Src/NOS_LIB_Driver/Src/WS2812B_Core.o
                0x08000b24                DMA_TransferCompleteHandler
 .text.WS2812_sendbuf
                0x08000c0c      0x170 build/debug/Core/Src/NOS_LIB_Driver/Src/WS2812B_Core.o
 .text.DMA_TransferHalfHandler
                0x08000d7c       0x44 build/debug/Core/Src/NOS_LIB_Driver/Src/WS2812B_Core.o
                0x08000d7c                DMA_TransferHalfHandler
 .text.ws2812b_gpio_init
                0x08000dc0       0x78 build/debug/Core/Src/NOS_LIB_Driver/Src/WS2812B_Core.o
 .text.DMA2_init
                0x08000e38      0x160 build/debug/Core/Src/NOS_LIB_Driver/Src/WS2812B_Core.o
 .text.TIM1_init
                0x08000f98      0x110 build/debug/Core/Src/NOS_LIB_Driver/Src/WS2812B_Core.o
 .text.DMA2_Stream2_IRQHandler
                0x080010a8       0x20 build/debug/Core/Src/NOS_LIB_Driver/Src/WS2812B_Core.o
                0x080010a8                DMA2_Stream2_IRQHandler
 .text.TIM1_UP_TIM10_IRQHandler
                0x080010c8       0x20 build/debug/Core/Src/NOS_LIB_Driver/Src/WS2812B_Core.o
                0x080010c8                TIM1_UP_TIM10_IRQHandler
 .text.HAL_TIM_PeriodElapsedCallback
                0x080010e8       0x3c build/debug/Core/Src/NOS_LIB_Driver/Src/WS2812B_Core.o
                0x080010e8                HAL_TIM_PeriodElapsedCallback
 .text.ws2812b_init
                0x08001124       0x1c build/debug/Core/Src/NOS_LIB_Driver/Src/WS2812B_Core.o
                0x08001124                ws2812b_init
 .text.ws2812b_handle
                0x08001140       0x20 build/debug/Core/Src/NOS_LIB_Driver/Src/WS2812B_Core.o
                0x08001140                ws2812b_handle
 .text.visInit  0x08001160       0x44 build/debug/Core/Src/NOS_LIB_Driver/Src/WS2812B_Effects.o
                0x08001160                visInit
 .text.visHandle
                0x080011a4       0x20 build/debug/Core/Src/NOS_LIB_Driver/Src/WS2812B_Effects.o
                0x080011a4                visHandle
 .text.MX_GPIO_Init
                0x080011c4       0x7c build/debug/Core/Src/main.o
 .text.HAL_UART_RxCpltCallback
                0x08001240       0x10 build/debug/Core/Src/main.o
                0x08001240                HAL_UART_RxCpltCallback
 .text.SysTick_Handler
                0x08001250       0x14 build/debug/Core/Src/main.o
                0x08001250                SysTick_Handler
 .text.EXTI3_IRQHandler
                0x08001264        0xa build/debug/Core/Src/main.o
                0x08001264                EXTI3_IRQHandler
 .text.Error_Handler
                0x0800126e        0x4 build/debug/Core/Src/main.o
                0x0800126e                Error_Handler
 *fill*         0x08001272        0x2 
 .text.MX_USART2_UART_Init
                0x08001274       0x34 build/debug/Core/Src/main.o
 .text.SystemClock_Config
                0x080012a8       0xa4 build/debug/Core/Src/main.o
                0x080012a8                SystemClock_Config
 .text.main     0x0800134c      0x21c build/debug/Core/Src/main.o
                0x0800134c                main
 .text.HAL_MspInit
                0x08001568       0x38 build/debug/Core/Src/stm32f4xx_hal_msp.o
                0x08001568                HAL_MspInit
 .text.HAL_UART_MspInit
                0x080015a0       0x7c build/debug/Core/Src/stm32f4xx_hal_msp.o
                0x080015a0                HAL_UART_MspInit
 .text.NMI_Handler
                0x0800161c        0x2 build/debug/Core/Src/stm32f4xx_it.o
                0x0800161c                NMI_Handler
 .text.HardFault_Handler
                0x0800161e        0x2 build/debug/Core/Src/stm32f4xx_it.o
                0x0800161e                HardFault_Handler
 .text.MemManage_Handler
                0x08001620        0x2 build/debug/Core/Src/stm32f4xx_it.o
                0x08001620                MemManage_Handler
 .text.BusFault_Handler
                0x08001622        0x2 build/debug/Core/Src/stm32f4xx_it.o
                0x08001622                BusFault_Handler
 .text.UsageFault_Handler
                0x08001624        0x2 build/debug/Core/Src/stm32f4xx_it.o
                0x08001624                UsageFault_Handler
 .text.SVC_Handler
                0x08001626        0x2 build/debug/Core/Src/stm32f4xx_it.o
                0x08001626                SVC_Handler
 .text.DebugMon_Handler
                0x08001628        0x2 build/debug/Core/Src/stm32f4xx_it.o
                0x08001628                DebugMon_Handler
 .text.PendSV_Handler
                0x0800162a        0x2 build/debug/Core/Src/stm32f4xx_it.o
                0x0800162a                PendSV_Handler
 .text.USART2_IRQHandler
                0x0800162c       0x10 build/debug/Core/Src/stm32f4xx_it.o
                0x0800162c                USART2_IRQHandler
 .text.TIM6_DAC_IRQHandler
                0x0800163c       0x10 build/debug/Core/Src/stm32f4xx_it.o
                0x0800163c                TIM6_DAC_IRQHandler
 .text.SystemInit
                0x0800164c       0x14 build/debug/Core/Src/system_stm32f4xx.o
                0x0800164c                SystemInit
 .text.HAL_InitTick
                0x08001660       0x4c build/debug/Drivers/STM32F4xx_HAL_Driver/Src/stm32f4xx_hal.o
                0x08001660                HAL_InitTick
 .text.HAL_Init
                0x080016ac       0x34 build/debug/Drivers/STM32F4xx_HAL_Driver/Src/stm32f4xx_hal.o
                0x080016ac                HAL_Init
 .text.HAL_IncTick
                0x080016e0       0x18 build/debug/Drivers/STM32F4xx_HAL_Driver/Src/stm32f4xx_hal.o
                0x080016e0                HAL_IncTick
 .text.HAL_GetTick
                0x080016f8        0xc build/debug/Drivers/STM32F4xx_HAL_Driver/Src/stm32f4xx_hal.o
                0x080016f8                HAL_GetTick
 .text.__NVIC_SetPriority
                0x08001704       0x28 build/debug/Drivers/STM32F4xx_HAL_Driver/Src/stm32f4xx_hal_cortex.o
 .text.NVIC_EncodePriority
                0x0800172c       0x3e build/debug/Drivers/STM32F4xx_HAL_Driver/Src/stm32f4xx_hal_cortex.o
 *fill*         0x0800176a        0x2 
 .text.HAL_NVIC_SetPriorityGrouping
                0x0800176c       0x24 build/debug/Drivers/STM32F4xx_HAL_Driver/Src/stm32f4xx_hal_cortex.o
                0x0800176c                HAL_NVIC_SetPriorityGrouping
 .text.HAL_NVIC_SetPriority
                0x08001790       0x20 build/debug/Drivers/STM32F4xx_HAL_Driver/Src/stm32f4xx_hal_cortex.o
                0x08001790                HAL_NVIC_SetPriority
 .text.HAL_NVIC_EnableIRQ
                0x080017b0       0x1c build/debug/Drivers/STM32F4xx_HAL_Driver/Src/stm32f4xx_hal_cortex.o
                0x080017b0                HAL_NVIC_EnableIRQ
 .text.HAL_SYSTICK_Config
                0x080017cc       0x28 build/debug/Drivers/STM32F4xx_HAL_Driver/Src/stm32f4xx_hal_cortex.o
                0x080017cc                HAL_SYSTICK_Config
 .text.DMA_SetConfig
                0x080017f4       0x2c build/debug/Drivers/STM32F4xx_HAL_Driver/Src/stm32f4xx_hal_dma.o
 .text.DMA_CalcBaseAndBitshift
                0x08001820       0x44 build/debug/Drivers/STM32F4xx_HAL_Driver/Src/stm32f4xx_hal_dma.o
 .text.DMA_CheckFifoParam
                0x08001864       0x8e build/debug/Drivers/STM32F4xx_HAL_Driver/Src/stm32f4xx_hal_dma.o
 *fill*         0x080018f2        0x2 
 .text.HAL_DMA_Init
                0x080018f4       0xcc build/debug/Drivers/STM32F4xx_HAL_Driver/Src/stm32f4xx_hal_dma.o
                0x080018f4                HAL_DMA_Init
 .text.HAL_DMA_DeInit
                0x080019c0       0x64 build/debug/Drivers/STM32F4xx_HAL_Driver/Src/stm32f4xx_hal_dma.o
                0x080019c0                HAL_DMA_DeInit
 .text.HAL_DMA_Start
                0x08001a24       0x48 build/debug/Drivers/STM32F4xx_HAL_Driver/Src/stm32f4xx_hal_dma.o
                0x08001a24                HAL_DMA_Start
 .text.HAL_DMA_Start_IT
                0x08001a6c       0x6a build/debug/Drivers/STM32F4xx_HAL_Driver/Src/stm32f4xx_hal_dma.o
                0x08001a6c                HAL_DMA_Start_IT
 .text.HAL_DMA_Abort
                0x08001ad6       0x94 build/debug/Drivers/STM32F4xx_HAL_Driver/Src/stm32f4xx_hal_dma.o
                0x08001ad6                HAL_DMA_Abort
 .text.HAL_DMA_Abort_IT
                0x08001b6a       0x26 build/debug/Drivers/STM32F4xx_HAL_Driver/Src/stm32f4xx_hal_dma.o
                0x08001b6a                HAL_DMA_Abort_IT
 .text.HAL_DMA_IRQHandler
                0x08001b90      0x1dc build/debug/Drivers/STM32F4xx_HAL_Driver/Src/stm32f4xx_hal_dma.o
                0x08001b90                HAL_DMA_IRQHandler
 .text.HAL_GPIO_Init
                0x08001d6c      0x1ec build/debug/Drivers/STM32F4xx_HAL_Driver/Src/stm32f4xx_hal_gpio.o
                0x08001d6c                HAL_GPIO_Init
 .text.HAL_GPIO_TogglePin
                0x08001f58       0x12 build/debug/Drivers/STM32F4xx_HAL_Driver/Src/stm32f4xx_hal_gpio.o
                0x08001f58                HAL_GPIO_TogglePin
 .text.HAL_GPIO_EXTI_Callback
                0x08001f6a        0x2 build/debug/Drivers/STM32F4xx_HAL_Driver/Src/stm32f4xx_hal_gpio.o
                0x08001f6a                HAL_GPIO_EXTI_Callback
 .text.HAL_GPIO_EXTI_IRQHandler
                0x08001f6c       0x1c build/debug/Drivers/STM32F4xx_HAL_Driver/Src/stm32f4xx_hal_gpio.o
                0x08001f6c                HAL_GPIO_EXTI_IRQHandler
 .text.HAL_RCC_OscConfig
                0x08001f88      0x3f8 build/debug/Drivers/STM32F4xx_HAL_Driver/Src/stm32f4xx_hal_rcc.o
                0x08001f88                HAL_RCC_OscConfig
 .text.HAL_RCC_GetSysClockFreq
                0x08002380       0xdc build/debug/Drivers/STM32F4xx_HAL_Driver/Src/stm32f4xx_hal_rcc.o
                0x08002380                HAL_RCC_GetSysClockFreq
 .text.HAL_RCC_ClockConfig
                0x0800245c      0x160 build/debug/Drivers/STM32F4xx_HAL_Driver/Src/stm32f4xx_hal_rcc.o
                0x0800245c                HAL_RCC_ClockConfig
 .text.HAL_RCC_GetHCLKFreq
                0x080025bc        0xc build/debug/Drivers/STM32F4xx_HAL_Driver/Src/stm32f4xx_hal_rcc.o
                0x080025bc                HAL_RCC_GetHCLKFreq
 .text.HAL_RCC_GetPCLK1Freq
                0x080025c8       0x20 build/debug/Drivers/STM32F4xx_HAL_Driver/Src/stm32f4xx_hal_rcc.o
                0x080025c8                HAL_RCC_GetPCLK1Freq
 .text.HAL_RCC_GetPCLK2Freq
                0x080025e8       0x20 build/debug/Drivers/STM32F4xx_HAL_Driver/Src/stm32f4xx_hal_rcc.o
                0x080025e8                HAL_RCC_GetPCLK2Freq
 .text.TIM_OC1_SetConfig
                0x08002608       0x70 build/debug/Drivers/STM32F4xx_HAL_Driver/Src/stm32f4xx_hal_tim.o
 .text.TIM_OC3_SetConfig
                0x08002678       0x70 build/debug/Drivers/STM32F4xx_HAL_Driver/Src/stm32f4xx_hal_tim.o
 .text.TIM_OC4_SetConfig
                0x080026e8       0x50 build/debug/Drivers/STM32F4xx_HAL_Driver/Src/stm32f4xx_hal_tim.o
 .text.HAL_TIM_Base_Start
                0x08002738       0x7c build/debug/Drivers/STM32F4xx_HAL_Driver/Src/stm32f4xx_hal_tim.o
                0x08002738                HAL_TIM_Base_Start
 .text.HAL_TIM_PWM_MspInit
                0x080027b4        0x2 build/debug/Drivers/STM32F4xx_HAL_Driver/Src/stm32f4xx_hal_tim.o
                0x080027b4                HAL_TIM_PWM_MspInit
 .text.HAL_TIM_OC_DelayElapsedCallback
                0x080027b6        0x2 build/debug/Drivers/STM32F4xx_HAL_Driver/Src/stm32f4xx_hal_tim.o
                0x080027b6                HAL_TIM_OC_DelayElapsedCallback
 .text.HAL_TIM_IC_CaptureCallback
                0x080027b8        0x2 build/debug/Drivers/STM32F4xx_HAL_Driver/Src/stm32f4xx_hal_tim.o
                0x080027b8                HAL_TIM_IC_CaptureCallback
 .text.HAL_TIM_PWM_PulseFinishedCallback
                0x080027ba        0x2 build/debug/Drivers/STM32F4xx_HAL_Driver/Src/stm32f4xx_hal_tim.o
                0x080027ba                HAL_TIM_PWM_PulseFinishedCallback
 .text.HAL_TIM_TriggerCallback
                0x080027bc        0x2 build/debug/Drivers/STM32F4xx_HAL_Driver/Src/stm32f4xx_hal_tim.o
                0x080027bc                HAL_TIM_TriggerCallback
 .text.HAL_TIM_IRQHandler
                0x080027be      0x17a build/debug/Drivers/STM32F4xx_HAL_Driver/Src/stm32f4xx_hal_tim.o
                0x080027be                HAL_TIM_IRQHandler
 .text.TIM_Base_SetConfig
                0x08002938       0xc8 build/debug/Drivers/STM32F4xx_HAL_Driver/Src/stm32f4xx_hal_tim.o
                0x08002938                TIM_Base_SetConfig
 .text.HAL_TIM_PWM_Init
                0x08002a00       0x58 build/debug/Drivers/STM32F4xx_HAL_Driver/Src/stm32f4xx_hal_tim.o
                0x08002a00                HAL_TIM_PWM_Init
 .text.TIM_OC2_SetConfig
                0x08002a58       0x70 build/debug/Drivers/STM32F4xx_HAL_Driver/Src/stm32f4xx_hal_tim.o
                0x08002a58                TIM_OC2_SetConfig
 .text.HAL_TIM_PWM_ConfigChannel
                0x08002ac8       0xdc build/debug/Drivers/STM32F4xx_HAL_Driver/Src/stm32f4xx_hal_tim.o
                0x08002ac8                HAL_TIM_PWM_ConfigChannel
 .text.TIM_CCxChannelCmd
                0x08002ba4       0x1e build/debug/Drivers/STM32F4xx_HAL_Driver/Src/stm32f4xx_hal_tim.o
                0x08002ba4                TIM_CCxChannelCmd
 *fill*         0x08002bc2        0x2 
 .text.HAL_TIM_PWM_Start
                0x08002bc4      0x104 build/debug/Drivers/STM32F4xx_HAL_Driver/Src/stm32f4xx_hal_tim.o
                0x08002bc4                HAL_TIM_PWM_Start
 .text.HAL_TIMEx_CommutCallback
                0x08002cc8        0x2 build/debug/Drivers/STM32F4xx_HAL_Driver/Src/stm32f4xx_hal_tim_ex.o
                0x08002cc8                HAL_TIMEx_CommutCallback
 .text.HAL_TIMEx_BreakCallback
                0x08002cca        0x2 build/debug/Drivers/STM32F4xx_HAL_Driver/Src/stm32f4xx_hal_tim_ex.o
                0x08002cca                HAL_TIMEx_BreakCallback
 .text.UART_EndRxTransfer
                0x08002ccc       0x5c build/debug/Drivers/STM32F4xx_HAL_Driver/Src/stm32f4xx_hal_uart.o
 .text.UART_Transmit_IT
                0x08002d28       0x60 build/debug/Drivers/STM32F4xx_HAL_Driver/Src/stm32f4xx_hal_uart.o
 .text.UART_SetConfig
                0x08002d88      0x110 build/debug/Drivers/STM32F4xx_HAL_Driver/Src/stm32f4xx_hal_uart.o
 .text.UART_WaitOnFlagUntilTimeout
                0x08002e98       0x84 build/debug/Drivers/STM32F4xx_HAL_Driver/Src/stm32f4xx_hal_uart.o
 .text.HAL_UART_Init
                0x08002f1c       0x5e build/debug/Drivers/STM32F4xx_HAL_Driver/Src/stm32f4xx_hal_uart.o
                0x08002f1c                HAL_UART_Init
 .text.HAL_UART_Transmit
                0x08002f7a       0xd8 build/debug/Drivers/STM32F4xx_HAL_Driver/Src/stm32f4xx_hal_uart.o
                0x08002f7a                HAL_UART_Transmit
 .text.HAL_UART_TxCpltCallback
                0x08003052        0x2 build/debug/Drivers/STM32F4xx_HAL_Driver/Src/stm32f4xx_hal_uart.o
                0x08003052                HAL_UART_TxCpltCallback
 .text.UART_EndTransmit_IT
                0x08003054       0x1a build/debug/Drivers/STM32F4xx_HAL_Driver/Src/stm32f4xx_hal_uart.o
 .text.HAL_UART_ErrorCallback
                0x0800306e        0x2 build/debug/Drivers/STM32F4xx_HAL_Driver/Src/stm32f4xx_hal_uart.o
                0x0800306e                HAL_UART_ErrorCallback
 .text.UART_DMAAbortOnError
                0x08003070       0x10 build/debug/Drivers/STM32F4xx_HAL_Driver/Src/stm32f4xx_hal_uart.o
 .text.HAL_UARTEx_RxEventCallback
                0x08003080        0x2 build/debug/Drivers/STM32F4xx_HAL_Driver/Src/stm32f4xx_hal_uart.o
                0x08003080                HAL_UARTEx_RxEventCallback
 .text.UART_Receive_IT
                0x08003082       0xe2 build/debug/Drivers/STM32F4xx_HAL_Driver/Src/stm32f4xx_hal_uart.o
 .text.HAL_UART_IRQHandler
                0x08003164      0x27c build/debug/Drivers/STM32F4xx_HAL_Driver/Src/stm32f4xx_hal_uart.o
                0x08003164                HAL_UART_IRQHandler
 .text.UART_Start_Receive_IT
                0x080033e0       0x3a build/debug/Drivers/STM32F4xx_HAL_Driver/Src/stm32f4xx_hal_uart.o
                0x080033e0                UART_Start_Receive_IT
 .text.HAL_UART_Receive_IT
                0x0800341a       0x38 build/debug/Drivers/STM32F4xx_HAL_Driver/Src/stm32f4xx_hal_uart.o
                0x0800341a                HAL_UART_Receive_IT
 *fill*         0x08003452        0x2 
 .text.Reset_Handler
                0x08003454       0x50 build/debug/startup_stm32f407xx.o
                0x08003454                Reset_Handler
 .text.Default_Handler
                0x080034a4        0x2 build/debug/startup_stm32f407xx.o
                0x080034a4                RTC_Alarm_IRQHandler
                0x080034a4                HASH_RNG_IRQHandler
                0x080034a4                EXTI2_IRQHandler
                0x080034a4                TIM8_CC_IRQHandler
                0x080034a4                TIM1_CC_IRQHandler
                0x080034a4                DMA2_Stream5_IRQHandler
                0x080034a4                DMA1_Stream5_IRQHandler
                0x080034a4                PVD_IRQHandler
                0x080034a4                SDIO_IRQHandler
                0x080034a4                TAMP_STAMP_IRQHandler
                0x080034a4                CAN2_RX1_IRQHandler
                0x080034a4                TIM8_TRG_COM_TIM14_IRQHandler
                0x080034a4                TIM8_UP_TIM13_IRQHandler
                0x080034a4                I2C3_ER_IRQHandler
                0x080034a4                EXTI0_IRQHandler
                0x080034a4                I2C2_EV_IRQHandler
                0x080034a4                DMA1_Stream2_IRQHandler
                0x080034a4                CAN1_RX0_IRQHandler
                0x080034a4                FPU_IRQHandler
                0x080034a4                OTG_HS_WKUP_IRQHandler
                0x080034a4                CAN2_SCE_IRQHandler
                0x080034a4                SPI1_IRQHandler
                0x080034a4                TIM1_BRK_TIM9_IRQHandler
                0x080034a4                DCMI_IRQHandler
                0x080034a4                CAN2_RX0_IRQHandler
                0x080034a4                DMA2_Stream3_IRQHandler
                0x080034a4                USART6_IRQHandler
                0x080034a4                USART3_IRQHandler
                0x080034a4                CAN1_RX1_IRQHandler
                0x080034a4                UART5_IRQHandler
                0x080034a4                DMA2_Stream0_IRQHandler
                0x080034a4                TIM4_IRQHandler
                0x080034a4                I2C1_EV_IRQHandler
                0x080034a4                DMA1_Stream6_IRQHandler
                0x080034a4                DMA1_Stream1_IRQHandler
                0x080034a4                UART4_IRQHandler
                0x080034a4                TIM3_IRQHandler
                0x080034a4                RCC_IRQHandler
                0x080034a4                TIM8_BRK_TIM12_IRQHandler
                0x080034a4                Default_Handler
                0x080034a4                EXTI15_10_IRQHandler
                0x080034a4                ADC_IRQHandler
                0x080034a4                DMA1_Stream7_IRQHandler
                0x080034a4                TIM7_IRQHandler
                0x080034a4                CAN2_TX_IRQHandler
                0x080034a4                TIM5_IRQHandler
                0x080034a4                DMA2_Stream7_IRQHandler
                0x080034a4                I2C3_EV_IRQHandler
                0x080034a4                EXTI9_5_IRQHandler
                0x080034a4                RTC_WKUP_IRQHandler
                0x080034a4                ETH_WKUP_IRQHandler
                0x080034a4                SPI2_IRQHandler
                0x080034a4                OTG_HS_EP1_IN_IRQHandler
                0x080034a4                DMA1_Stream0_IRQHandler
                0x080034a4                CAN1_TX_IRQHandler
                0x080034a4                EXTI4_IRQHandler
                0x080034a4                FSMC_IRQHandler
                0x080034a4                ETH_IRQHandler
                0x080034a4                OTG_HS_EP1_OUT_IRQHandler
                0x080034a4                WWDG_IRQHandler
                0x080034a4                TIM2_IRQHandler
                0x080034a4                OTG_FS_WKUP_IRQHandler
                0x080034a4                TIM1_TRG_COM_TIM11_IRQHandler
                0x080034a4                OTG_HS_IRQHandler
                0x080034a4                EXTI1_IRQHandler
                0x080034a4                I2C2_ER_IRQHandler
                0x080034a4                DMA2_Stream1_IRQHandler
                0x080034a4                CAN1_SCE_IRQHandler
                0x080034a4                FLASH_IRQHandler
                0x080034a4                DMA2_Stream4_IRQHandler
                0x080034a4                USART1_IRQHandler
                0x080034a4                OTG_FS_IRQHandler
                0x080034a4                SPI3_IRQHandler
                0x080034a4                DMA1_Stream4_IRQHandler
                0x080034a4                I2C1_ER_IRQHandler
                0x080034a4                DMA2_Stream6_IRQHandler
                0x080034a4                DMA1_Stream3_IRQHandler
 .text.memset   0x080034a6       0x10 c:/users/igorn/appdata/roaming/code/user/globalstorage/bmd.stm32-for-vscode/@xpack-dev-tools/arm-none-eabi-gcc/12.3.1-1.1.1/.content/bin/../lib/gcc/arm-none-eabi/12.3.1/../../../../arm-none-eabi/lib/thumb/v7e-m+fp/hard\libc_nano.a(libc_a-memset.o)
                0x080034a6                memset
 *fill*         0x080034b6        0x2 
 .text.__libc_init_array
                0x080034b8       0x48 c:/users/igorn/appdata/roaming/code/user/globalstorage/bmd.stm32-for-vscode/@xpack-dev-tools/arm-none-eabi-gcc/12.3.1-1.1.1/.content/bin/../lib/gcc/arm-none-eabi/12.3.1/../../../../arm-none-eabi/lib/thumb/v7e-m+fp/hard\libc_nano.a(libc_a-init.o)
                0x080034b8                __libc_init_array
 .text.__udivmoddi4
                0x08003500      0x2bc c:/users/igorn/appdata/roaming/code/user/globalstorage/bmd.stm32-for-vscode/@xpack-dev-tools/arm-none-eabi-gcc/12.3.1-1.1.1/.content/bin/../lib/gcc/arm-none-eabi/12.3.1/thumb/v7e-m+fp/hard\libgcc.a(_udivmoddi4.o)
                0x08003500                __udivmoddi4
 *(.glue_7)
 .glue_7        0x080037bc        0x0 linker stubs
 *(.glue_7t)
 .glue_7t       0x080037bc        0x0 linker stubs
 *(.eh_frame)
 .eh_frame      0x080037bc        0x0 c:/users/igorn/appdata/roaming/code/user/globalstorage/bmd.stm32-for-vscode/@xpack-dev-tools/arm-none-eabi-gcc/12.3.1-1.1.1/.content/bin/../lib/gcc/arm-none-eabi/12.3.1/thumb/v7e-m+fp/hard/crtbegin.o
 *(.init)
 .init          0x080037bc        0x4 c:/users/igorn/appdata/roaming/code/user/globalstorage/bmd.stm32-for-vscode/@xpack-dev-tools/arm-none-eabi-gcc/12.3.1-1.1.1/.content/bin/../lib/gcc/arm-none-eabi/12.3.1/thumb/v7e-m+fp/hard/crti.o
                0x080037bc                _init
 .init          0x080037c0        0x8 c:/users/igorn/appdata/roaming/code/user/globalstorage/bmd.stm32-for-vscode/@xpack-dev-tools/arm-none-eabi-gcc/12.3.1-1.1.1/.content/bin/../lib/gcc/arm-none-eabi/12.3.1/thumb/v7e-m+fp/hard/crtn.o
 *(.fini)
 .fini          0x080037c8        0x4 c:/users/igorn/appdata/roaming/code/user/globalstorage/bmd.stm32-for-vscode/@xpack-dev-tools/arm-none-eabi-gcc/12.3.1-1.1.1/.content/bin/../lib/gcc/arm-none-eabi/12.3.1/thumb/v7e-m+fp/hard/crti.o
                0x080037c8                _fini
 .fini          0x080037cc        0x8 c:/users/igorn/appdata/roaming/code/user/globalstorage/bmd.stm32-for-vscode/@xpack-dev-tools/arm-none-eabi-gcc/12.3.1-1.1.1/.content/bin/../lib/gcc/arm-none-eabi/12.3.1/thumb/v7e-m+fp/hard/crtn.o
                0x080037d4                        . = ALIGN (0x4)
                0x080037d4                        _etext = .

.vfp11_veneer   0x080037d4        0x0
 .vfp11_veneer  0x080037d4        0x0 linker stubs

.v4_bx          0x080037d4        0x0
 .v4_bx         0x080037d4        0x0 linker stubs

.iplt           0x080037d4        0x0
 .iplt          0x080037d4        0x0 c:/users/igorn/appdata/roaming/code/user/globalstorage/bmd.stm32-for-vscode/@xpack-dev-tools/arm-none-eabi-gcc/12.3.1-1.1.1/.content/bin/../lib/gcc/arm-none-eabi/12.3.1/thumb/v7e-m+fp/hard/crtbegin.o

.rodata         0x080037d4      0x130
                0x080037d4                        . = ALIGN (0x4)
 *(.rodata)
 *(.rodata*)
 .rodata.NOS_Strip_Uart_ParseCommand.str1.4
                0x080037d4        0x7 build/debug/Core/Src/NOS_LIB_Driver/Src/NOS_Strip_UART.o
 *fill*         0x080037db        0x1 
 .rodata.gammaTable
                0x080037dc      0x100 build/debug/Core/Src/NOS_LIB_Driver/Src/WS2812B_Core.o
                0x080037dc                gammaTable
 .rodata.main.str1.4
                0x080038dc        0x6 build/debug/Core/Src/main.o
                                  0xf (size before relaxing)
 *fill*         0x080038e2        0x2 
 .rodata.APBPrescTable
                0x080038e4        0x8 build/debug/Core/Src/system_stm32f4xx.o
                0x080038e4                APBPrescTable
 .rodata.AHBPrescTable
                0x080038ec       0x10 build/debug/Core/Src/system_stm32f4xx.o
                0x080038ec                AHBPrescTable
 .rodata.flagBitshiftOffset.0
                0x080038fc        0x8 build/debug/Drivers/STM32F4xx_HAL_Driver/Src/stm32f4xx_hal_dma.o
                0x08003904                        . = ALIGN (0x4)

.ARM.extab
 *(.ARM.extab* .gnu.linkonce.armextab.*)

.ARM            0x08003904        0x8
                0x08003904                        __exidx_start = .
 *(.ARM.exidx*)
 .ARM.exidx.text.__udivmoddi4
                0x08003904        0x8 c:/users/igorn/appdata/roaming/code/user/globalstorage/bmd.stm32-for-vscode/@xpack-dev-tools/arm-none-eabi-gcc/12.3.1-1.1.1/.content/bin/../lib/gcc/arm-none-eabi/12.3.1/thumb/v7e-m+fp/hard\libgcc.a(_udivmoddi4.o)
                0x0800390c                        __exidx_end = .

.rel.dyn        0x0800390c        0x0
 .rel.iplt      0x0800390c        0x0 c:/users/igorn/appdata/roaming/code/user/globalstorage/bmd.stm32-for-vscode/@xpack-dev-tools/arm-none-eabi-gcc/12.3.1-1.1.1/.content/bin/../lib/gcc/arm-none-eabi/12.3.1/thumb/v7e-m+fp/hard/crtbegin.o

.preinit_array  0x0800390c        0x0
                0x0800390c                        PROVIDE (__preinit_array_start = .)
 *(.preinit_array*)
                0x0800390c                        PROVIDE (__preinit_array_end = .)

.init_array     0x0800390c        0x4
                0x0800390c                        PROVIDE (__init_array_start = .)
 *(SORT_BY_NAME(.init_array.*))
 *(.init_array*)
 .init_array    0x0800390c        0x4 c:/users/igorn/appdata/roaming/code/user/globalstorage/bmd.stm32-for-vscode/@xpack-dev-tools/arm-none-eabi-gcc/12.3.1-1.1.1/.content/bin/../lib/gcc/arm-none-eabi/12.3.1/thumb/v7e-m+fp/hard/crtbegin.o
                0x08003910                        PROVIDE (__init_array_end = .)

.fini_array     0x08003910        0x4
                0x08003910                        PROVIDE (__fini_array_start = .)
 *(SORT_BY_NAME(.fini_array.*))
 *(.fini_array*)
 .fini_array    0x08003910        0x4 c:/users/igorn/appdata/roaming/code/user/globalstorage/bmd.stm32-for-vscode/@xpack-dev-tools/arm-none-eabi-gcc/12.3.1-1.1.1/.content/bin/../lib/gcc/arm-none-eabi/12.3.1/thumb/v7e-m+fp/hard/crtbegin.o
                0x08003914                        PROVIDE (__fini_array_end = .)
                0x08003914                        _sidata = LOADADDR (.data)

.data           0x20000000       0x14 load address 0x08003914
                0x20000000                        . = ALIGN (0x4)
                0x20000000                        _sdata = .
 *(.data)
 *(.data*)
 .data.WS2812_IO_Low
                0x20000000        0x4 build/debug/Core/Src/NOS_LIB_Driver/Src/WS2812B_Core.o
                0x20000000                WS2812_IO_Low
 .data.WS2812_IO_High
                0x20000004        0x4 build/debug/Core/Src/NOS_LIB_Driver/Src/WS2812B_Core.o
                0x20000004                WS2812_IO_High
 .data.SystemCoreClock
                0x20000008        0x4 build/debug/Core/Src/system_stm32f4xx.o
                0x20000008                SystemCoreClock
 .data.uwTickFreq
                0x2000000c        0x1 build/debug/Drivers/STM32F4xx_HAL_Driver/Src/stm32f4xx_hal.o
                0x2000000c                uwTickFreq
 *fill*         0x2000000d        0x3 
 .data.uwTickPrio
                0x20000010        0x4 build/debug/Drivers/STM32F4xx_HAL_Driver/Src/stm32f4xx_hal.o
                0x20000010                uwTickPrio
                0x20000014                        . = ALIGN (0x4)
                0x20000014                        _edata = .
                0x08003928                        _siccmram = LOADADDR (.ccmram)

.igot.plt       0x20000014        0x0 load address 0x08003928
 .igot.plt      0x20000014        0x0 c:/users/igorn/appdata/roaming/code/user/globalstorage/bmd.stm32-for-vscode/@xpack-dev-tools/arm-none-eabi-gcc/12.3.1-1.1.1/.content/bin/../lib/gcc/arm-none-eabi/12.3.1/thumb/v7e-m+fp/hard/crtbegin.o

.ccmram         0x10000000        0x0 load address 0x08003928
                0x10000000                        . = ALIGN (0x4)
                0x10000000                        _sccmram = .
 *(.ccmram)
 *(.ccmram*)
                0x10000000                        . = ALIGN (0x4)
                0x10000000                        _eccmram = .
                0x10000000                        . = ALIGN (0x4)

.bss            0x20000014     0x228c
                0x20000014                        _sbss = .
                0x20000014                        __bss_start__ = _sbss
 *(.bss)
 *(.bss*)
 .bss.completed.1
                0x20000014        0x1 c:/users/igorn/appdata/roaming/code/user/globalstorage/bmd.stm32-for-vscode/@xpack-dev-tools/arm-none-eabi-gcc/12.3.1-1.1.1/.content/bin/../lib/gcc/arm-none-eabi/12.3.1/thumb/v7e-m+fp/hard/crtbegin.o
 *fill*         0x20000015        0x3 
 .bss.object.0  0x20000018       0x18 c:/users/igorn/appdata/roaming/code/user/globalstorage/bmd.stm32-for-vscode/@xpack-dev-tools/arm-none-eabi-gcc/12.3.1-1.1.1/.content/bin/../lib/gcc/arm-none-eabi/12.3.1/thumb/v7e-m+fp/hard/crtbegin.o
 .bss.dmaCC2    0x20000030       0x60 build/debug/Core/Src/NOS_LIB_Driver/Src/WS2812B_Core.o
                0x20000030                dmaCC2
 .bss.dmaCC1    0x20000090       0x60 build/debug/Core/Src/NOS_LIB_Driver/Src/WS2812B_Core.o
                0x20000090                dmaCC1
 .bss.dmaUpdate
                0x200000f0       0x60 build/debug/Core/Src/NOS_LIB_Driver/Src/WS2812B_Core.o
                0x200000f0                dmaUpdate
 .bss.timer_reset_pulse_period
                0x20000150        0x4 build/debug/Core/Src/NOS_LIB_Driver/Src/WS2812B_Core.o
                0x20000150                timer_reset_pulse_period
 .bss.tim_period
                0x20000154        0x4 build/debug/Core/Src/NOS_LIB_Driver/Src/WS2812B_Core.o
                0x20000154                tim_period
 .bss.tim2OC2   0x20000158       0x1c build/debug/Core/Src/NOS_LIB_Driver/Src/WS2812B_Core.o
                0x20000158                tim2OC2
 .bss.tim2OC1   0x20000174       0x1c build/debug/Core/Src/NOS_LIB_Driver/Src/WS2812B_Core.o
                0x20000174                tim2OC1
 .bss.TIM1_handle
                0x20000190       0x48 build/debug/Core/Src/NOS_LIB_Driver/Src/WS2812B_Core.o
                0x20000190                TIM1_handle
 .bss.ws2812bDmaBitBuffer
                0x200001d8       0x60 build/debug/Core/Src/NOS_LIB_Driver/Src/WS2812B_Core.o
                0x200001d8                ws2812bDmaBitBuffer
 .bss.ws2812b   0x20000238       0x3c build/debug/Core/Src/NOS_LIB_Driver/Src/WS2812B_Core.o
                0x20000238                ws2812b
 .bss.frameBuffer3
                0x20000274      0x300 build/debug/Core/Src/NOS_LIB_Driver/Src/WS2812B_Effects.o
                0x20000274                frameBuffer3
 .bss.frameBuffer2
                0x20000574      0x600 build/debug/Core/Src/NOS_LIB_Driver/Src/WS2812B_Effects.o
                0x20000574                frameBuffer2
 .bss.frameBuffer1
                0x20000b74      0x300 build/debug/Core/Src/NOS_LIB_Driver/Src/WS2812B_Effects.o
                0x20000b74                frameBuffer1
 .bss.tick      0x20000e74        0x1 build/debug/Core/Src/main.o
                0x20000e74                tick
 *fill*         0x20000e75        0x3 
 .bss.breatheA  0x20000e78       0x20 build/debug/Core/Src/main.o
                0x20000e78                breatheA
 .bss.currColor
                0x20000e98        0x4 build/debug/Core/Src/main.o
                0x20000e98                currColor
 .bss.PE4       0x20000e9c        0x8 build/debug/Core/Src/main.o
                0x20000e9c                PE4
 .bss.PE3       0x20000ea4        0x8 build/debug/Core/Src/main.o
                0x20000ea4                PE3
 .bss.PA7       0x20000eac        0x8 build/debug/Core/Src/main.o
                0x20000eac                PA7
 .bss.PA6       0x20000eb4        0x8 build/debug/Core/Src/main.o
                0x20000eb4                PA6
 .bss.button    0x20000ebc       0x20 build/debug/Core/Src/main.o
                0x20000ebc                button
 .bss.bright    0x20000edc       0x14 build/debug/Core/Src/main.o
                0x20000edc                bright
 .bss.UART2     0x20000ef0     0x1028 build/debug/Core/Src/main.o
                0x20000ef0                UART2
 .bss.pixelsA   0x20001f18      0x180 build/debug/Core/Src/main.o
                0x20001f18                pixelsA
 .bss.stripA    0x20002098      0x154 build/debug/Core/Src/main.o
                0x20002098                stripA
 .bss.uartTestEvent
                0x200021ec        0xc build/debug/Core/Src/main.o
                0x200021ec                uartTestEvent
 .bss.screenUpdateEvent
                0x200021f8        0xc build/debug/Core/Src/main.o
                0x200021f8                screenUpdateEvent
 .bss.tetrisUpdateEvent
                0x20002204        0xc build/debug/Core/Src/main.o
                0x20002204                tetrisUpdateEvent
 .bss.huart2    0x20002210       0x44 build/debug/Core/Src/main.o
                0x20002210                huart2
 .bss.htim6     0x20002254       0x48 build/debug/Core/Src/main.o
                0x20002254                htim6
 .bss.uwTick    0x2000229c        0x4 build/debug/Drivers/STM32F4xx_HAL_Driver/Src/stm32f4xx_hal.o
                0x2000229c                uwTick
 *(COMMON)
                0x200022a0                        . = ALIGN (0x4)
                0x200022a0                        _ebss = .
                0x200022a0                        __bss_end__ = _ebss

._user_heap_stack
                0x200022a0      0x600
                0x200022a0                        . = ALIGN (0x8)
                0x200022a0                        PROVIDE (end = .)
                [!provide]                        PROVIDE (_end = .)
                0x200024a0                        . = (. + _Min_Heap_Size)
 *fill*         0x200022a0      0x200 
                0x200028a0                        . = (. + _Min_Stack_Size)
 *fill*         0x200024a0      0x400 
                0x200028a0                        . = ALIGN (0x8)

/DISCARD/
 libc.a(*)
 libm.a(*)
 libgcc.a(*)

.ARM.attributes
                0x00000000       0x30
 *(.ARM.attributes)
 .ARM.attributes
                0x00000000       0x22 c:/users/igorn/appdata/roaming/code/user/globalstorage/bmd.stm32-for-vscode/@xpack-dev-tools/arm-none-eabi-gcc/12.3.1-1.1.1/.content/bin/../lib/gcc/arm-none-eabi/12.3.1/thumb/v7e-m+fp/hard/crti.o
 .ARM.attributes
                0x00000022       0x34 c:/users/igorn/appdata/roaming/code/user/globalstorage/bmd.stm32-for-vscode/@xpack-dev-tools/arm-none-eabi-gcc/12.3.1-1.1.1/.content/bin/../lib/gcc/arm-none-eabi/12.3.1/thumb/v7e-m+fp/hard/crtbegin.o
 .ARM.attributes
                0x00000056       0x34 build/debug/Core/Src/NOS_LIB_Driver/Src/NOS_BaseColors.o
 .ARM.attributes
                0x0000008a       0x34 build/debug/Core/Src/NOS_LIB_Driver/Src/NOS_Button.o
 .ARM.attributes
                0x000000be       0x34 build/debug/Core/Src/NOS_LIB_Driver/Src/NOS_GPIO.o
 .ARM.attributes
                0x000000f2       0x34 build/debug/Core/Src/NOS_LIB_Driver/Src/NOS_Math.o
 .ARM.attributes
                0x00000126       0x34 build/debug/Core/Src/NOS_LIB_Driver/Src/NOS_Strip_UART.o
 .ARM.attributes
                0x0000015a       0x34 build/debug/Core/Src/NOS_LIB_Driver/Src/NOS_Time.o
 .ARM.attributes
                0x0000018e       0x34 build/debug/Core/Src/NOS_LIB_Driver/Src/NOS_UART.o
 .ARM.attributes
                0x000001c2       0x34 build/debug/Core/Src/NOS_LIB_Driver/Src/NOS_WS2812B_Strip.o
 .ARM.attributes
                0x000001f6       0x34 build/debug/Core/Src/NOS_LIB_Driver/Src/WS2812B_Core.o
 .ARM.attributes
                0x0000022a       0x34 build/debug/Core/Src/NOS_LIB_Driver/Src/WS2812B_Effects.o
 .ARM.attributes
                0x0000025e       0x34 build/debug/Core/Src/main.o
 .ARM.attributes
                0x00000292       0x34 build/debug/Core/Src/stm32f4xx_hal_msp.o
 .ARM.attributes
                0x000002c6       0x34 build/debug/Core/Src/stm32f4xx_it.o
 .ARM.attributes
                0x000002fa       0x34 build/debug/Core/Src/system_stm32f4xx.o
 .ARM.attributes
                0x0000032e       0x34 build/debug/Drivers/STM32F4xx_HAL_Driver/Src/stm32f4xx_hal.o
 .ARM.attributes
                0x00000362       0x34 build/debug/Drivers/STM32F4xx_HAL_Driver/Src/stm32f4xx_hal_cortex.o
 .ARM.attributes
                0x00000396       0x34 build/debug/Drivers/STM32F4xx_HAL_Driver/Src/stm32f4xx_hal_dma.o
 .ARM.attributes
                0x000003ca       0x34 build/debug/Drivers/STM32F4xx_HAL_Driver/Src/stm32f4xx_hal_gpio.o
 .ARM.attributes
                0x000003fe       0x34 build/debug/Drivers/STM32F4xx_HAL_Driver/Src/stm32f4xx_hal_rcc.o
 .ARM.attributes
                0x00000432       0x34 build/debug/Drivers/STM32F4xx_HAL_Driver/Src/stm32f4xx_hal_tim.o
 .ARM.attributes
                0x00000466       0x34 build/debug/Drivers/STM32F4xx_HAL_Driver/Src/stm32f4xx_hal_tim_ex.o
 .ARM.attributes
                0x0000049a       0x34 build/debug/Drivers/STM32F4xx_HAL_Driver/Src/stm32f4xx_hal_uart.o
 .ARM.attributes
                0x000004ce       0x21 build/debug/startup_stm32f407xx.o
 .ARM.attributes
                0x000004ef       0x34 c:/users/igorn/appdata/roaming/code/user/globalstorage/bmd.stm32-for-vscode/@xpack-dev-tools/arm-none-eabi-gcc/12.3.1-1.1.1/.content/bin/../lib/gcc/arm-none-eabi/12.3.1/../../../../arm-none-eabi/lib/thumb/v7e-m+fp/hard\libc_nano.a(libc_a-memset.o)
 .ARM.attributes
                0x00000523       0x34 c:/users/igorn/appdata/roaming/code/user/globalstorage/bmd.stm32-for-vscode/@xpack-dev-tools/arm-none-eabi-gcc/12.3.1-1.1.1/.content/bin/../lib/gcc/arm-none-eabi/12.3.1/../../../../arm-none-eabi/lib/thumb/v7e-m+fp/hard\libc_nano.a(libc_a-init.o)
 .ARM.attributes
                0x00000557       0x22 c:/users/igorn/appdata/roaming/code/user/globalstorage/bmd.stm32-for-vscode/@xpack-dev-tools/arm-none-eabi-gcc/12.3.1-1.1.1/.content/bin/../lib/gcc/arm-none-eabi/12.3.1/thumb/v7e-m+fp/hard\libgcc.a(_aeabi_uldivmod.o)
 .ARM.attributes
                0x00000579       0x34 c:/users/igorn/appdata/roaming/code/user/globalstorage/bmd.stm32-for-vscode/@xpack-dev-tools/arm-none-eabi-gcc/12.3.1-1.1.1/.content/bin/../lib/gcc/arm-none-eabi/12.3.1/thumb/v7e-m+fp/hard\libgcc.a(_udivmoddi4.o)
 .ARM.attributes
                0x000005ad       0x22 c:/users/igorn/appdata/roaming/code/user/globalstorage/bmd.stm32-for-vscode/@xpack-dev-tools/arm-none-eabi-gcc/12.3.1-1.1.1/.content/bin/../lib/gcc/arm-none-eabi/12.3.1/thumb/v7e-m+fp/hard\libgcc.a(_dvmd_tls.o)
 .ARM.attributes
                0x000005cf       0x22 c:/users/igorn/appdata/roaming/code/user/globalstorage/bmd.stm32-for-vscode/@xpack-dev-tools/arm-none-eabi-gcc/12.3.1-1.1.1/.content/bin/../lib/gcc/arm-none-eabi/12.3.1/thumb/v7e-m+fp/hard/crtn.o
OUTPUT(build/UART_TEST.elf elf32-littlearm)
LOAD linker stubs
LOAD c:/users/igorn/appdata/roaming/code/user/globalstorage/bmd.stm32-for-vscode/@xpack-dev-tools/arm-none-eabi-gcc/12.3.1-1.1.1/.content/bin/../lib/gcc/arm-none-eabi/12.3.1/../../../../arm-none-eabi/lib/thumb/v7e-m+fp/hard\libc.a
LOAD c:/users/igorn/appdata/roaming/code/user/globalstorage/bmd.stm32-for-vscode/@xpack-dev-tools/arm-none-eabi-gcc/12.3.1-1.1.1/.content/bin/../lib/gcc/arm-none-eabi/12.3.1/../../../../arm-none-eabi/lib/thumb/v7e-m+fp/hard\libm.a
LOAD c:/users/igorn/appdata/roaming/code/user/globalstorage/bmd.stm32-for-vscode/@xpack-dev-tools/arm-none-eabi-gcc/12.3.1-1.1.1/.content/bin/../lib/gcc/arm-none-eabi/12.3.1/thumb/v7e-m+fp/hard\libgcc.a

.comment        0x00000000       0x39
 .comment       0x00000000       0x39 c:/users/igorn/appdata/roaming/code/user/globalstorage/bmd.stm32-for-vscode/@xpack-dev-tools/arm-none-eabi-gcc/12.3.1-1.1.1/.content/bin/../lib/gcc/arm-none-eabi/12.3.1/thumb/v7e-m+fp/hard/crtbegin.o
                                 0x3a (size before relaxing)
 .comment       0x00000039       0x3a build/debug/Core/Src/NOS_LIB_Driver/Src/NOS_BaseColors.o
 .comment       0x00000039       0x3a build/debug/Core/Src/NOS_LIB_Driver/Src/NOS_Button.o
 .comment       0x00000039       0x3a build/debug/Core/Src/NOS_LIB_Driver/Src/NOS_GPIO.o
 .comment       0x00000039       0x3a build/debug/Core/Src/NOS_LIB_Driver/Src/NOS_Math.o
 .comment       0x00000039       0x3a build/debug/Core/Src/NOS_LIB_Driver/Src/NOS_Strip_UART.o
 .comment       0x00000039       0x3a build/debug/Core/Src/NOS_LIB_Driver/Src/NOS_Time.o
 .comment       0x00000039       0x3a build/debug/Core/Src/NOS_LIB_Driver/Src/NOS_UART.o
 .comment       0x00000039       0x3a build/debug/Core/Src/NOS_LIB_Driver/Src/NOS_WS2812B_Strip.o
 .comment       0x00000039       0x3a build/debug/Core/Src/NOS_LIB_Driver/Src/WS2812B_Core.o
 .comment       0x00000039       0x3a build/debug/Core/Src/NOS_LIB_Driver/Src/WS2812B_Effects.o
 .comment       0x00000039       0x3a build/debug/Core/Src/main.o
 .comment       0x00000039       0x3a build/debug/Core/Src/stm32f4xx_hal_msp.o
 .comment       0x00000039       0x3a build/debug/Core/Src/stm32f4xx_it.o
 .comment       0x00000039       0x3a build/debug/Core/Src/system_stm32f4xx.o
 .comment       0x00000039       0x3a build/debug/Drivers/STM32F4xx_HAL_Driver/Src/stm32f4xx_hal.o
 .comment       0x00000039       0x3a build/debug/Drivers/STM32F4xx_HAL_Driver/Src/stm32f4xx_hal_cortex.o
 .comment       0x00000039       0x3a build/debug/Drivers/STM32F4xx_HAL_Driver/Src/stm32f4xx_hal_dma.o
 .comment       0x00000039       0x3a build/debug/Drivers/STM32F4xx_HAL_Driver/Src/stm32f4xx_hal_gpio.o
 .comment       0x00000039       0x3a build/debug/Drivers/STM32F4xx_HAL_Driver/Src/stm32f4xx_hal_rcc.o
 .comment       0x00000039       0x3a build/debug/Drivers/STM32F4xx_HAL_Driver/Src/stm32f4xx_hal_tim.o
 .comment       0x00000039       0x3a build/debug/Drivers/STM32F4xx_HAL_Driver/Src/stm32f4xx_hal_tim_ex.o
 .comment       0x00000039       0x3a build/debug/Drivers/STM32F4xx_HAL_Driver/Src/stm32f4xx_hal_uart.o
 .comment       0x00000039       0x3a c:/users/igorn/appdata/roaming/code/user/globalstorage/bmd.stm32-for-vscode/@xpack-dev-tools/arm-none-eabi-gcc/12.3.1-1.1.1/.content/bin/../lib/gcc/arm-none-eabi/12.3.1/../../../../arm-none-eabi/lib/thumb/v7e-m+fp/hard\libc_nano.a(libc_a-memset.o)
 .comment       0x00000039       0x3a c:/users/igorn/appdata/roaming/code/user/globalstorage/bmd.stm32-for-vscode/@xpack-dev-tools/arm-none-eabi-gcc/12.3.1-1.1.1/.content/bin/../lib/gcc/arm-none-eabi/12.3.1/../../../../arm-none-eabi/lib/thumb/v7e-m+fp/hard\libc_nano.a(libc_a-init.o)
 .comment       0x00000039       0x3a c:/users/igorn/appdata/roaming/code/user/globalstorage/bmd.stm32-for-vscode/@xpack-dev-tools/arm-none-eabi-gcc/12.3.1-1.1.1/.content/bin/../lib/gcc/arm-none-eabi/12.3.1/thumb/v7e-m+fp/hard\libgcc.a(_udivmoddi4.o)

.debug_info     0x00000000    0x15ea9
 .debug_info    0x00000000      0x36e build/debug/Core/Src/NOS_LIB_Driver/Src/NOS_BaseColors.o
 .debug_info    0x0000036e      0x3d8 build/debug/Core/Src/NOS_LIB_Driver/Src/NOS_Button.o
 .debug_info    0x00000746      0x2b3 build/debug/Core/Src/NOS_LIB_Driver/Src/NOS_GPIO.o
 .debug_info    0x000009f9      0x20e build/debug/Core/Src/NOS_LIB_Driver/Src/NOS_Math.o
 .debug_info    0x00000c07      0x596 build/debug/Core/Src/NOS_LIB_Driver/Src/NOS_Strip_UART.o
 .debug_info    0x0000119d      0x2df build/debug/Core/Src/NOS_LIB_Driver/Src/NOS_Time.o
 .debug_info    0x0000147c      0x8d7 build/debug/Core/Src/NOS_LIB_Driver/Src/NOS_UART.o
 .debug_info    0x00001d53      0xa42 build/debug/Core/Src/NOS_LIB_Driver/Src/NOS_WS2812B_Strip.o
 .debug_info    0x00002795     0x162d build/debug/Core/Src/NOS_LIB_Driver/Src/WS2812B_Core.o
 .debug_info    0x00003dc2      0x21d build/debug/Core/Src/NOS_LIB_Driver/Src/WS2812B_Effects.o
 .debug_info    0x00003fdf     0x241d build/debug/Core/Src/main.o
 .debug_info    0x000063fc     0x183d build/debug/Core/Src/stm32f4xx_hal_msp.o
 .debug_info    0x00007c39      0x96d build/debug/Core/Src/stm32f4xx_it.o
 .debug_info    0x000085a6      0x527 build/debug/Core/Src/system_stm32f4xx.o
 .debug_info    0x00008acd      0x9e6 build/debug/Drivers/STM32F4xx_HAL_Driver/Src/stm32f4xx_hal.o
 .debug_info    0x000094b3      0xf7d build/debug/Drivers/STM32F4xx_HAL_Driver/Src/stm32f4xx_hal_cortex.o
 .debug_info    0x0000a430      0xad9 build/debug/Drivers/STM32F4xx_HAL_Driver/Src/stm32f4xx_hal_dma.o
 .debug_info    0x0000af09      0x704 build/debug/Drivers/STM32F4xx_HAL_Driver/Src/stm32f4xx_hal_gpio.o
 .debug_info    0x0000b60d      0xa6f build/debug/Drivers/STM32F4xx_HAL_Driver/Src/stm32f4xx_hal_rcc.o
 .debug_info    0x0000c07c     0x3b79 build/debug/Drivers/STM32F4xx_HAL_Driver/Src/stm32f4xx_hal_tim.o
 .debug_info    0x0000fbf5     0x1a9b build/debug/Drivers/STM32F4xx_HAL_Driver/Src/stm32f4xx_hal_tim_ex.o
 .debug_info    0x00011690     0x408c build/debug/Drivers/STM32F4xx_HAL_Driver/Src/stm32f4xx_hal_uart.o
 .debug_info    0x0001571c       0x30 build/debug/startup_stm32f407xx.o
 .debug_info    0x0001574c       0x24 c:/users/igorn/appdata/roaming/code/user/globalstorage/bmd.stm32-for-vscode/@xpack-dev-tools/arm-none-eabi-gcc/12.3.1-1.1.1/.content/bin/../lib/gcc/arm-none-eabi/12.3.1/thumb/v7e-m+fp/hard\libgcc.a(_aeabi_uldivmod.o)
 .debug_info    0x00015770      0x6fd c:/users/igorn/appdata/roaming/code/user/globalstorage/bmd.stm32-for-vscode/@xpack-dev-tools/arm-none-eabi-gcc/12.3.1-1.1.1/.content/bin/../lib/gcc/arm-none-eabi/12.3.1/thumb/v7e-m+fp/hard\libgcc.a(_udivmoddi4.o)
 .debug_info    0x00015e6d       0x3c c:/users/igorn/appdata/roaming/code/user/globalstorage/bmd.stm32-for-vscode/@xpack-dev-tools/arm-none-eabi-gcc/12.3.1-1.1.1/.content/bin/../lib/gcc/arm-none-eabi/12.3.1/thumb/v7e-m+fp/hard\libgcc.a(_dvmd_tls.o)

.debug_abbrev   0x00000000     0x3128
 .debug_abbrev  0x00000000      0x129 build/debug/Core/Src/NOS_LIB_Driver/Src/NOS_BaseColors.o
 .debug_abbrev  0x00000129      0x1b3 build/debug/Core/Src/NOS_LIB_Driver/Src/NOS_Button.o
 .debug_abbrev  0x000002dc      0x183 build/debug/Core/Src/NOS_LIB_Driver/Src/NOS_GPIO.o
 .debug_abbrev  0x0000045f       0xf9 build/debug/Core/Src/NOS_LIB_Driver/Src/NOS_Math.o
 .debug_abbrev  0x00000558      0x1cd build/debug/Core/Src/NOS_LIB_Driver/Src/NOS_Strip_UART.o
 .debug_abbrev  0x00000725      0x126 build/debug/Core/Src/NOS_LIB_Driver/Src/NOS_Time.o
 .debug_abbrev  0x0000084b      0x244 build/debug/Core/Src/NOS_LIB_Driver/Src/NOS_UART.o
 .debug_abbrev  0x00000a8f      0x221 build/debug/Core/Src/NOS_LIB_Driver/Src/NOS_WS2812B_Strip.o
 .debug_abbrev  0x00000cb0      0x35b build/debug/Core/Src/NOS_LIB_Driver/Src/WS2812B_Core.o
 .debug_abbrev  0x0000100b       0xfd build/debug/Core/Src/NOS_LIB_Driver/Src/WS2812B_Effects.o
 .debug_abbrev  0x00001108      0x3c2 build/debug/Core/Src/main.o
 .debug_abbrev  0x000014ca      0x283 build/debug/Core/Src/stm32f4xx_hal_msp.o
 .debug_abbrev  0x0000174d      0x192 build/debug/Core/Src/stm32f4xx_it.o
 .debug_abbrev  0x000018df      0x11e build/debug/Core/Src/system_stm32f4xx.o
 .debug_abbrev  0x000019fd      0x23f build/debug/Drivers/STM32F4xx_HAL_Driver/Src/stm32f4xx_hal.o
 .debug_abbrev  0x00001c3c      0x39b build/debug/Drivers/STM32F4xx_HAL_Driver/Src/stm32f4xx_hal_cortex.o
 .debug_abbrev  0x00001fd7      0x2c0 build/debug/Drivers/STM32F4xx_HAL_Driver/Src/stm32f4xx_hal_dma.o
 .debug_abbrev  0x00002297      0x202 build/debug/Drivers/STM32F4xx_HAL_Driver/Src/stm32f4xx_hal_gpio.o
 .debug_abbrev  0x00002499      0x2c6 build/debug/Drivers/STM32F4xx_HAL_Driver/Src/stm32f4xx_hal_rcc.o
 .debug_abbrev  0x0000275f      0x26a build/debug/Drivers/STM32F4xx_HAL_Driver/Src/stm32f4xx_hal_tim.o
 .debug_abbrev  0x000029c9      0x268 build/debug/Drivers/STM32F4xx_HAL_Driver/Src/stm32f4xx_hal_tim_ex.o
 .debug_abbrev  0x00002c31      0x32f build/debug/Drivers/STM32F4xx_HAL_Driver/Src/stm32f4xx_hal_uart.o
 .debug_abbrev  0x00002f60       0x24 build/debug/startup_stm32f407xx.o
 .debug_abbrev  0x00002f84       0x14 c:/users/igorn/appdata/roaming/code/user/globalstorage/bmd.stm32-for-vscode/@xpack-dev-tools/arm-none-eabi-gcc/12.3.1-1.1.1/.content/bin/../lib/gcc/arm-none-eabi/12.3.1/thumb/v7e-m+fp/hard\libgcc.a(_aeabi_uldivmod.o)
 .debug_abbrev  0x00002f98      0x16a c:/users/igorn/appdata/roaming/code/user/globalstorage/bmd.stm32-for-vscode/@xpack-dev-tools/arm-none-eabi-gcc/12.3.1-1.1.1/.content/bin/../lib/gcc/arm-none-eabi/12.3.1/thumb/v7e-m+fp/hard\libgcc.a(_udivmoddi4.o)
 .debug_abbrev  0x00003102       0x26 c:/users/igorn/appdata/roaming/code/user/globalstorage/bmd.stm32-for-vscode/@xpack-dev-tools/arm-none-eabi-gcc/12.3.1-1.1.1/.content/bin/../lib/gcc/arm-none-eabi/12.3.1/thumb/v7e-m+fp/hard\libgcc.a(_dvmd_tls.o)

.debug_loclists
                0x00000000     0x9f36
 .debug_loclists
                0x00000000      0x101 build/debug/Core/Src/NOS_LIB_Driver/Src/NOS_BaseColors.o
 .debug_loclists
                0x00000101       0x5c build/debug/Core/Src/NOS_LIB_Driver/Src/NOS_Button.o
 .debug_loclists
                0x0000015d       0x7e build/debug/Core/Src/NOS_LIB_Driver/Src/NOS_GPIO.o
 .debug_loclists
                0x000001db       0x91 build/debug/Core/Src/NOS_LIB_Driver/Src/NOS_Math.o
 .debug_loclists
                0x0000026c      0x410 build/debug/Core/Src/NOS_LIB_Driver/Src/NOS_Strip_UART.o
 .debug_loclists
                0x0000067c       0x49 build/debug/Core/Src/NOS_LIB_Driver/Src/NOS_Time.o
 .debug_loclists
                0x000006c5      0x122 build/debug/Core/Src/NOS_LIB_Driver/Src/NOS_UART.o
 .debug_loclists
                0x000007e7      0x40d build/debug/Core/Src/NOS_LIB_Driver/Src/NOS_WS2812B_Strip.o
 .debug_loclists
                0x00000bf4      0x307 build/debug/Core/Src/NOS_LIB_Driver/Src/WS2812B_Core.o
 .debug_loclists
                0x00000efb       0x2a build/debug/Core/Src/main.o
 .debug_loclists
                0x00000f25      0x13b build/debug/Core/Src/stm32f4xx_hal_msp.o
 .debug_loclists
                0x00001060       0xdb build/debug/Core/Src/system_stm32f4xx.o
 .debug_loclists
                0x0000113b       0xc9 build/debug/Drivers/STM32F4xx_HAL_Driver/Src/stm32f4xx_hal.o
 .debug_loclists
                0x00001204      0x439 build/debug/Drivers/STM32F4xx_HAL_Driver/Src/stm32f4xx_hal_cortex.o
 .debug_loclists
                0x0000163d      0x763 build/debug/Drivers/STM32F4xx_HAL_Driver/Src/stm32f4xx_hal_dma.o
 .debug_loclists
                0x00001da0      0x356 build/debug/Drivers/STM32F4xx_HAL_Driver/Src/stm32f4xx_hal_gpio.o
 .debug_loclists
                0x000020f6      0x3a9 build/debug/Drivers/STM32F4xx_HAL_Driver/Src/stm32f4xx_hal_rcc.o
 .debug_loclists
                0x0000249f     0x32fb build/debug/Drivers/STM32F4xx_HAL_Driver/Src/stm32f4xx_hal_tim.o
 .debug_loclists
                0x0000579a     0x125b build/debug/Drivers/STM32F4xx_HAL_Driver/Src/stm32f4xx_hal_tim_ex.o
 .debug_loclists
                0x000069f5     0x2bbd build/debug/Drivers/STM32F4xx_HAL_Driver/Src/stm32f4xx_hal_uart.o
 .debug_loclists
                0x000095b2      0x984 c:/users/igorn/appdata/roaming/code/user/globalstorage/bmd.stm32-for-vscode/@xpack-dev-tools/arm-none-eabi-gcc/12.3.1-1.1.1/.content/bin/../lib/gcc/arm-none-eabi/12.3.1/thumb/v7e-m+fp/hard\libgcc.a(_udivmoddi4.o)

.debug_aranges  0x00000000      0xf30
 .debug_aranges
                0x00000000       0x28 build/debug/Core/Src/NOS_LIB_Driver/Src/NOS_BaseColors.o
 .debug_aranges
                0x00000028       0x58 build/debug/Core/Src/NOS_LIB_Driver/Src/NOS_Button.o
 .debug_aranges
                0x00000080       0x20 build/debug/Core/Src/NOS_LIB_Driver/Src/NOS_GPIO.o
 .debug_aranges
                0x000000a0       0x40 build/debug/Core/Src/NOS_LIB_Driver/Src/NOS_Math.o
 .debug_aranges
                0x000000e0       0x20 build/debug/Core/Src/NOS_LIB_Driver/Src/NOS_Strip_UART.o
 .debug_aranges
                0x00000100       0x58 build/debug/Core/Src/NOS_LIB_Driver/Src/NOS_Time.o
 .debug_aranges
                0x00000158       0x58 build/debug/Core/Src/NOS_LIB_Driver/Src/NOS_UART.o
 .debug_aranges
                0x000001b0       0x90 build/debug/Core/Src/NOS_LIB_Driver/Src/NOS_WS2812B_Strip.o
 .debug_aranges
                0x00000240       0x88 build/debug/Core/Src/NOS_LIB_Driver/Src/WS2812B_Core.o
 .debug_aranges
                0x000002c8       0x28 build/debug/Core/Src/NOS_LIB_Driver/Src/WS2812B_Effects.o
 .debug_aranges
                0x000002f0       0x58 build/debug/Core/Src/main.o
 .debug_aranges
                0x00000348       0x60 build/debug/Core/Src/stm32f4xx_hal_msp.o
 .debug_aranges
                0x000003a8       0x68 build/debug/Core/Src/stm32f4xx_it.o
 .debug_aranges
                0x00000410       0x28 build/debug/Core/Src/system_stm32f4xx.o
 .debug_aranges
                0x00000438       0xf0 build/debug/Drivers/STM32F4xx_HAL_Driver/Src/stm32f4xx_hal.o
 .debug_aranges
                0x00000528       0xd8 build/debug/Drivers/STM32F4xx_HAL_Driver/Src/stm32f4xx_hal_cortex.o
 .debug_aranges
                0x00000600       0x90 build/debug/Drivers/STM32F4xx_HAL_Driver/Src/stm32f4xx_hal_dma.o
 .debug_aranges
                0x00000690       0x58 build/debug/Drivers/STM32F4xx_HAL_Driver/Src/stm32f4xx_hal_gpio.o
 .debug_aranges
                0x000006e8       0x88 build/debug/Drivers/STM32F4xx_HAL_Driver/Src/stm32f4xx_hal_rcc.o
 .debug_aranges
                0x00000770      0x3d0 build/debug/Drivers/STM32F4xx_HAL_Driver/Src/stm32f4xx_hal_tim.o
 .debug_aranges
                0x00000b40      0x168 build/debug/Drivers/STM32F4xx_HAL_Driver/Src/stm32f4xx_hal_tim_ex.o
 .debug_aranges
                0x00000ca8      0x200 build/debug/Drivers/STM32F4xx_HAL_Driver/Src/stm32f4xx_hal_uart.o
 .debug_aranges
                0x00000ea8       0x28 build/debug/startup_stm32f407xx.o
 .debug_aranges
                0x00000ed0       0x20 c:/users/igorn/appdata/roaming/code/user/globalstorage/bmd.stm32-for-vscode/@xpack-dev-tools/arm-none-eabi-gcc/12.3.1-1.1.1/.content/bin/../lib/gcc/arm-none-eabi/12.3.1/thumb/v7e-m+fp/hard\libgcc.a(_aeabi_uldivmod.o)
 .debug_aranges
                0x00000ef0       0x20 c:/users/igorn/appdata/roaming/code/user/globalstorage/bmd.stm32-for-vscode/@xpack-dev-tools/arm-none-eabi-gcc/12.3.1-1.1.1/.content/bin/../lib/gcc/arm-none-eabi/12.3.1/thumb/v7e-m+fp/hard\libgcc.a(_udivmoddi4.o)
 .debug_aranges
                0x00000f10       0x20 c:/users/igorn/appdata/roaming/code/user/globalstorage/bmd.stm32-for-vscode/@xpack-dev-tools/arm-none-eabi-gcc/12.3.1-1.1.1/.content/bin/../lib/gcc/arm-none-eabi/12.3.1/thumb/v7e-m+fp/hard\libgcc.a(_dvmd_tls.o)

.debug_rnglists
                0x00000000      0xbf6
 .debug_rnglists
                0x00000000       0x1a build/debug/Core/Src/NOS_LIB_Driver/Src/NOS_BaseColors.o
 .debug_rnglists
                0x0000001a       0x3d build/debug/Core/Src/NOS_LIB_Driver/Src/NOS_Button.o
 .debug_rnglists
                0x00000057       0x13 build/debug/Core/Src/NOS_LIB_Driver/Src/NOS_GPIO.o
 .debug_rnglists
                0x0000006a       0x2b build/debug/Core/Src/NOS_LIB_Driver/Src/NOS_Math.o
 .debug_rnglists
                0x00000095       0x28 build/debug/Core/Src/NOS_LIB_Driver/Src/NOS_Strip_UART.o
 .debug_rnglists
                0x000000bd       0x3d build/debug/Core/Src/NOS_LIB_Driver/Src/NOS_Time.o
 .debug_rnglists
                0x000000fa       0x3e build/debug/Core/Src/NOS_LIB_Driver/Src/NOS_UART.o
 .debug_rnglists
                0x00000138       0x68 build/debug/Core/Src/NOS_LIB_Driver/Src/NOS_WS2812B_Strip.o
 .debug_rnglists
                0x000001a0       0x80 build/debug/Core/Src/NOS_LIB_Driver/Src/WS2812B_Core.o
 .debug_rnglists
                0x00000220       0x19 build/debug/Core/Src/NOS_LIB_Driver/Src/WS2812B_Effects.o
 .debug_rnglists
                0x00000239       0x3f build/debug/Core/Src/main.o
 .debug_rnglists
                0x00000278       0x43 build/debug/Core/Src/stm32f4xx_hal_msp.o
 .debug_rnglists
                0x000002bb       0x49 build/debug/Core/Src/stm32f4xx_it.o
 .debug_rnglists
                0x00000304       0x1a build/debug/Core/Src/system_stm32f4xx.o
 .debug_rnglists
                0x0000031e       0xaf build/debug/Drivers/STM32F4xx_HAL_Driver/Src/stm32f4xx_hal.o
 .debug_rnglists
                0x000003cd       0x9d build/debug/Drivers/STM32F4xx_HAL_Driver/Src/stm32f4xx_hal_cortex.o
 .debug_rnglists
                0x0000046a       0x6c build/debug/Drivers/STM32F4xx_HAL_Driver/Src/stm32f4xx_hal_dma.o
 .debug_rnglists
                0x000004d6       0x3f build/debug/Drivers/STM32F4xx_HAL_Driver/Src/stm32f4xx_hal_gpio.o
 .debug_rnglists
                0x00000515       0x75 build/debug/Drivers/STM32F4xx_HAL_Driver/Src/stm32f4xx_hal_rcc.o
 .debug_rnglists
                0x0000058a      0x302 build/debug/Drivers/STM32F4xx_HAL_Driver/Src/stm32f4xx_hal_tim.o
 .debug_rnglists
                0x0000088c      0x11b build/debug/Drivers/STM32F4xx_HAL_Driver/Src/stm32f4xx_hal_tim_ex.o
 .debug_rnglists
                0x000009a7      0x19b build/debug/Drivers/STM32F4xx_HAL_Driver/Src/stm32f4xx_hal_uart.o
 .debug_rnglists
                0x00000b42       0x19 build/debug/startup_stm32f407xx.o
 .debug_rnglists
                0x00000b5b       0x9b c:/users/igorn/appdata/roaming/code/user/globalstorage/bmd.stm32-for-vscode/@xpack-dev-tools/arm-none-eabi-gcc/12.3.1-1.1.1/.content/bin/../lib/gcc/arm-none-eabi/12.3.1/thumb/v7e-m+fp/hard\libgcc.a(_udivmoddi4.o)

.debug_line     0x00000000    0x125b0
 .debug_line    0x00000000      0x2b6 build/debug/Core/Src/NOS_LIB_Driver/Src/NOS_BaseColors.o
 .debug_line    0x000002b6      0x449 build/debug/Core/Src/NOS_LIB_Driver/Src/NOS_Button.o
 .debug_line    0x000006ff      0x2ae build/debug/Core/Src/NOS_LIB_Driver/Src/NOS_GPIO.o
 .debug_line    0x000009ad      0x1c3 build/debug/Core/Src/NOS_LIB_Driver/Src/NOS_Math.o
 .debug_line    0x00000b70      0x498 build/debug/Core/Src/NOS_LIB_Driver/Src/NOS_Strip_UART.o
 .debug_line    0x00001008      0x3ba build/debug/Core/Src/NOS_LIB_Driver/Src/NOS_Time.o
 .debug_line    0x000013c2      0x5c5 build/debug/Core/Src/NOS_LIB_Driver/Src/NOS_UART.o
 .debug_line    0x00001987      0x66f build/debug/Core/Src/NOS_LIB_Driver/Src/NOS_WS2812B_Strip.o
 .debug_line    0x00001ff6      0xa5a build/debug/Core/Src/NOS_LIB_Driver/Src/WS2812B_Core.o
 .debug_line    0x00002a50      0x26f build/debug/Core/Src/NOS_LIB_Driver/Src/WS2812B_Effects.o
 .debug_line    0x00002cbf      0x68b build/debug/Core/Src/main.o
 .debug_line    0x0000334a      0x51c build/debug/Core/Src/stm32f4xx_hal_msp.o
 .debug_line    0x00003866      0x378 build/debug/Core/Src/stm32f4xx_it.o
 .debug_line    0x00003bde      0x2f7 build/debug/Core/Src/system_stm32f4xx.o
 .debug_line    0x00003ed5      0x60f build/debug/Drivers/STM32F4xx_HAL_Driver/Src/stm32f4xx_hal.o
 .debug_line    0x000044e4      0x8ba build/debug/Drivers/STM32F4xx_HAL_Driver/Src/stm32f4xx_hal_cortex.o
 .debug_line    0x00004d9e      0xf03 build/debug/Drivers/STM32F4xx_HAL_Driver/Src/stm32f4xx_hal_dma.o
 .debug_line    0x00005ca1      0x766 build/debug/Drivers/STM32F4xx_HAL_Driver/Src/stm32f4xx_hal_gpio.o
 .debug_line    0x00006407      0xbac build/debug/Drivers/STM32F4xx_HAL_Driver/Src/stm32f4xx_hal_rcc.o
 .debug_line    0x00006fb3     0x4aea build/debug/Drivers/STM32F4xx_HAL_Driver/Src/stm32f4xx_hal_tim.o
 .debug_line    0x0000ba9d     0x1dd0 build/debug/Drivers/STM32F4xx_HAL_Driver/Src/stm32f4xx_hal_tim_ex.o
 .debug_line    0x0000d86d     0x4684 build/debug/Drivers/STM32F4xx_HAL_Driver/Src/stm32f4xx_hal_uart.o
 .debug_line    0x00011ef1       0x76 build/debug/startup_stm32f407xx.o
 .debug_line    0x00011f67       0x4e c:/users/igorn/appdata/roaming/code/user/globalstorage/bmd.stm32-for-vscode/@xpack-dev-tools/arm-none-eabi-gcc/12.3.1-1.1.1/.content/bin/../lib/gcc/arm-none-eabi/12.3.1/thumb/v7e-m+fp/hard\libgcc.a(_aeabi_uldivmod.o)
 .debug_line    0x00011fb5      0x5b1 c:/users/igorn/appdata/roaming/code/user/globalstorage/bmd.stm32-for-vscode/@xpack-dev-tools/arm-none-eabi-gcc/12.3.1-1.1.1/.content/bin/../lib/gcc/arm-none-eabi/12.3.1/thumb/v7e-m+fp/hard\libgcc.a(_udivmoddi4.o)
 .debug_line    0x00012566       0x4a c:/users/igorn/appdata/roaming/code/user/globalstorage/bmd.stm32-for-vscode/@xpack-dev-tools/arm-none-eabi-gcc/12.3.1-1.1.1/.content/bin/../lib/gcc/arm-none-eabi/12.3.1/thumb/v7e-m+fp/hard\libgcc.a(_dvmd_tls.o)

.debug_str      0x00000000     0x554a
 .debug_str     0x00000000      0x202 build/debug/Core/Src/NOS_LIB_Driver/Src/NOS_BaseColors.o
                                0x255 (size before relaxing)
 .debug_str     0x00000202      0x20b build/debug/Core/Src/NOS_LIB_Driver/Src/NOS_Button.o
                                0x377 (size before relaxing)
 .debug_str     0x0000040d       0xb0 build/debug/Core/Src/NOS_LIB_Driver/Src/NOS_GPIO.o
                                0x28f (size before relaxing)
 .debug_str     0x000004bd       0xda build/debug/Core/Src/NOS_LIB_Driver/Src/NOS_Math.o
                                0x243 (size before relaxing)
 .debug_str     0x00000597      0x1cb build/debug/Core/Src/NOS_LIB_Driver/Src/NOS_Strip_UART.o
                                0x3ba (size before relaxing)
 .debug_str     0x00000762      0x16a build/debug/Core/Src/NOS_LIB_Driver/Src/NOS_Time.o
                                0x30b (size before relaxing)
 .debug_str     0x000008cc      0x5f9 build/debug/Core/Src/NOS_LIB_Driver/Src/NOS_UART.o
                                0x7fb (size before relaxing)
 .debug_str     0x00000ec5      0x1ca build/debug/Core/Src/NOS_LIB_Driver/Src/NOS_WS2812B_Strip.o
                                0x5b6 (size before relaxing)
 .debug_str     0x0000108f      0xcc5 build/debug/Core/Src/NOS_LIB_Driver/Src/WS2812B_Core.o
                               0x1198 (size before relaxing)
 .debug_str     0x00001d54       0x67 build/debug/Core/Src/NOS_LIB_Driver/Src/WS2812B_Effects.o
                                0x2b3 (size before relaxing)
 .debug_str     0x00001dbb      0x794 build/debug/Core/Src/main.o
                               0x1810 (size before relaxing)
 .debug_str     0x0000254f       0xf5 build/debug/Core/Src/stm32f4xx_hal_msp.o
                               0x14f8 (size before relaxing)
 .debug_str     0x00002644       0xd2 build/debug/Core/Src/stm32f4xx_it.o
                                0x970 (size before relaxing)
 .debug_str     0x00002716       0xc8 build/debug/Core/Src/system_stm32f4xx.o
                                0x348 (size before relaxing)
 .debug_str     0x000027de      0x34c build/debug/Drivers/STM32F4xx_HAL_Driver/Src/stm32f4xx_hal.o
                                0xb37 (size before relaxing)
 .debug_str     0x00002b2a      0x41d build/debug/Drivers/STM32F4xx_HAL_Driver/Src/stm32f4xx_hal_cortex.o
                                0xbff (size before relaxing)
 .debug_str     0x00002f47      0x2b8 build/debug/Drivers/STM32F4xx_HAL_Driver/Src/stm32f4xx_hal_dma.o
                                0x749 (size before relaxing)
 .debug_str     0x000031ff       0xec build/debug/Drivers/STM32F4xx_HAL_Driver/Src/stm32f4xx_hal_gpio.o
                                0x4b3 (size before relaxing)
 .debug_str     0x000032eb      0x1a1 build/debug/Drivers/STM32F4xx_HAL_Driver/Src/stm32f4xx_hal_rcc.o
                                0x6d9 (size before relaxing)
 .debug_str     0x0000348c      0xe25 build/debug/Drivers/STM32F4xx_HAL_Driver/Src/stm32f4xx_hal_tim.o
                               0x16c2 (size before relaxing)
 .debug_str     0x000042b1      0x55b build/debug/Drivers/STM32F4xx_HAL_Driver/Src/stm32f4xx_hal_tim_ex.o
                                0xede (size before relaxing)
 .debug_str     0x0000480c      0x59c build/debug/Drivers/STM32F4xx_HAL_Driver/Src/stm32f4xx_hal_uart.o
                                0xd2c (size before relaxing)
 .debug_str     0x00004da8       0x32 build/debug/startup_stm32f407xx.o
                                 0x51 (size before relaxing)
 .debug_str     0x00004dda      0x112 c:/users/igorn/appdata/roaming/code/user/globalstorage/bmd.stm32-for-vscode/@xpack-dev-tools/arm-none-eabi-gcc/12.3.1-1.1.1/.content/bin/../lib/gcc/arm-none-eabi/12.3.1/thumb/v7e-m+fp/hard\libgcc.a(_aeabi_uldivmod.o)
                                0x120 (size before relaxing)
 .debug_str     0x00004eec      0x5d3 c:/users/igorn/appdata/roaming/code/user/globalstorage/bmd.stm32-for-vscode/@xpack-dev-tools/arm-none-eabi-gcc/12.3.1-1.1.1/.content/bin/../lib/gcc/arm-none-eabi/12.3.1/thumb/v7e-m+fp/hard\libgcc.a(_udivmoddi4.o)
                                0x72a (size before relaxing)
 .debug_str     0x000054bf       0x8b c:/users/igorn/appdata/roaming/code/user/globalstorage/bmd.stm32-for-vscode/@xpack-dev-tools/arm-none-eabi-gcc/12.3.1-1.1.1/.content/bin/../lib/gcc/arm-none-eabi/12.3.1/thumb/v7e-m+fp/hard\libgcc.a(_dvmd_tls.o)
                                0x140 (size before relaxing)

.debug_frame    0x00000000     0x2650
 .debug_frame   0x00000000       0x40 build/debug/Core/Src/NOS_LIB_Driver/Src/NOS_BaseColors.o
 .debug_frame   0x00000040       0x98 build/debug/Core/Src/NOS_LIB_Driver/Src/NOS_Button.o
 .debug_frame   0x000000d8       0x2c build/debug/Core/Src/NOS_LIB_Driver/Src/NOS_GPIO.o
 .debug_frame   0x00000104       0x60 build/debug/Core/Src/NOS_LIB_Driver/Src/NOS_Math.o
 .debug_frame   0x00000164       0x4c build/debug/Core/Src/NOS_LIB_Driver/Src/NOS_Strip_UART.o
 .debug_frame   0x000001b0       0x90 build/debug/Core/Src/NOS_LIB_Driver/Src/NOS_Time.o
 .debug_frame   0x00000240       0xac build/debug/Core/Src/NOS_LIB_Driver/Src/NOS_UART.o
 .debug_frame   0x000002ec      0x1e8 build/debug/Core/Src/NOS_LIB_Driver/Src/NOS_WS2812B_Strip.o
 .debug_frame   0x000004d4      0x1b4 build/debug/Core/Src/NOS_LIB_Driver/Src/WS2812B_Core.o
 .debug_frame   0x00000688       0x40 build/debug/Core/Src/NOS_LIB_Driver/Src/WS2812B_Effects.o
 .debug_frame   0x000006c8       0xd0 build/debug/Core/Src/main.o
 .debug_frame   0x00000798      0x108 build/debug/Core/Src/stm32f4xx_hal_msp.o
 .debug_frame   0x000008a0       0xc0 build/debug/Core/Src/stm32f4xx_it.o
 .debug_frame   0x00000960       0x30 build/debug/Core/Src/system_stm32f4xx.o
 .debug_frame   0x00000990      0x1ec build/debug/Drivers/STM32F4xx_HAL_Driver/Src/stm32f4xx_hal.o
 .debug_frame   0x00000b7c      0x1cc build/debug/Drivers/STM32F4xx_HAL_Driver/Src/stm32f4xx_hal_cortex.o
 .debug_frame   0x00000d48      0x188 build/debug/Drivers/STM32F4xx_HAL_Driver/Src/stm32f4xx_hal_dma.o
 .debug_frame   0x00000ed0       0xd8 build/debug/Drivers/STM32F4xx_HAL_Driver/Src/stm32f4xx_hal_gpio.o
 .debug_frame   0x00000fa8      0x16c build/debug/Drivers/STM32F4xx_HAL_Driver/Src/stm32f4xx_hal_rcc.o
 .debug_frame   0x00001114      0xb0c build/debug/Drivers/STM32F4xx_HAL_Driver/Src/stm32f4xx_hal_tim.o
 .debug_frame   0x00001c20      0x40c build/debug/Drivers/STM32F4xx_HAL_Driver/Src/stm32f4xx_hal_tim_ex.o
 .debug_frame   0x0000202c      0x5c4 build/debug/Drivers/STM32F4xx_HAL_Driver/Src/stm32f4xx_hal_uart.o
 .debug_frame   0x000025f0       0x2c c:/users/igorn/appdata/roaming/code/user/globalstorage/bmd.stm32-for-vscode/@xpack-dev-tools/arm-none-eabi-gcc/12.3.1-1.1.1/.content/bin/../lib/gcc/arm-none-eabi/12.3.1/thumb/v7e-m+fp/hard\libgcc.a(_aeabi_uldivmod.o)
 .debug_frame   0x0000261c       0x34 c:/users/igorn/appdata/roaming/code/user/globalstorage/bmd.stm32-for-vscode/@xpack-dev-tools/arm-none-eabi-gcc/12.3.1-1.1.1/.content/bin/../lib/gcc/arm-none-eabi/12.3.1/thumb/v7e-m+fp/hard\libgcc.a(_udivmoddi4.o)

.debug_line_str
                0x00000000      0x153
 .debug_line_str
                0x00000000       0x35 build/debug/startup_stm32f407xx.o
 .debug_line_str
                0x00000035      0x112 c:/users/igorn/appdata/roaming/code/user/globalstorage/bmd.stm32-for-vscode/@xpack-dev-tools/arm-none-eabi-gcc/12.3.1-1.1.1/.content/bin/../lib/gcc/arm-none-eabi/12.3.1/thumb/v7e-m+fp/hard\libgcc.a(_aeabi_uldivmod.o)
 .debug_line_str
                0x00000147        0xc c:/users/igorn/appdata/roaming/code/user/globalstorage/bmd.stm32-for-vscode/@xpack-dev-tools/arm-none-eabi-gcc/12.3.1-1.1.1/.content/bin/../lib/gcc/arm-none-eabi/12.3.1/thumb/v7e-m+fp/hard\libgcc.a(_dvmd_tls.o)
                                0x116 (size before relaxing)

Cross Reference Table

Symbol                                            File
ADC_IRQHandler                                    build/debug/startup_stm32f407xx.o
AHBPrescTable                                     build/debug/Core/Src/system_stm32f4xx.o
                                                  build/debug/Drivers/STM32F4xx_HAL_Driver/Src/stm32f4xx_hal_rcc.o
APBPrescTable                                     build/debug/Core/Src/system_stm32f4xx.o
                                                  build/debug/Drivers/STM32F4xx_HAL_Driver/Src/stm32f4xx_hal_rcc.o
Attemption                                        build/debug/Core/Src/NOS_LIB_Driver/Src/WS2812B.o
BusFault_Handler                                  build/debug/Core/Src/stm32f4xx_it.o
CAN1_RX0_IRQHandler                               build/debug/startup_stm32f407xx.o
CAN1_RX1_IRQHandler                               build/debug/startup_stm32f407xx.o
CAN1_SCE_IRQHandler                               build/debug/startup_stm32f407xx.o
CAN1_TX_IRQHandler                                build/debug/startup_stm32f407xx.o
CAN2_RX0_IRQHandler                               build/debug/startup_stm32f407xx.o
CAN2_RX1_IRQHandler                               build/debug/startup_stm32f407xx.o
CAN2_SCE_IRQHandler                               build/debug/startup_stm32f407xx.o
CAN2_TX_IRQHandler                                build/debug/startup_stm32f407xx.o
Celcium                                           build/debug/Core/Src/NOS_LIB_Driver/Src/WS2812B.o
DCMI_IRQHandler                                   build/debug/startup_stm32f407xx.o
DMA1_Stream0_IRQHandler                           build/debug/startup_stm32f407xx.o
DMA1_Stream1_IRQHandler                           build/debug/startup_stm32f407xx.o
DMA1_Stream2_IRQHandler                           build/debug/startup_stm32f407xx.o
DMA1_Stream3_IRQHandler                           build/debug/startup_stm32f407xx.o
DMA1_Stream4_IRQHandler                           build/debug/startup_stm32f407xx.o
DMA1_Stream5_IRQHandler                           build/debug/startup_stm32f407xx.o
DMA1_Stream6_IRQHandler                           build/debug/startup_stm32f407xx.o
DMA1_Stream7_IRQHandler                           build/debug/startup_stm32f407xx.o
DMA2_Stream0_IRQHandler                           build/debug/startup_stm32f407xx.o
DMA2_Stream1_IRQHandler                           build/debug/startup_stm32f407xx.o
DMA2_Stream2_IRQHandler                           build/debug/Core/Src/NOS_LIB_Driver/Src/WS2812B_Core.o
DMA2_Stream3_IRQHandler                           build/debug/startup_stm32f407xx.o
DMA2_Stream4_IRQHandler                           build/debug/startup_stm32f407xx.o
DMA2_Stream5_IRQHandler                           build/debug/startup_stm32f407xx.o
DMA2_Stream6_IRQHandler                           build/debug/startup_stm32f407xx.o
DMA2_Stream7_IRQHandler                           build/debug/startup_stm32f407xx.o
DMA_TransferCompleteHandler                       build/debug/Core/Src/NOS_LIB_Driver/Src/WS2812B_Core.o
DMA_TransferError                                 build/debug/Core/Src/NOS_LIB_Driver/Src/WS2812B_Core.o
DMA_TransferHalfHandler                           build/debug/Core/Src/NOS_LIB_Driver/Src/WS2812B_Core.o
DataVar                                           build/debug/Core/Src/NOS_LIB_Driver/Src/NOS_FlashMemory.o
DebugMon_Handler                                  build/debug/Core/Src/stm32f4xx_it.o
Default_Handler                                   build/debug/startup_stm32f407xx.o
Dot                                               build/debug/Core/Src/NOS_LIB_Driver/Src/WS2812B.o
DoubleDot                                         build/debug/Core/Src/NOS_LIB_Driver/Src/WS2812B.o
EE_Init                                           build/debug/Core/Src/NOS_LIB_Driver/Src/NOS_FlashMemory.o
EE_ReadVariable                                   build/debug/Core/Src/NOS_LIB_Driver/Src/NOS_FlashMemory.o
EE_WriteVariable                                  build/debug/Core/Src/NOS_LIB_Driver/Src/NOS_FlashMemory.o
ETH_IRQHandler                                    build/debug/startup_stm32f407xx.o
ETH_WKUP_IRQHandler                               build/debug/startup_stm32f407xx.o
EXTI0_IRQHandler                                  build/debug/startup_stm32f407xx.o
EXTI15_10_IRQHandler                              build/debug/startup_stm32f407xx.o
EXTI1_IRQHandler                                  build/debug/startup_stm32f407xx.o
EXTI2_IRQHandler                                  build/debug/startup_stm32f407xx.o
EXTI3_IRQHandler                                  build/debug/Core/Src/main.o
EXTI4_IRQHandler                                  build/debug/startup_stm32f407xx.o
EXTI9_5_IRQHandler                                build/debug/startup_stm32f407xx.o
Eng_A                                             build/debug/Core/Src/NOS_LIB_Driver/Src/WS2812B.o
Eng_B                                             build/debug/Core/Src/NOS_LIB_Driver/Src/WS2812B.o
Eng_C                                             build/debug/Core/Src/NOS_LIB_Driver/Src/WS2812B.o
Eng_D                                             build/debug/Core/Src/NOS_LIB_Driver/Src/WS2812B.o
Eng_E                                             build/debug/Core/Src/NOS_LIB_Driver/Src/WS2812B.o
Eng_F                                             build/debug/Core/Src/NOS_LIB_Driver/Src/WS2812B.o
Eng_G                                             build/debug/Core/Src/NOS_LIB_Driver/Src/WS2812B.o
Eng_H                                             build/debug/Core/Src/NOS_LIB_Driver/Src/WS2812B.o
Eng_I                                             build/debug/Core/Src/NOS_LIB_Driver/Src/WS2812B.o
Eng_J                                             build/debug/Core/Src/NOS_LIB_Driver/Src/WS2812B.o
Eng_K                                             build/debug/Core/Src/NOS_LIB_Driver/Src/WS2812B.o
Eng_L                                             build/debug/Core/Src/NOS_LIB_Driver/Src/WS2812B.o
Eng_M                                             build/debug/Core/Src/NOS_LIB_Driver/Src/WS2812B.o
Eng_N                                             build/debug/Core/Src/NOS_LIB_Driver/Src/WS2812B.o
Eng_O                                             build/debug/Core/Src/NOS_LIB_Driver/Src/WS2812B.o
Eng_P                                             build/debug/Core/Src/NOS_LIB_Driver/Src/WS2812B.o
Eng_Q                                             build/debug/Core/Src/NOS_LIB_Driver/Src/WS2812B.o
Eng_R                                             build/debug/Core/Src/NOS_LIB_Driver/Src/WS2812B.o
Eng_S                                             build/debug/Core/Src/NOS_LIB_Driver/Src/WS2812B.o
Eng_T                                             build/debug/Core/Src/NOS_LIB_Driver/Src/WS2812B.o
Eng_U                                             build/debug/Core/Src/NOS_LIB_Driver/Src/WS2812B.o
Eng_V                                             build/debug/Core/Src/NOS_LIB_Driver/Src/WS2812B.o
Eng_W                                             build/debug/Core/Src/NOS_LIB_Driver/Src/WS2812B.o
Eng_X                                             build/debug/Core/Src/NOS_LIB_Driver/Src/WS2812B.o
Eng_Y                                             build/debug/Core/Src/NOS_LIB_Driver/Src/WS2812B.o
Eng_Z                                             build/debug/Core/Src/NOS_LIB_Driver/Src/WS2812B.o
Eng_a                                             build/debug/Core/Src/NOS_LIB_Driver/Src/WS2812B.o
Eng_c                                             build/debug/Core/Src/NOS_LIB_Driver/Src/WS2812B.o
Eng_o                                             build/debug/Core/Src/NOS_LIB_Driver/Src/WS2812B.o
Eng_r                                             build/debug/Core/Src/NOS_LIB_Driver/Src/WS2812B.o
Eng_u                                             build/debug/Core/Src/NOS_LIB_Driver/Src/WS2812B.o
Eng_v                                             build/debug/Core/Src/NOS_LIB_Driver/Src/WS2812B.o
Error_Handler                                     build/debug/Core/Src/main.o
FLASH_Erase_Sector                                build/debug/Drivers/STM32F4xx_HAL_Driver/Src/stm32f4xx_hal_flash_ex.o
                                                  build/debug/Drivers/STM32F4xx_HAL_Driver/Src/stm32f4xx_hal_flash.o
FLASH_FlushCaches                                 build/debug/Drivers/STM32F4xx_HAL_Driver/Src/stm32f4xx_hal_flash_ex.o
                                                  build/debug/Drivers/STM32F4xx_HAL_Driver/Src/stm32f4xx_hal_flash.o
FLASH_IRQHandler                                  build/debug/startup_stm32f407xx.o
FLASH_WaitForLastOperation                        build/debug/Drivers/STM32F4xx_HAL_Driver/Src/stm32f4xx_hal_flash.o
                                                  build/debug/Drivers/STM32F4xx_HAL_Driver/Src/stm32f4xx_hal_flash_ex.o
FPU_IRQHandler                                    build/debug/startup_stm32f407xx.o
FSMC_IRQHandler                                   build/debug/startup_stm32f407xx.o
FullSym                                           build/debug/Core/Src/NOS_LIB_Driver/Src/WS2812B.o
GetPixelPos                                       build/debug/Core/Src/NOS_LIB_Driver/Src/WS2812B.o
GetRandomFigure                                   build/debug/Core/Src/NOS_16_Games/Tetris/NOS_WS2812B_TetrisGame.o
HAL_DBGMCU_DisableDBGSleepMode                    build/debug/Drivers/STM32F4xx_HAL_Driver/Src/stm32f4xx_hal.o
HAL_DBGMCU_DisableDBGStandbyMode                  build/debug/Drivers/STM32F4xx_HAL_Driver/Src/stm32f4xx_hal.o
HAL_DBGMCU_DisableDBGStopMode                     build/debug/Drivers/STM32F4xx_HAL_Driver/Src/stm32f4xx_hal.o
HAL_DBGMCU_EnableDBGSleepMode                     build/debug/Drivers/STM32F4xx_HAL_Driver/Src/stm32f4xx_hal.o
HAL_DBGMCU_EnableDBGStandbyMode                   build/debug/Drivers/STM32F4xx_HAL_Driver/Src/stm32f4xx_hal.o
HAL_DBGMCU_EnableDBGStopMode                      build/debug/Drivers/STM32F4xx_HAL_Driver/Src/stm32f4xx_hal.o
HAL_DMAEx_ChangeMemory                            build/debug/Drivers/STM32F4xx_HAL_Driver/Src/stm32f4xx_hal_dma_ex.o
HAL_DMAEx_MultiBufferStart                        build/debug/Drivers/STM32F4xx_HAL_Driver/Src/stm32f4xx_hal_dma_ex.o
HAL_DMAEx_MultiBufferStart_IT                     build/debug/Drivers/STM32F4xx_HAL_Driver/Src/stm32f4xx_hal_dma_ex.o
HAL_DMA_Abort                                     build/debug/Drivers/STM32F4xx_HAL_Driver/Src/stm32f4xx_hal_dma.o
                                                  build/debug/Drivers/STM32F4xx_HAL_Driver/Src/stm32f4xx_hal_uart.o
                                                  build/debug/Drivers/STM32F4xx_HAL_Driver/Src/stm32f4xx_hal_spi.o
HAL_DMA_Abort_IT                                  build/debug/Drivers/STM32F4xx_HAL_Driver/Src/stm32f4xx_hal_dma.o
                                                  build/debug/Drivers/STM32F4xx_HAL_Driver/Src/stm32f4xx_hal_uart.o
                                                  build/debug/Drivers/STM32F4xx_HAL_Driver/Src/stm32f4xx_hal_tim_ex.o